 HanReportForClient

 Timestamp is 48bb4f87 (Mon Sep 01 11:12:23 2008)

 Preferred load address is 10000000

 Start         Length     Name                   Class
 0001:00000000 0001b24aH .text                   CODE
 0001:0001b250 0000096bH .text$x                 CODE
 0001:0001bbc0 0000011bH .text$yc                CODE
 0001:0001bce0 000001d2H .text$yd                CODE
 0002:00000000 000001b0H .idata$5                DATA
 0002:000001b0 00000004H .CRT$XCA                DATA
 0002:000001b4 0000002cH .CRT$XCU                DATA
 0002:000001e0 00000004H .CRT$XCZ                DATA
 0002:000001e4 00000004H .CRT$XIA                DATA
 0002:000001e8 00000014H .CRT$XIC                DATA
 0002:000001fc 00000004H .CRT$XIZ                DATA
 0002:00000200 00000004H .CRT$XPA                DATA
 0002:00000204 00000004H .CRT$XPX                DATA
 0002:00000208 00000004H .CRT$XPXA               DATA
 0002:0000020c 00000004H .CRT$XPZ                DATA
 0002:00000210 00000004H .CRT$XTA                DATA
 0002:00000214 00000004H .CRT$XTZ                DATA
 0002:00000220 0000590cH .rdata                  DATA
 0002:00005b2c 0000006cH .rdata$debug            DATA
 0002:00005b98 000003b4H .rdata$r                DATA
 0002:00005f4c 00000004H .rtc$IAA                DATA
 0002:00005f50 00000004H .rtc$IZZ                DATA
 0002:00005f54 00000004H .rtc$TAA                DATA
 0002:00005f58 00000004H .rtc$TZZ                DATA
 0002:00005f60 00000e80H .xdata$x                DATA
 0002:00006de0 00000064H .idata$2                DATA
 0002:00006e44 00000014H .idata$3                DATA
 0002:00006e58 000001b0H .idata$4                DATA
 0002:00007008 000007c8H .idata$6                DATA
 0002:000077d0 0000019fH .edata                  DATA
 0003:00000000 000015c0H .data                   DATA
 0003:000015c0 00007cc4H .bss                    DATA
 0004:00000000 000000e8H .rsrc$01                DATA
 0004:000000f0 00000830H .rsrc$02                DATA

  Address         Publics by Value              Rva+Base       Lib:Object

 0000:00000000       __except_list              00000000     <absolute>
 0000:00000000       ___safe_se_handler_table   00000000     <absolute>
 0000:00000000       ___safe_se_handler_count   00000000     <absolute>
 0000:00000000       ___ImageBase               10000000     <linker-defined>
 0001:00000000       _DllMain@12                10001000 f   HanReportForClient.obj
 0001:00000020       ??1bad_alloc@std@@UAE@XZ   10001020 f i HanReportForClientImpl.obj
 0001:00000030       ??_Gbad_alloc@std@@UAEPAXI@Z 10001030 f i HanReportForClientImpl.obj
 0001:00000030       ??_Ebad_alloc@std@@UAEPAXI@Z 10001030 f i HanReportForClientImpl.obj
 0001:00000060       ?compare@?$char_traits@D@std@@SAHPBD0I@Z 10001060 f i HanReportForClientImpl.obj
 0001:000000f0       ?Weblog_Handler_Func@@YA_NXZ 100010f0 f   HanReportForClientImpl.obj
 0001:00000150       ?HanReportGetNationCode@@YGHPADPAH@Z 10001150 f   HanReportForClientImpl.obj
 0001:00000220       ?HanReportGetServiceTypeCode@@YGHPADPAH@Z 10001220 f   HanReportForClientImpl.obj
 0001:000002f0       ?HanReportGetSiteCode@@YGHPADPAH@Z 100012f0 f   HanReportForClientImpl.obj
 0001:000003c0       ?_Myptr@?$basic_string@DU?$char_traits@D@std@@V?$allocator@D@2@@std@@IBEPBDXZ 100013c0 f i HanReportForClientImpl.obj
 0001:000003d0       ??$_Allocate@D@std@@YAPADIPAD@Z 100013d0 f i HanReportForClientImpl.obj
 0001:00000430       ??0bad_alloc@std@@QAE@ABV01@@Z 10001430 f i HanReportForClientImpl.obj
 0001:00000450       ?find@?$basic_string@DU?$char_traits@D@std@@V?$allocator@D@2@@std@@QBEIPBDII@Z 10001450 f i HanReportForClientImpl.obj
 0001:00000510       ??$move_s@U?$char_traits@D@std@@@_Traits_helper@std@@YAPADPADIPBDI@Z 10001510 f i HanReportForClientImpl.obj
 0001:00000540       ?erase@?$basic_string@DU?$char_traits@D@std@@V?$allocator@D@2@@std@@QAEAAV12@II@Z 10001540 f i HanReportForClientImpl.obj
 0001:000005d0       ?_Copy@?$basic_string@DU?$char_traits@D@std@@V?$allocator@D@2@@std@@IAEXII@Z 100015d0 f i HanReportForClientImpl.obj
 0001:00000720       ??1LogBuilder@@QAE@XZ      10001720 f i HanReportForClientImpl.obj
 0001:00000750       ?ConvertHexToString@@YAXPADPAEH@Z 10001750 f   HanReportForClientImpl.obj
 0001:00000810       ?assign@?$basic_string@DU?$char_traits@D@std@@V?$allocator@D@2@@std@@QAEAAV12@ABV12@II@Z 10001810 f i HanReportForClientImpl.obj
 0001:000008f0       ?replace@?$basic_string@DU?$char_traits@D@std@@V?$allocator@D@2@@std@@QAEAAV12@IIABV12@II@Z 100018f0 f i HanReportForClientImpl.obj
 0001:00000ca0       ?assign@?$basic_string@DU?$char_traits@D@std@@V?$allocator@D@2@@std@@QAEAAV12@PBDI@Z 10001ca0 f i HanReportForClientImpl.obj
 0001:00000d70       ?HanReportConvertMD5@@YGHPAD0@Z 10001d70 f   HanReportForClientImpl.obj
 0001:00000e80       ??0?$basic_string@DU?$char_traits@D@std@@V?$allocator@D@2@@std@@QAE@PBD@Z 10001e80 f i HanReportForClientImpl.obj
 0001:00000ec0       ?HanReportInit@@YGHPADH_N@Z 10001ec0 f   HanReportForClientImpl.obj
 0001:000016a0       ?HanReportSendSync@@YAHPAD0@Z 100026a0 f   HanReportForClientImpl.obj
 0001:000018b0       ?HanReportSendPosLogSync@@YGHPAD@Z 100028b0 f   HanReportForClientImpl.obj
 0001:00001be0       ?HanReportSend@@YGHPAD0@Z  10002be0 f   HanReportForClientImpl.obj
 0001:00001df0       ?HanReportInitWithDump@@YGHPADH@Z 10002df0 f   HanReportForClientImpl.obj
 0001:00001e10       ?HanReportInitGameString@@YGHPAD_N@Z 10002e10 f   HanReportForClientImpl.obj
 0001:00001f30       ?HanReportSendPosLog@@YGHPAD@Z 10002f30 f   HanReportForClientImpl.obj
 0001:00002370       ?HanReportInitGameStringWithDump@@YGHPAD@Z 10003370 f   HanReportForClientImpl.obj
 0001:00002380       ??0CMD5@@QAE@XZ            10003380 f   MD5.obj
 0001:00002390       ??1CMD5@@UAE@XZ            10003390 f   MD5.obj
 0001:000023a0       ?Init@CMD5@@QAEXXZ         100033a0 f   MD5.obj
 0001:000023d0       ?Process@CMD5@@IAEXPBE@Z   100033d0 f   MD5.obj
 0001:00002b20       ??_GCMD5@@UAEPAXI@Z        10003b20 f i MD5.obj
 0001:00002b20       ??_ECMD5@@UAEPAXI@Z        10003b20 f i MD5.obj
 0001:00002b40       ?Append@CMD5@@QAEXPBEH@Z   10003b40 f   MD5.obj
 0001:00002c10       ?Finish@CMD5@@QAEXQAE@Z    10003c10 f   MD5.obj
 0001:00002cd0       ??3@YAXPAX0@Z              10003cd0 f i MetpParser:MetpParser.obj
 0001:00002ce0       ??0CItemData@CMetpParser@hgx@@QAE@PBDH@Z 10003ce0 f i MetpParser:MetpParser.obj
 0001:00002d70       ?ChecknGetRawLength@CMetpParser@hgx@@IAEHPBDH@Z 10003d70 f   MetpParser:MetpParser.obj
 0001:00002fb0       ?GetFirstKeyPos@CMetpParser@hgx@@IAEPADPBD@Z 10003fb0 f   MetpParser:MetpParser.obj
 0001:00003060       ?allocNewItemData@CMetpParser@hgx@@IAEPAVCItemData@12@PBDH@Z 10004060 f   MetpParser:MetpParser.obj
 0001:000030d0       ?IsConst@CMetpParser@hgx@@UAE_NXZ 100040d0 f   MetpParser:MetpParser.obj
 0001:000030e0       ?_Max@?$_Tree@V?$_Tmap_traits@V?$basic_string@DU?$char_traits@D@std@@V?$allocator@D@2@@std@@PAVCItemData@CMetpParser@hgx@@U?$less@V?$basic_string@DU?$char_traits@D@std@@V?$allocator@D@2@@std@@@2@V?$allocator@U?$pair@$$CBV?$basic_string@DU?$char_traits@D@std@@V?$allocator@D@2@@std@@PAVCItemData@CMetpParser@hgx@@@std@@@2@$0A@@std@@@std@@KGPAU_Node@?$_Tree_nod@V?$_Tmap_traits@V?$basic_string@DU?$char_traits@D@std@@V?$allocator@D@2@@std@@PAVCItemData@CMetpParser@hgx@@U?$less@V?$basic_string@DU?$char_traits@D@std@@V?$allocator@D@2@@std@@@2@V?$allocator@U?$pair@$$CBV?$basic_string@DU?$char_traits@D@std@@V?$allocator@D@2@@std@@PAVCItemData@CMetpParser@hgx@@@std@@@2@$0A@@std@@@2@PAU342@@Z 100040e0 f i MetpParser:MetpParser.obj
 0001:00003100       ?_Min@?$_Tree@V?$_Tmap_traits@V?$basic_string@DU?$char_traits@D@std@@V?$allocator@D@2@@std@@PAVCItemData@CMetpParser@hgx@@U?$less@V?$basic_string@DU?$char_traits@D@std@@V?$allocator@D@2@@std@@@2@V?$allocator@U?$pair@$$CBV?$basic_string@DU?$char_traits@D@std@@V?$allocator@D@2@@std@@PAVCItemData@CMetpParser@hgx@@@std@@@2@$0A@@std@@@std@@KGPAU_Node@?$_Tree_nod@V?$_Tmap_traits@V?$basic_string@DU?$char_traits@D@std@@V?$allocator@D@2@@std@@PAVCItemData@CMetpParser@hgx@@U?$less@V?$basic_string@DU?$char_traits@D@std@@V?$allocator@D@2@@std@@@2@V?$allocator@U?$pair@$$CBV?$basic_string@DU?$char_traits@D@std@@V?$allocator@D@2@@std@@PAVCItemData@CMetpParser@hgx@@@std@@@2@$0A@@std@@@2@PAU342@@Z 10004100 f i MetpParser:MetpParser.obj
 0001:00003120       ?_Rrotate@?$_Tree@V?$_Tmap_traits@V?$basic_string@DU?$char_traits@D@std@@V?$allocator@D@2@@std@@PAVCItemData@CMetpParser@hgx@@U?$less@V?$basic_string@DU?$char_traits@D@std@@V?$allocator@D@2@@std@@@2@V?$allocator@U?$pair@$$CBV?$basic_string@DU?$char_traits@D@std@@V?$allocator@D@2@@std@@PAVCItemData@CMetpParser@hgx@@@std@@@2@$0A@@std@@@std@@IAEXPAU_Node@?$_Tree_nod@V?$_Tmap_traits@V?$basic_string@DU?$char_traits@D@std@@V?$allocator@D@2@@std@@PAVCItemData@CMetpParser@hgx@@U?$less@V?$basic_string@DU?$char_traits@D@std@@V?$allocator@D@2@@std@@@2@V?$allocator@U?$pair@$$CBV?$basic_string@DU?$char_traits@D@std@@V?$allocator@D@2@@std@@PAVCItemData@CMetpParser@hgx@@@std@@@2@$0A@@std@@@2@@Z 10004120 f i MetpParser:MetpParser.obj
 0001:00003180       ?_Inc@const_iterator@?$_Tree@V?$_Tmap_traits@V?$basic_string@DU?$char_traits@D@std@@V?$allocator@D@2@@std@@PAVCItemData@CMetpParser@hgx@@U?$less@V?$basic_string@DU?$char_traits@D@std@@V?$allocator@D@2@@std@@@2@V?$allocator@U?$pair@$$CBV?$basic_string@DU?$char_traits@D@std@@V?$allocator@D@2@@std@@PAVCItemData@CMetpParser@hgx@@@std@@@2@$0A@@std@@@std@@QAEXXZ 10004180 f i MetpParser:MetpParser.obj
 0001:000031f0       ?_Dec@const_iterator@?$_Tree@V?$_Tmap_traits@V?$basic_string@DU?$char_traits@D@std@@V?$allocator@D@2@@std@@PAVCItemData@CMetpParser@hgx@@U?$less@V?$basic_string@DU?$char_traits@D@std@@V?$allocator@D@2@@std@@@2@V?$allocator@U?$pair@$$CBV?$basic_string@DU?$char_traits@D@std@@V?$allocator@D@2@@std@@PAVCItemData@CMetpParser@hgx@@@std@@@2@$0A@@std@@@std@@QAEXXZ 100041f0 f i MetpParser:MetpParser.obj
 0001:00003280       ?SetURL@CMetpParser@hgx@@IAE_NPBDH0@Z 10004280 f   MetpParser:MetpParser.obj
 0001:000035f0       ?UnZipMetp@CMetpParser@hgx@@IAE_NPAPAEPAKPAEK@Z 100045f0 f   MetpParser:MetpParser.obj
 0001:000037e0       ?compare@?$basic_string@DU?$char_traits@D@std@@V?$allocator@D@2@@std@@QBEHIIPBDI@Z 100047e0 f i MetpParser:MetpParser.obj
 0001:00003850       ?_Lrotate@?$_Tree@V?$_Tmap_traits@V?$basic_string@DU?$char_traits@D@std@@V?$allocator@D@2@@std@@PAVCItemData@CMetpParser@hgx@@U?$less@V?$basic_string@DU?$char_traits@D@std@@V?$allocator@D@2@@std@@@2@V?$allocator@U?$pair@$$CBV?$basic_string@DU?$char_traits@D@std@@V?$allocator@D@2@@std@@PAVCItemData@CMetpParser@hgx@@@std@@@2@$0A@@std@@@std@@IAEXPAU_Node@?$_Tree_nod@V?$_Tmap_traits@V?$basic_string@DU?$char_traits@D@std@@V?$allocator@D@2@@std@@PAVCItemData@CMetpParser@hgx@@U?$less@V?$basic_string@DU?$char_traits@D@std@@V?$allocator@D@2@@std@@@2@V?$allocator@U?$pair@$$CBV?$basic_string@DU?$char_traits@D@std@@V?$allocator@D@2@@std@@PAVCItemData@CMetpParser@hgx@@@std@@@2@$0A@@std@@@2@@Z 10004850 f i MetpParser:MetpParser.obj
 0001:000038a0       ??Citerator@?$_Tree@V?$_Tmap_traits@V?$basic_string@DU?$char_traits@D@std@@V?$allocator@D@2@@std@@PAVCItemData@CMetpParser@hgx@@U?$less@V?$basic_string@DU?$char_traits@D@std@@V?$allocator@D@2@@std@@@2@V?$allocator@U?$pair@$$CBV?$basic_string@DU?$char_traits@D@std@@V?$allocator@D@2@@std@@PAVCItemData@CMetpParser@hgx@@@std@@@2@$0A@@std@@@std@@QBEPAU?$pair@$$CBV?$basic_string@DU?$char_traits@D@std@@V?$allocator@D@2@@std@@PAVCItemData@CMetpParser@hgx@@@2@XZ 100048a0 f i MetpParser:MetpParser.obj
 0001:000038d0       ?_Buynode@?$_Tree@V?$_Tmap_traits@V?$basic_string@DU?$char_traits@D@std@@V?$allocator@D@2@@std@@PAVCItemData@CMetpParser@hgx@@U?$less@V?$basic_string@DU?$char_traits@D@std@@V?$allocator@D@2@@std@@@2@V?$allocator@U?$pair@$$CBV?$basic_string@DU?$char_traits@D@std@@V?$allocator@D@2@@std@@PAVCItemData@CMetpParser@hgx@@@std@@@2@$0A@@std@@@std@@IAEPAU_Node@?$_Tree_nod@V?$_Tmap_traits@V?$basic_string@DU?$char_traits@D@std@@V?$allocator@D@2@@std@@PAVCItemData@CMetpParser@hgx@@U?$less@V?$basic_string@DU?$char_traits@D@std@@V?$allocator@D@2@@std@@@2@V?$allocator@U?$pair@$$CBV?$basic_string@DU?$char_traits@D@std@@V?$allocator@D@2@@std@@PAVCItemData@CMetpParser@hgx@@@std@@@2@$0A@@std@@@2@XZ 100048d0 f i MetpParser:MetpParser.obj
 0001:00003910       ?_Lbound@?$_Tree@V?$_Tmap_traits@V?$basic_string@DU?$char_traits@D@std@@V?$allocator@D@2@@std@@PAVCItemData@CMetpParser@hgx@@U?$less@V?$basic_string@DU?$char_traits@D@std@@V?$allocator@D@2@@std@@@2@V?$allocator@U?$pair@$$CBV?$basic_string@DU?$char_traits@D@std@@V?$allocator@D@2@@std@@PAVCItemData@CMetpParser@hgx@@@std@@@2@$0A@@std@@@std@@IBEPAU_Node@?$_Tree_nod@V?$_Tmap_traits@V?$basic_string@DU?$char_traits@D@std@@V?$allocator@D@2@@std@@PAVCItemData@CMetpParser@hgx@@U?$less@V?$basic_string@DU?$char_traits@D@std@@V?$allocator@D@2@@std@@@2@V?$allocator@U?$pair@$$CBV?$basic_string@DU?$char_traits@D@std@@V?$allocator@D@2@@std@@PAVCItemData@CMetpParser@hgx@@@std@@@2@$0A@@std@@@2@ABV?$basic_string@DU?$char_traits@D@std@@V?$allocator@D@2@@2@@Z 10004910 f i MetpParser:MetpParser.obj
 0001:000039a0       ?what@logic_error@std@@UBEPBDXZ 100049a0 f i MetpParser:MetpParser.obj
 0001:000039b0       ??1?$basic_string@DU?$char_traits@D@std@@V?$allocator@D@2@@std@@QAE@XZ 100049b0 f i HanReportForClientImpl.obj
 0001:000039b0       ??1?$pair@$$CBV?$basic_string@DU?$char_traits@D@std@@V?$allocator@D@2@@std@@PAVCItemData@CMetpParser@hgx@@@std@@QAE@XZ 100049b0 f i MetpParser:MetpParser.obj
 0001:000039b0       ??1?$pair@V?$basic_string@DU?$char_traits@D@std@@V?$allocator@D@2@@std@@PAVCItemData@CMetpParser@hgx@@@std@@QAE@XZ 100049b0 f i MetpParser:MetpParser.obj
 0001:000039e0       ?find@?$_Tree@V?$_Tmap_traits@V?$basic_string@DU?$char_traits@D@std@@V?$allocator@D@2@@std@@PAVCItemData@CMetpParser@hgx@@U?$less@V?$basic_string@DU?$char_traits@D@std@@V?$allocator@D@2@@std@@@2@V?$allocator@U?$pair@$$CBV?$basic_string@DU?$char_traits@D@std@@V?$allocator@D@2@@std@@PAVCItemData@CMetpParser@hgx@@@std@@@2@$0A@@std@@@std@@QAE?AViterator@12@ABV?$basic_string@DU?$char_traits@D@std@@V?$allocator@D@2@@2@@Z 100049e0 f i MetpParser:MetpParser.obj
 0001:00003a60       ??0?$pair@V?$basic_string@DU?$char_traits@D@std@@V?$allocator@D@2@@std@@PAVCItemData@CMetpParser@hgx@@@std@@QAE@ABV?$basic_string@DU?$char_traits@D@std@@V?$allocator@D@2@@1@ABQAVCItemData@CMetpParser@hgx@@@Z 10004a60 f i MetpParser:MetpParser.obj
 0001:00003a90       ??0logic_error@std@@QAE@ABV?$basic_string@DU?$char_traits@D@std@@V?$allocator@D@2@@1@@Z 10004a90 f i MetpParser:MetpParser.obj
 0001:00003b00       ??1length_error@std@@UAE@XZ 10004b00 f i MetpParser:MetpParser.obj
 0001:00003b00       ??1out_of_range@std@@UAE@XZ 10004b00 f i MetpParser:MetpParser.obj
 0001:00003b40       ??_Elength_error@std@@UAEPAXI@Z 10004b40 f i MetpParser:MetpParser.obj
 0001:00003b40       ??_Elogic_error@std@@UAEPAXI@Z 10004b40 f i MetpParser:MetpParser.obj
 0001:00003b40       ??_Glogic_error@std@@UAEPAXI@Z 10004b40 f i MetpParser:MetpParser.obj
 0001:00003b40       ??_Gout_of_range@std@@UAEPAXI@Z 10004b40 f i MetpParser:MetpParser.obj
 0001:00003b40       ??_Glength_error@std@@UAEPAXI@Z 10004b40 f i MetpParser:MetpParser.obj
 0001:00003b40       ??_Eout_of_range@std@@UAEPAXI@Z 10004b40 f i MetpParser:MetpParser.obj
 0001:00003b90       ??0_Node@?$_Tree_nod@V?$_Tmap_traits@V?$basic_string@DU?$char_traits@D@std@@V?$allocator@D@2@@std@@PAVCItemData@CMetpParser@hgx@@U?$less@V?$basic_string@DU?$char_traits@D@std@@V?$allocator@D@2@@std@@@2@V?$allocator@U?$pair@$$CBV?$basic_string@DU?$char_traits@D@std@@V?$allocator@D@2@@std@@PAVCItemData@CMetpParser@hgx@@@std@@@2@$0A@@std@@@std@@QAE@PAU012@00ABU?$pair@$$CBV?$basic_string@DU?$char_traits@D@std@@V?$allocator@D@2@@std@@PAVCItemData@CMetpParser@hgx@@@2@D@Z 10004b90 f i MetpParser:MetpParser.obj
 0001:00003bf0       ??R?$cNodeDelete@U?$pair@V?$basic_string@DU?$char_traits@D@std@@V?$allocator@D@2@@std@@PAVCItemData@CMetpParser@hgx@@@std@@$00@@QAEXU?$pair@V?$basic_string@DU?$char_traits@D@std@@V?$allocator@D@2@@std@@PAVCItemData@CMetpParser@hgx@@@std@@@Z 10004bf0 f i MetpParser:MetpParser.obj
 0001:00003cb0       ?IsExistKey@CMetpParser@hgx@@QAE_NPBD@Z 10004cb0 f   MetpParser:MetpParser.obj
 0001:00003d80       ?GetValue@CMetpParser@hgx@@QAE_NPBDAAPADAAH@Z 10004d80 f   MetpParser:MetpParser.obj
 0001:00003ec0       ?GetValue@CMetpParser@hgx@@QAE_NPBDAAPAD@Z 10004ec0 f   MetpParser:MetpParser.obj
 0001:00003fe0       ?_Buynode@?$_Tree@V?$_Tmap_traits@V?$basic_string@DU?$char_traits@D@std@@V?$allocator@D@2@@std@@PAVCItemData@CMetpParser@hgx@@U?$less@V?$basic_string@DU?$char_traits@D@std@@V?$allocator@D@2@@std@@@2@V?$allocator@U?$pair@$$CBV?$basic_string@DU?$char_traits@D@std@@V?$allocator@D@2@@std@@PAVCItemData@CMetpParser@hgx@@@std@@@2@$0A@@std@@@std@@IAEPAU_Node@?$_Tree_nod@V?$_Tmap_traits@V?$basic_string@DU?$char_traits@D@std@@V?$allocator@D@2@@std@@PAVCItemData@CMetpParser@hgx@@U?$less@V?$basic_string@DU?$char_traits@D@std@@V?$allocator@D@2@@std@@@2@V?$allocator@U?$pair@$$CBV?$basic_string@DU?$char_traits@D@std@@V?$allocator@D@2@@std@@PAVCItemData@CMetpParser@hgx@@@std@@@2@$0A@@std@@@2@PAU342@00ABU?$pair@$$CBV?$basic_string@DU?$char_traits@D@std@@V?$allocator@D@2@@std@@PAVCItemData@CMetpParser@hgx@@@2@D@Z 10004fe0 f i MetpParser:MetpParser.obj
 0001:00004080       ??$for_each@Viterator@?$_Tree@V?$_Tmap_traits@V?$basic_string@DU?$char_traits@D@std@@V?$allocator@D@2@@std@@PAVCItemData@CMetpParser@hgx@@U?$less@V?$basic_string@DU?$char_traits@D@std@@V?$allocator@D@2@@std@@@2@V?$allocator@U?$pair@$$CBV?$basic_string@DU?$char_traits@D@std@@V?$allocator@D@2@@std@@PAVCItemData@CMetpParser@hgx@@@std@@@2@$0A@@std@@@std@@V?$cNodeDelete@U?$pair@V?$basic_string@DU?$char_traits@D@std@@V?$allocator@D@2@@std@@PAVCItemData@CMetpParser@hgx@@@std@@$00@@@std@@YG?AV?$cNodeDelete@U?$pair@V?$basic_string@DU?$char_traits@D@std@@V?$allocator@D@2@@std@@PAVCItemData@CMetpParser@hgx@@@std@@$00@@Viterator@?$_Tree@V?$_Tmap_traits@V?$basic_string@DU?$char_traits@D@std@@V?$allocator@D@2@@std@@PAVCItemData@CMetpParser@hgx@@U?$less@V?$basic_string@DU?$char_traits@D@std@@V?$allocator@D@2@@std@@@2@V?$allocator@U?$pair@$$CBV?$basic_string@DU?$char_traits@D@std@@V?$allocator@D@2@@std@@PAVCItemData@CMetpParser@hgx@@@std@@@2@$0A@@std@@@0@0V1@@Z 10005080 f i MetpParser:MetpParser.obj
 0001:00004120       ?GetValue@CMetpParser@hgx@@QAE_NPBDAAH@Z 10005120 f   MetpParser:MetpParser.obj
 0001:00004170       ?erase@?$_Tree@V?$_Tmap_traits@V?$basic_string@DU?$char_traits@D@std@@V?$allocator@D@2@@std@@PAVCItemData@CMetpParser@hgx@@U?$less@V?$basic_string@DU?$char_traits@D@std@@V?$allocator@D@2@@std@@@2@V?$allocator@U?$pair@$$CBV?$basic_string@DU?$char_traits@D@std@@V?$allocator@D@2@@std@@PAVCItemData@CMetpParser@hgx@@@std@@@2@$0A@@std@@@std@@QAE?AViterator@12@V312@@Z 10005170 f i MetpParser:MetpParser.obj
 0001:00004460       ??0logic_error@std@@QAE@ABV01@@Z 10005460 f i MetpParser:MetpParser.obj
 0001:000044e0       ??0out_of_range@std@@QAE@ABV01@@Z 100054e0 f i MetpParser:MetpParser.obj
 0001:00004500       ?_Erase@?$_Tree@V?$_Tmap_traits@V?$basic_string@DU?$char_traits@D@std@@V?$allocator@D@2@@std@@PAVCItemData@CMetpParser@hgx@@U?$less@V?$basic_string@DU?$char_traits@D@std@@V?$allocator@D@2@@std@@@2@V?$allocator@U?$pair@$$CBV?$basic_string@DU?$char_traits@D@std@@V?$allocator@D@2@@std@@PAVCItemData@CMetpParser@hgx@@@std@@@2@$0A@@std@@@std@@IAEXPAU_Node@?$_Tree_nod@V?$_Tmap_traits@V?$basic_string@DU?$char_traits@D@std@@V?$allocator@D@2@@std@@PAVCItemData@CMetpParser@hgx@@U?$less@V?$basic_string@DU?$char_traits@D@std@@V?$allocator@D@2@@std@@@2@V?$allocator@U?$pair@$$CBV?$basic_string@DU?$char_traits@D@std@@V?$allocator@D@2@@std@@PAVCItemData@CMetpParser@hgx@@@std@@@2@$0A@@std@@@2@@Z 10005500 f i MetpParser:MetpParser.obj
 0001:00004560       ?_Insert@?$_Tree@V?$_Tmap_traits@V?$basic_string@DU?$char_traits@D@std@@V?$allocator@D@2@@std@@PAVCItemData@CMetpParser@hgx@@U?$less@V?$basic_string@DU?$char_traits@D@std@@V?$allocator@D@2@@std@@@2@V?$allocator@U?$pair@$$CBV?$basic_string@DU?$char_traits@D@std@@V?$allocator@D@2@@std@@PAVCItemData@CMetpParser@hgx@@@std@@@2@$0A@@std@@@std@@IAE?AViterator@12@_NPAU_Node@?$_Tree_nod@V?$_Tmap_traits@V?$basic_string@DU?$char_traits@D@std@@V?$allocator@D@2@@std@@PAVCItemData@CMetpParser@hgx@@U?$less@V?$basic_string@DU?$char_traits@D@std@@V?$allocator@D@2@@std@@@2@V?$allocator@U?$pair@$$CBV?$basic_string@DU?$char_traits@D@std@@V?$allocator@D@2@@std@@PAVCItemData@CMetpParser@hgx@@@std@@@2@$0A@@std@@@2@ABU?$pair@$$CBV?$basic_string@DU?$char_traits@D@std@@V?$allocator@D@2@@std@@PAVCItemData@CMetpParser@hgx@@@2@@Z 10005560 f i MetpParser:MetpParser.obj
 0001:00004760       ??0length_error@std@@QAE@ABV01@@Z 10005760 f i MetpParser:MetpParser.obj
 0001:00004780       ?insert@?$_Tree@V?$_Tmap_traits@V?$basic_string@DU?$char_traits@D@std@@V?$allocator@D@2@@std@@PAVCItemData@CMetpParser@hgx@@U?$less@V?$basic_string@DU?$char_traits@D@std@@V?$allocator@D@2@@std@@@2@V?$allocator@U?$pair@$$CBV?$basic_string@DU?$char_traits@D@std@@V?$allocator@D@2@@std@@PAVCItemData@CMetpParser@hgx@@@std@@@2@$0A@@std@@@std@@QAE?AU?$pair@Viterator@?$_Tree@V?$_Tmap_traits@V?$basic_string@DU?$char_traits@D@std@@V?$allocator@D@2@@std@@PAVCItemData@CMetpParser@hgx@@U?$less@V?$basic_string@DU?$char_traits@D@std@@V?$allocator@D@2@@std@@@2@V?$allocator@U?$pair@$$CBV?$basic_string@DU?$char_traits@D@std@@V?$allocator@D@2@@std@@PAVCItemData@CMetpParser@hgx@@@std@@@2@$0A@@std@@@std@@_N@2@ABU?$pair@$$CBV?$basic_string@DU?$char_traits@D@std@@V?$allocator@D@2@@std@@PAVCItemData@CMetpParser@hgx@@@2@@Z 10005780 f i MetpParser:MetpParser.obj
 0001:000048b0       ?erase@?$_Tree@V?$_Tmap_traits@V?$basic_string@DU?$char_traits@D@std@@V?$allocator@D@2@@std@@PAVCItemData@CMetpParser@hgx@@U?$less@V?$basic_string@DU?$char_traits@D@std@@V?$allocator@D@2@@std@@@2@V?$allocator@U?$pair@$$CBV?$basic_string@DU?$char_traits@D@std@@V?$allocator@D@2@@std@@PAVCItemData@CMetpParser@hgx@@@std@@@2@$0A@@std@@@std@@QAE?AViterator@12@V312@0@Z 100058b0 f i MetpParser:MetpParser.obj
 0001:00004980       ?Clear@CMetpParser@hgx@@QAEXXZ 10005980 f   MetpParser:MetpParser.obj
 0001:000049d0       ?insertNewKey@CMetpParser@hgx@@IAE_NAAU?$pair@V?$basic_string@DU?$char_traits@D@std@@V?$allocator@D@2@@std@@PAVCItemData@CMetpParser@hgx@@@std@@@Z 100059d0 f   MetpParser:MetpParser.obj
 0001:00004a90       ?Init@CMetpParser@hgx@@IAEX_N@Z 10005a90 f   MetpParser:MetpParser.obj
 0001:00004b80       ?AddValue@CMetpParser@hgx@@QAE_NPBD0@Z 10005b80 f   MetpParser:MetpParser.obj
 0001:00004c60       ?SetItemize@CMetpParser@hgx@@IAE_NXZ 10005c60 f   MetpParser:MetpParser.obj
 0001:00004e30       ??1?$map@V?$basic_string@DU?$char_traits@D@std@@V?$allocator@D@2@@std@@PAVCItemData@CMetpParser@hgx@@U?$less@V?$basic_string@DU?$char_traits@D@std@@V?$allocator@D@2@@std@@@2@V?$allocator@U?$pair@$$CBV?$basic_string@DU?$char_traits@D@std@@V?$allocator@D@2@@std@@PAVCItemData@CMetpParser@hgx@@@std@@@2@@std@@QAE@XZ 10005e30 f i MetpParser:MetpParser.obj
 0001:00004e70       ??1CMetpParser@hgx@@UAE@XZ 10005e70 f   MetpParser:MetpParser.obj
 0001:00004f00       ??_GCMetpParser@hgx@@UAEPAXI@Z 10005f00 f i MetpParser:MetpParser.obj
 0001:00004f00       ??_ECMetpParser@hgx@@UAEPAXI@Z 10005f00 f i MetpParser:MetpParser.obj
 0001:00004f20       ??0CMetpParser@hgx@@QAE@PBDH0@Z 10005f20 f   MetpParser:MetpParser.obj
 0001:00005020       ??0CLibDocZip@@QAE@XZ      10006020 f   MetpParser:LibDocZip.obj
 0001:00005040       ??1CLibDocZip@@UAE@XZ      10006040 f   MetpParser:LibDocZip.obj
 0001:00005070       ?UnZipData@CLibDocZip@@QAEHPAPAEPAKPAEK@Z 10006070 f   MetpParser:LibDocZip.obj
 0001:00005150       ??_GCLibDocZip@@UAEPAXI@Z  10006150 f i MetpParser:LibDocZip.obj
 0001:00005150       ??_ECLibDocZip@@UAEPAXI@Z  10006150 f i MetpParser:LibDocZip.obj
 0001:00005190       _uncompress@16             10006190 f   MetpParser:uncompr.obj
 0001:00005d20       _inflateReset@4            10006d20 f   MetpParser:inflate.obj
 0001:00005d90       _inflateInit2_@16          10006d90 f   MetpParser:inflate.obj
 0001:00005e60       _inflateInit_@12           10006e60 f   MetpParser:inflate.obj
 0001:00005f90       _inflate@8                 10006f90 f   MetpParser:inflate.obj
 0001:00007570       _inflateEnd@4              10008570 f   MetpParser:inflate.obj
 0001:000075c0       _adler32@12                100085c0 f   MetpParser:adler32.obj
 0001:00008d70       __tr_stored_block          10009d70 f   MetpParser:trees.obj
 0001:00008e10       __tr_flush_block           10009e10 f   MetpParser:trees.obj
 0001:000092c0       _crc32@12                  1000a2c0 f   MetpParser:crc32.obj
 0001:000092e0       _zcalloc                   1000a2e0 f   MetpParser:zutil.obj
 0001:00009300       _zcfree                    1000a300 f   MetpParser:zutil.obj
 0001:00009310       _longest_match             1000a310 f   MetpParser:gvmat32c.obj
 0001:00009340       _inflate_fast              1000a340 f   MetpParser:inffas32.obj
 0001:00009ae0       _inflate_table             1000aae0 f   MetpParser:inftrees.obj
 0001:00009fc8       _longest_match_7fff        1000afc8 f   MetpParser:gvmat32.obj
 0001:0000a4a9       _cpudetect32               1000b4a9 f   MetpParser:gvmat32.obj
 0001:0000a4e7       _longest_match_686         1000b4e7 f   MetpParser:gvmat32.obj
 0001:0000a6d0       ?Weblog_Default_Handler_Func@@YA_NXZ 1000b6d0 f   WbersClientLib:SEHError.obj
 0001:0000a6e0       ?EnumerateLoadedModulesProc@@YGHPADKKPAX@Z 1000b6e0 f   WbersClientLib:SEHError.obj
 0001:0000a710       ?WriteMiniDump@SEHError@@QAEXPBD@Z 1000b710 f   WbersClientLib:SEHError.obj
 0001:0000a7b0       ?ConvertSimpleException@SEHError@@SAPBDK@Z 1000b7b0 f   WbersClientLib:SEHError.obj
 0001:0000a9d0       ?rfind@?$basic_string@DU?$char_traits@D@std@@V?$allocator@D@2@@std@@QBEIPBDII@Z 1000b9d0 f i WbersClientLib:SEHError.obj
 0001:0000aa80       ?deleteIntermediateFile@@YAXH@Z 1000ba80 f   WbersClientLib:SEHError.obj
 0001:0000aac0       ?compare@?$basic_string@DU?$char_traits@D@std@@V?$allocator@D@2@@std@@QBEHPBD@Z 1000bac0 f i WbersClientLib:SEHError.obj
 0001:0000aaf0       ?append@?$basic_string@DU?$char_traits@D@std@@V?$allocator@D@2@@std@@QAEAAV12@ABV12@II@Z 1000baf0 f i WbersClientLib:SEHError.obj
 0001:0000abf0       ?SaveErrorToHDD@SEHError@@QAEXPBD@Z 1000bbf0 f   WbersClientLib:SEHError.obj
 0001:0000aee0       ?append@?$basic_string@DU?$char_traits@D@std@@V?$allocator@D@2@@std@@QAEAAV12@PBDI@Z 1000bee0 f i WbersClientLib:SEHError.obj
 0001:0000afd0       ?MyUnhandledExceptionFilter@@YGJPAU_EXCEPTION_POINTERS@@@Z 1000bfd0 f   WbersClientLib:SEHError.obj
 0001:0000b070       ?substr@?$basic_string@DU?$char_traits@D@std@@V?$allocator@D@2@@std@@QBE?AV12@II@Z 1000c070 f i WbersClientLib:SEHError.obj
 0001:0000b0b0       ?SetSubjectName@SEHError@@SAXABV?$basic_string@DU?$char_traits@D@std@@V?$allocator@D@2@@std@@@Z 1000c0b0 f   WbersClientLib:SEHError.obj
 0001:0000b0d0       ?SendSurvivalReport@SEHError@@SAXABV?$basic_string@DU?$char_traits@D@std@@V?$allocator@D@2@@std@@@Z 1000c0d0 f   WbersClientLib:SEHError.obj
 0001:0000b2b0       ?AutoSetVersion@SEHError@@SAXXZ 1000c2b0 f   WbersClientLib:SEHError.obj
 0001:0000b430       ?SetSaveFilename@SEHError@@SAXABV?$basic_string@DU?$char_traits@D@std@@V?$allocator@D@2@@std@@@Z 1000c430 f   WbersClientLib:SEHError.obj
 0001:0000b470       ?CheckErrorFile@SEHError@@CAXXZ 1000c470 f   WbersClientLib:SEHError.obj
 0001:0000b5b0       ?InitSEH@SEHError@@SAXP6A_NXZ@Z 1000c5b0 f   WbersClientLib:SEHError.obj
 0001:0000b5e0       ?SetLogServerPort@Wbers@@SAXH@Z 1000c5e0 f   WbersClientLib:Wbers.obj
 0001:0000b5f0       ?_Chassign@?$basic_string@DU?$char_traits@D@std@@V?$allocator@D@2@@std@@IAEXIID@Z 1000c5f0 f i WbersClientLib:Wbers.obj
 0001:0000b650       ?append@?$basic_string@DU?$char_traits@D@std@@V?$allocator@D@2@@std@@QAEAAV12@ID@Z 1000c650 f i WbersClientLib:Wbers.obj
 0001:0000b700       ??1_ThreadContext@@QAE@XZ  1000c700 f i WbersClientLib:Wbers.obj
 0001:0000b770       ?_WebPost@Wbers@@SGKPAX@Z  1000c770 f   WbersClientLib:Wbers.obj
 0001:0000b820       ?_WebLogTF_free@Wbers@@SGKPAX@Z 1000c820 f   WbersClientLib:Wbers.obj
 0001:0000b9f0       ??0_ThreadContext@@QAE@ABV?$basic_string@DU?$char_traits@D@std@@V?$allocator@D@2@@std@@0P6AXH@Z_N@Z 1000c9f0 f i WbersClientLib:Wbers.obj
 0001:0000bb70       ?SetLogServerIp@Wbers@@SAXABV?$basic_string@DU?$char_traits@D@std@@V?$allocator@D@2@@std@@@Z 1000cb70 f   WbersClientLib:Wbers.obj
 0001:0000bb90       ?SetLogServerFile@Wbers@@SAXABV?$basic_string@DU?$char_traits@D@std@@V?$allocator@D@2@@std@@@Z 1000cb90 f   WbersClientLib:Wbers.obj
 0001:0000bbb0       ?SetProjectName@Wbers@@SAXABV?$basic_string@DU?$char_traits@D@std@@V?$allocator@D@2@@std@@@Z 1000cbb0 f   WbersClientLib:Wbers.obj
 0001:0000bbd0       ?weblog_free@Wbers@@SA_NABV?$basic_string@DU?$char_traits@D@std@@V?$allocator@D@2@@std@@P6AXH@Z_N2@Z 1000cbd0 f   WbersClientLib:Wbers.obj
 0001:0000bd50       ?weblog_free@Wbers@@SA_NABVLogBuilder@@P6AXH@Z@Z 1000cd50 f   WbersClientLib:Wbers.obj
 0001:0000bd80       ?weblog@Wbers@@SA_NABV?$basic_string@DU?$char_traits@D@std@@V?$allocator@D@2@@std@@0P6AXH@Z_N@Z 1000cd80 f   WbersClientLib:Wbers.obj
 0001:0000bed0       ?LogAdd@@YAXPBD0@Z         1000ced0 f   WbersClientLib:LogBuilder.obj
 0001:0000bf10       ?LogAddFormat@@YAXPBD0ZZ   1000cf10 f   WbersClientLib:LogBuilder.obj
 0001:0000bf80       ?LogClear@@YAXXZ           1000cf80 f   WbersClientLib:LogBuilder.obj
 0001:0000bf90       ?LogGetBuffer@@YAPBDXZ     1000cf90 f   WbersClientLib:LogBuilder.obj
 0001:0000bfa0       ?LogGetBufferCount@@YAHXZ  1000cfa0 f   WbersClientLib:LogBuilder.obj
 0001:0000bfb0       ??0StringBuilder@@QAE@PADH@Z 1000cfb0 f   WbersClientLib:LogBuilder.obj
 0001:0000bfd0       ?printf@StringBuilder@@QAAHPBDZZ 1000cfd0 f   WbersClientLib:LogBuilder.obj
 0001:0000c010       ?add@LogBuilder@@QAEXPBD0@Z 1000d010 f   WbersClientLib:LogBuilder.obj
 0001:0000c080       ?add@LogBuilder@@QAEXPBDABV?$basic_string@DU?$char_traits@D@std@@V?$allocator@D@2@@std@@@Z 1000d080 f   WbersClientLib:LogBuilder.obj
 0001:0000c0e0       ?addFormat@LogBuilder@@QAAXPBD0ZZ 1000d0e0 f   WbersClientLib:LogBuilder.obj
 0001:0000c1a0       ?setLogInfo@LogBuilder@@AAEXABV?$basic_string@DU?$char_traits@D@std@@V?$allocator@D@2@@std@@0@Z 1000d1a0 f   WbersClientLib:LogBuilder.obj
 0001:0000c210       ??0LogBuilder@@QAE@ABV?$basic_string@DU?$char_traits@D@std@@V?$allocator@D@2@@std@@0@Z 1000d210 f   WbersClientLib:LogBuilder.obj
 0001:0000c280       ?GetExeHeaderSum@@YAKXZ    1000d280 f   WbersClientLib:CheckSum.obj
 0001:0000c330       ?GetModInfoString@@YA_NPADH@Z 1000d330 f   WbersClientLib:CheckSum.obj
 0001:0000c4b0       ??1ScopedMalloc@@QAE@XZ    1000d4b0 f i WbersClientLib:InetPost.obj
 0001:0000c4c0       ??1ScopedHINTERNET@@QAE@XZ 1000d4c0 f i WbersClientLib:InetPost.obj
 0001:0000c4d0       ??$sprintf_s@$0N@@@YAHAAY0N@DPBDZZ 1000d4d0 f i WbersClientLib:InetPost.obj
 0001:0000c4f0       ?GetFileContents@@YAKABV?$basic_string@DU?$char_traits@D@std@@V?$allocator@D@2@@std@@AAPADAAK@Z 1000d4f0 f   WbersClientLib:InetPost.obj
 0001:0000c590       ??$?HDU?$char_traits@D@std@@V?$allocator@D@1@@std@@YA?AV?$basic_string@DU?$char_traits@D@std@@V?$allocator@D@2@@0@ABV10@PBD@Z 1000d590 f i WbersClientLib:InetPost.obj
 0001:0000c650       ??$?HDU?$char_traits@D@std@@V?$allocator@D@1@@std@@YA?AV?$basic_string@DU?$char_traits@D@std@@V?$allocator@D@2@@0@ABV10@0@Z 1000d650 f i WbersClientLib:InetPost.obj
 0001:0000c700       ?GenerateMultipartBoundary@@YA?AV?$basic_string@DU?$char_traits@D@std@@V?$allocator@D@2@@std@@XZ 1000d700 f   WbersClientLib:InetPost.obj
 0001:0000c830       ?GenerateRequestTail@@YA?AV?$basic_string@DU?$char_traits@D@std@@V?$allocator@D@2@@std@@ABV12@@Z 1000d830 f   WbersClientLib:InetPost.obj
 0001:0000c8d0       ??$?HDU?$char_traits@D@std@@V?$allocator@D@1@@std@@YA?AV?$basic_string@DU?$char_traits@D@std@@V?$allocator@D@2@@0@PBDABV10@@Z 1000d8d0 f i WbersClientLib:InetPost.obj
 0001:0000c990       ?GenerateRequestBody@@YA?AV?$basic_string@DU?$char_traits@D@std@@V?$allocator@D@2@@std@@ABV12@0@Z 1000d990 f   WbersClientLib:InetPost.obj
 0001:0000ccf0       ?InetPost@@YAKPBD00G@Z     1000dcf0 f   WbersClientLib:InetPost.obj
 0001:0000d220       ??1HanCriticalSection@@UAE@XZ 1000e220 f   CommLibForSvr:Sync.obj
 0001:0000d250       ?Lock@HanCriticalSection@@UAE_NK@Z 1000e250 f   CommLibForSvr:Sync.obj
 0001:0000d260       ?Unlock@HanCriticalSection@@UAE_NXZ 1000e260 f   CommLibForSvr:Sync.obj
 0001:0000d270       ??0HanCriticalSection@@QAE@K@Z 1000e270 f   CommLibForSvr:Sync.obj
 0001:0000d2a0       ??_GHanCriticalSection@@UAEPAXI@Z 1000e2a0 f i CommLibForSvr:Sync.obj
 0001:0000d2a0       ??_EHanCriticalSection@@UAEPAXI@Z 1000e2a0 f i CommLibForSvr:Sync.obj
 0001:0000d2e0       ??0HanLock@@QAE@AAVSyncObject@@K@Z 1000e2e0 f   CommLibForSvr:Sync.obj
 0001:0000d310       ??1HanLock@@UAE@XZ         1000e310 f   CommLibForSvr:Sync.obj
 0001:0000d340       ??_GHanLock@@UAEPAXI@Z     1000e340 f i CommLibForSvr:Sync.obj
 0001:0000d340       ??_EHanLock@@UAEPAXI@Z     1000e340 f i CommLibForSvr:Sync.obj
 0001:0000d376       _Module32First@8           1000e376 f   kernel32:KERNEL32.dll
 0001:0000d37c       _CreateToolhelp32Snapshot@8 1000e37c f   kernel32:KERNEL32.dll
 0001:0000d382       _Module32Next@8            1000e382 f   kernel32:KERNEL32.dll
 0001:0000d388       ??0exception@std@@QAE@XZ   1000e388 f   LIBCMT:stdexcpt.obj
 0001:0000d399       ??0exception@std@@QAE@ABQBD@Z 1000e399 f   LIBCMT:stdexcpt.obj
 0001:0000d3e7       ??0exception@std@@QAE@ABQBDH@Z 1000e3e7 f   LIBCMT:stdexcpt.obj
 0001:0000d3ff       ??0exception@std@@QAE@ABV01@@Z 1000e3ff f   LIBCMT:stdexcpt.obj
 0001:0000d457       ??1exception@std@@UAE@XZ   1000e457 f   LIBCMT:stdexcpt.obj
 0001:0000d46d       ?what@exception@std@@UBEPBDXZ 1000e46d f   LIBCMT:stdexcpt.obj
 0001:0000d47a       ??_Eexception@std@@UAEPAXI@Z 1000e47a f i LIBCMT:stdexcpt.obj
 0001:0000d47a       ??_Gexception@std@@UAEPAXI@Z 1000e47a f i LIBCMT:stdexcpt.obj
 0001:0000d496       ??1type_info@@UAE@XZ       1000e496 f   LIBCMT:typinfo.obj
 0001:0000d4a4       ??_Gtype_info@@UAEPAXI@Z   1000e4a4 f i LIBCMT:typinfo.obj
 0001:0000d4a4       ??_Etype_info@@UAEPAXI@Z   1000e4a4 f i LIBCMT:typinfo.obj
 0001:0000d4c0       ??8type_info@@QBE_NABV0@@Z 1000e4c0 f   LIBCMT:typinfo.obj
 0001:0000d4db       ??3@YAXPAX@Z               1000e4db f   LIBCMT:delete.obj
 0001:0000d4e0       _strstr                    1000e4e0 f   LIBCMT:strstr.obj
 0001:0000d566       _memcpy_s                  1000e566 f   LIBCMT:memcpy_s.obj
 0001:0000d5f0       _memchr                    1000e5f0 f   LIBCMT:memchr.obj
 0001:0000d69d       _memmove_s                 1000e69d f   LIBCMT:memmove_s.obj
 0001:0000d6f8       @__security_check_cookie@4 1000e6f8 f   LIBCMT:secchk.obj
 0001:0000d707       ?_JumpToContinuation@@YGXPAXPAUEHRegistrationNode@@@Z 1000e707 f   LIBCMT:trnsctrl.obj
 0001:0000d737       ?_CallMemberFunction0@@YGXPAX0@Z 1000e737 f   LIBCMT:trnsctrl.obj
 0001:0000d737       ?_CallMemberFunction2@@YGXPAX00H@Z 1000e737 f   LIBCMT:trnsctrl.obj
 0001:0000d737       ?_CallMemberFunction1@@YGXPAX00@Z 1000e737 f   LIBCMT:trnsctrl.obj
 0001:0000d73e       ?_UnwindNestedFrames@@YGXPAUEHRegistrationNode@@PAUEHExceptionRecord@@@Z 1000e73e f   LIBCMT:trnsctrl.obj
 0001:0000d790       ___CxxFrameHandler3        1000e790 f   LIBCMT:trnsctrl.obj
 0001:0000d7f6       ?_CallSETranslator@@YAHPAUEHExceptionRecord@@PAUEHRegistrationNode@@PAX2PBU_s_FuncInfo@@H1@Z 1000e7f6 f   LIBCMT:trnsctrl.obj
 0001:0000d968       ?_GetRangeOfTrysToCheck@@YAPBU_s_TryBlockMapEntry@@PBU_s_FuncInfo@@HHPAI1@Z 1000e968 f   LIBCMT:trnsctrl.obj
 0001:0000d9db       __CreateFrameInfo          1000e9db f   LIBCMT:trnsctrl.obj
 0001:0000da03       __IsExceptionObjectToBeDestroyed 1000ea03 f   LIBCMT:trnsctrl.obj
 0001:0000da24       __FindAndUnlinkFrame       1000ea24 f   LIBCMT:trnsctrl.obj
 0001:0000da70       ?_CallCatchBlock2@@YAPAXPAUEHRegistrationNode@@PBU_s_FuncInfo@@PAXHK@Z 1000ea70 f   LIBCMT:trnsctrl.obj
 0001:0000dace       ??0bad_alloc@std@@QAE@XZ   1000eace f i LIBCMT:new.obj
 0001:0000dae7       ??2@YAPAXI@Z               1000eae7 f   LIBCMT:new.obj
 0001:0000db51       __CxxThrowException@8      1000eb51 f   LIBCMT:throw.obj
 0001:0000db9b       __initp_misc_invarg        1000eb9b f   LIBCMT:invarg.obj
 0001:0000dba5       __invoke_watson            1000eba5 f   LIBCMT:invarg.obj
 0001:0000dca1       __invalid_parameter        1000eca1 f   LIBCMT:invarg.obj
 0001:0000dcc5       __invalid_parameter_noinfo 1000ecc5 f   LIBCMT:invarg.obj
 0001:0000dcd5       _sprintf                   1000ecd5 f   LIBCMT:sprintf.obj
 0001:0000dd50       _strncpy                   1000ed50 f   LIBCMT:strncpy.obj
 0001:0000de80       _memset                    1000ee80 f   LIBCMT:memset.obj
 0001:0000df00       _memcpy                    1000ef00 f   LIBCMT:memcpy.obj
 0001:0000e265       __CRT_INIT@12              1000f265 f   LIBCMT:dllcrt0.obj
 0001:0000e534       __DllMainCRTStartup@12     1000f534 f   LIBCMT:dllcrt0.obj
 0001:0000e555       ??_U@YAPAXI@Z              1000f555 f   LIBCMT:new2.obj
 0001:0000e55a       ??_V@YAXPAX@Z              1000f55a f   LIBCMT:delete2.obj
 0001:0000e55f       _strncmp                   1000f55f f   LIBCMT:strncmp.obj
 0001:0000e61d       _atol                      1000f61d f   LIBCMT:atox.obj
 0001:0000e62e       _atoi                      1000f62e f   LIBCMT:atox.obj
 0001:0000e633       _free                      1000f633 f   LIBCMT:free.obj
 0001:0000e6c1       ??0_LocaleUpdate@@QAE@PAUlocaleinfo_struct@@@Z 1000f6c1 f i LIBCMT:gcvt.obj
 0001:0000e743       __fpclear                  1000f743 f   LIBCMT:fpinit.obj
 0001:0000e743       __initp_misc_winxfltr      1000f743 f   LIBCMT:winxfltr.obj
 0001:0000e744       __cfltcvt_init             1000f744 f   LIBCMT:fpinit.obj
 0001:0000e7a4       __fpmath                   1000f7a4 f   LIBCMT:fpinit.obj
 0001:0000e9ed       _strtol                    1000f9ed f   LIBCMT:strtol.obj
 0001:0000ea16       _V6_HeapAlloc              1000fa16 f   LIBCMT:malloc.obj
 0001:0000ea65       _malloc                    1000fa65 f   LIBCMT:malloc.obj
 0001:0000eb28       __snprintf                 1000fb28 f   LIBCMT:snprintf.obj
 0001:0000ec8e       ___onexitinit              1000fc8e f   LIBCMT:onexit.obj
 0001:0000ecbd       __onexit                   1000fcbd f   LIBCMT:onexit.obj
 0001:0000ecf9       _atexit                    1000fcf9 f   LIBCMT:onexit.obj
 0001:0000ed0b       __vsnprintf_l              1000fd0b f   LIBCMT:vsnprint.obj
 0001:0000edbc       __vsnprintf                1000fdbc f   LIBCMT:vsnprint.obj
 0001:0000edd7       __time64                   1000fdd7 f   LIBCMT:time64.obj
 0001:0000ee13       __vsnprintf_helper         1000fe13 f   LIBCMT:vsnprnc.obj
 0001:0000eedd       __vsprintf_s_l             1000fedd f   LIBCMT:vsnprnc.obj
 0001:0000ef63       _vsprintf_s                1000ff63 f   LIBCMT:vsnprnc.obj
 0001:0000ef7e       _srand                     1000ff7e f   LIBCMT:rand.obj
 0001:0000ef8b       _rand                      1000ff8b f   LIBCMT:rand.obj
 0001:0000efad       _strcpy_s                  1000ffad f   LIBCMT:strcpy_s.obj
 0001:0000f020       _strlen                    10010020 f   LIBCMT:strlen.obj
 0001:0000f0ab       ?_Type_info_dtor@type_info@@CAXPAV1@@Z 100100ab f   LIBCMT:typname.obj
 0001:0000f120       _strcmp                    10010120 f   LIBCMT:strcmp.obj
 0001:0000f1c0       _strchr                    100101c0 f   LIBCMT:strchr.obj
 0001:0000f1c6       ___from_strstr_to_strchr   100101c6     LIBCMT:strchr.obj
 0001:0000f27e       __get_errno_from_oserr     1001027e f   LIBCMT:dosmap.obj
 0001:0000f2b9       __errno                    100102b9 f   LIBCMT:dosmap.obj
 0001:0000f2cc       ___doserrno                100102cc f   LIBCMT:dosmap.obj
 0001:0000f2df       __dosmaperr                100102df f   LIBCMT:dosmap.obj
 0001:0000f300       _memmove                   10010300 f   LIBCMT:memmove.obj
 0001:0000f665       ___report_gsfailure        10010665 f   LIBCMT:gs_report.obj
 0001:0000f769       ??1bad_exception@std@@UAE@XZ 10010769 f i LIBCMT:frame.obj
 0001:0000f774       ??_Ebad_exception@std@@UAEPAXI@Z 10010774 f i LIBCMT:frame.obj
 0001:0000f774       ??_Gbad_exception@std@@UAEPAXI@Z 10010774 f i LIBCMT:frame.obj
 0001:0000f796       ___TypeMatch               10010796 f   LIBCMT:frame.obj
 0001:0000f7f2       ___FrameUnwindFilter       100107f2 f   LIBCMT:frame.obj
 0001:0000f836       ___FrameUnwindToState      10010836 f   LIBCMT:frame.obj
 0001:0000f95c       ___DestructExceptionObject 1001095c f   LIBCMT:frame.obj
 0001:0000f9b0       ___AdjustPointer           100109b0 f   LIBCMT:frame.obj
 0001:0000fc33       ___BuildCatchObjectHelper  10010c33 f   LIBCMT:frame.obj
 0001:0000fdb2       ___BuildCatchObject        10010db2 f   LIBCMT:frame.obj
 0001:000102f7       ??0bad_exception@std@@QAE@ABV01@@Z 100112f7 f i LIBCMT:frame.obj
 0001:0001030f       ___InternalCxxFrameHandler 1001130f f   LIBCMT:frame.obj
 0001:0001045f       __encode_pointer           1001145f f   LIBCMT:tidtable.obj
 0001:000104cd       __encoded_null             100114cd f   LIBCMT:tidtable.obj
 0001:000104d6       __decode_pointer           100114d6 f   LIBCMT:tidtable.obj
 0001:00010544       ___crtTlsAlloc@4           10011544 f   LIBCMT:tidtable.obj
 0001:0001054d       ___set_flsgetvalue         1001154d f   LIBCMT:tidtable.obj
 0001:0001057f       __mtterm                   1001157f f   LIBCMT:tidtable.obj
 0001:000105bc       __initptd                  100115bc f   LIBCMT:tidtable.obj
 0001:0001067b       __getptd_noexit            1001167b f   LIBCMT:tidtable.obj
 0001:000106f2       __getptd                   100116f2 f   LIBCMT:tidtable.obj
 0001:0001070a       __freefls@4                1001170a f   LIBCMT:tidtable.obj
 0001:0001082b       __freeptd                  1001182b f   LIBCMT:tidtable.obj
 0001:00010894       __mtinit                   10011894 f   LIBCMT:tidtable.obj
 0001:00010a18       ?terminate@@YAXXZ          10011a18 f   LIBCMT:hooks.obj
 0001:00010a51       ?unexpected@@YAXXZ         10011a51 f   LIBCMT:hooks.obj
 0001:00010a64       ?_inconsistency@@YAXXZ     10011a64 f   LIBCMT:hooks.obj
 0001:00010a9b       __initp_eh_hooks           10011a9b f   LIBCMT:hooks.obj
 0001:00010ab0       __CallSettingFrame@12      10011ab0 f   LIBCMT:lowhelpr.obj
 0001:00010ad7       __NLG_Return               10011ad7     LIBCMT:lowhelpr.obj
 0001:00010afc       __initp_heap_handler       10011afc f   LIBCMT:handler.obj
 0001:00010b06       __callnewh                 10011b06 f   LIBCMT:handler.obj
 0001:00010b28       __crt_debugger_hook        10011b28 f   LIBCMT:dbghook.obj
 0001:00010b30       __flsbuf                   10011b30 f   LIBCMT:_flsbuf.obj
 0001:00010ce7       __output_l                 10011ce7 f   LIBCMT:output.obj
 0001:000116d2       __VEC_memzero              100126d2 f   LIBCMT:p4_memset.obj
 0001:00011761       __sse2_mathfcns_init       10012761 f   LIBCMT:mathfcns.obj
 0001:000117fc       __VEC_memcpy               100127fc f   LIBCMT:p4_memcpy.obj
 0001:000118df       __amsg_exit                100128df f   LIBCMT:crt0dat.obj
 0001:00011903       ___crtCorExitProcess       10012903 f   LIBCMT:crt0dat.obj
 0001:00011929       ___crtExitProcess          10012929 f   LIBCMT:crt0dat.obj
 0001:0001193e       __lockexit                 1001293e f   LIBCMT:crt0dat.obj
 0001:00011947       __unlockexit               10012947 f   LIBCMT:crt0dat.obj
 0001:00011968       __initterm_e               10012968 f   LIBCMT:crt0dat.obj
 0001:00011988       __get_osplatform           10012988 f   LIBCMT:crt0dat.obj
 0001:000119bf       __get_winmajor             100129bf f   LIBCMT:crt0dat.obj
 0001:000119fb       __cinit                    100129fb f   LIBCMT:crt0dat.obj
 0001:00011b6f       __exit                     10012b6f f   LIBCMT:crt0dat.obj
 0001:00011b80       __cexit                    10012b80 f   LIBCMT:crt0dat.obj
 0001:00011b8f       __init_pointers            10012b8f f   LIBCMT:crt0dat.obj
 0001:00011bdb       __malloc_crt               10012bdb f   LIBCMT:crtheap.obj
 0001:00011c1b       __calloc_crt               10012c1b f   LIBCMT:crtheap.obj
 0001:00011c63       __realloc_crt              10012c63 f   LIBCMT:crtheap.obj
 0001:00011cae       __ioinit                   10012cae f   LIBCMT:ioinit.obj
 0001:00011eee       __ioterm                   10012eee f   LIBCMT:ioinit.obj
 0001:00011f3a       __setenvp                  10012f3a f   LIBCMT:stdenvp.obj
 0001:000121ad       __setargv                  100131ad f   LIBCMT:stdargv.obj
 0001:00012266       ___crtGetEnvironmentStringsA 10013266 f   LIBCMT:a_env.obj
 0001:0001239b       __RTC_Initialize           1001339b f   LIBCMT:initsect.obj
 0001:000123bf       __RTC_Terminate            100133bf f   LIBCMT:initsect.obj
 0001:000123e3       ___heap_select             100133e3 f   LIBCMT:heapinit.obj
 0001:0001243e       __heap_init                1001343e f   LIBCMT:heapinit.obj
 0001:00012498       __heap_term                10013498 f   LIBCMT:heapinit.obj
 0001:0001250c       __XcptFilter               1001350c f   LIBCMT:winxfltr.obj
 0001:0001266a       ___CppXcptFilter           1001366a f   LIBCMT:winxfltr.obj
 0001:00012688       __SEH_prolog4              10013688 f   LIBCMT:sehprolg4.obj
 0001:000126cd       __SEH_epilog4              100136cd f   LIBCMT:sehprolg4.obj
 0001:000126f0       __except_handler4          100136f0 f   LIBCMT:chandler4.obj
 0001:00012886       ___security_init_cookie    10013886 f   LIBCMT:gs_support.obj
 0001:0001291a       __mtinitlocks              1001391a f   LIBCMT:mlock.obj
 0001:00012963       __mtdeletelocks            10013963 f   LIBCMT:mlock.obj
 0001:000129b8       __unlock                   100139b8 f   LIBCMT:mlock.obj
 0001:000129cd       __mtinitlocknum            100139cd f   LIBCMT:mlock.obj
 0001:00012a90       __lock                     10013a90 f   LIBCMT:mlock.obj
 0001:00012ac1       ___sbh_heap_init           10013ac1 f   LIBCMT:sbheap.obj
 0001:00012b09       ___sbh_find_block          10013b09 f   LIBCMT:sbheap.obj
 0001:00012b34       ___sbh_free_block          10013b34 f   LIBCMT:sbheap.obj
 0001:00012e48       ___sbh_alloc_new_region    10013e48 f   LIBCMT:sbheap.obj
 0001:00012ef8       ___sbh_alloc_new_group     10013ef8 f   LIBCMT:sbheap.obj
 0001:00012ffe       ___sbh_resize_block        10013ffe f   LIBCMT:sbheap.obj
 0001:000132dd       ___sbh_alloc_block         100142dd f   LIBCMT:sbheap.obj
 0001:000135c0       __aulldvrm                 100145c0 f   LIBCMT:ulldvrm.obj
 0001:00013863       ___updatetmbcinfo          10014863 f   LIBCMT:mbctype.obj
 0001:00013981       __setmbcp_nolock           10014981 f   LIBCMT:mbctype.obj
 0001:00013b5a       __setmbcp                  10014b5a f   LIBCMT:mbctype.obj
 0001:00013cf4       ___initmbctable            10014cf4 f   LIBCMT:mbctype.obj
 0001:00013d12       ___freetlocinfo            10014d12 f   LIBCMT:setlocal.obj
 0001:00013e52       ___addlocaleref            10014e52 f   LIBCMT:setlocal.obj
 0001:00013ed8       ___removelocaleref         10014ed8 f   LIBCMT:setlocal.obj
 0001:00013fa2       ___updatetlocinfo          10014fa2 f   LIBCMT:setlocal.obj
 0001:00014018       __forcdecpt_l              10015018 f   LIBCMT:cvt.obj
 0001:00014089       __cropzeros_l              10015089 f   LIBCMT:cvt.obj
 0001:00014109       __positive                 10015109 f   LIBCMT:cvt.obj
 0001:0001411f       __fassign_l                1001511f f   LIBCMT:cvt.obj
 0001:0001415f       __fassign                  1001515f f   LIBCMT:cvt.obj
 0001:00014193       __forcdecpt                10015193 f   LIBCMT:cvt.obj
 0001:000141a1       __cropzeros                100151a1 f   LIBCMT:cvt.obj
 0001:0001431c       __cftoe_l                  1001531c f   LIBCMT:cvt.obj
 0001:000143ea       __cftoe                    100153ea f   LIBCMT:cvt.obj
 0001:00014408       __cftoa_l                  10015408 f   LIBCMT:cvt.obj
 0001:0001486e       __cftof_l                  1001586e f   LIBCMT:cvt.obj
 0001:00014927       __cftog_l                  10015927 f   LIBCMT:cvt.obj
 0001:00014a1f       __cfltcvt_l                10015a1f f   LIBCMT:cvt.obj
 0001:00014aa5       __cfltcvt                  10015aa5 f   LIBCMT:cvt.obj
 0001:00014ac6       ___dtold                   10015ac6 f   LIBCMT:cfout.obj
 0001:00014b81       __fltout2                  10015b81 f   LIBCMT:cfout.obj
 0001:00014c0f       __initp_misc_cfltcvt_tab   10015c0f f   LIBCMT:cmiscdat.obj
 0001:00014c2e       __setdefaultprecision      10015c2e f   LIBCMT:fp8.obj
 0001:00014c57       __ms_p5_test_fdiv          10015c57 f   LIBCMT:testfdiv.obj
 0001:00014c93       __ms_p5_mp_test_fdiv       10015c93 f   LIBCMT:testfdiv.obj
 0001:00014cbc       __isctype_l                10015cbc f   LIBCMT:isctype.obj
 0001:00014d80       __NMSG_WRITE               10015d80 f   LIBCMT:crt0msg.obj
 0001:00014f20       __FF_MSGBANNER             10015f20 f   LIBCMT:crt0msg.obj
 0001:00014f59       __msize                    10015f59 f   LIBCMT:msize.obj
 0001:00015000       __aulldiv                  10016000 f   LIBCMT:ulldiv.obj
 0001:000150b2       __output_s_l               100160b2 f   LIBCMT:outputs.obj
 0001:00015a62       _abort                     10016a62 f   LIBCMT:abort.obj
 0001:00015b55       __initp_misc_purevirt      10016b55 f   LIBCMT:inithelp.obj
 0001:00015b5f       __EH_prolog3               10016b5f f   LIBCMT:ehprolg3.obj
 0001:00015b92       __EH_prolog3_catch         10016b92 f   LIBCMT:ehprolg3.obj
 0001:00015bc8       ?_ValidateWrite@@YAHPAXI@Z 10016bc8 f   LIBCMT:validate.obj
 0001:00015bc8       ?_ValidateExecute@@YAHP6GHXZ@Z 10016bc8 f   LIBCMT:validate.obj
 0001:00015bc8       ?_ValidateRead@@YAHPBXI@Z  10016bc8 f   LIBCMT:validate.obj
 0001:00015bd8       __global_unwind2           10016bd8 f   LIBCMT:exsup.obj
 0001:00015c3d       __local_unwind2            10016c3d f   LIBCMT:exsup.obj
 0001:00015cc1       __abnormal_termination     10016cc1 f   LIBCMT:exsup.obj
 0001:00015ce4       __NLG_Notify1              10016ce4 f   LIBCMT:exsup.obj
 0001:00015ced       __NLG_Notify               10016ced f   LIBCMT:exsup.obj
 0001:00015d04       __NLG_Dispatch2            10016d04     LIBCMT:exsup.obj
 0001:00015d04       __NLG_Dispatch             10016d04     LIBCMT:exsup.obj
 0001:00015d0c       __NLG_Call                 10016d0c f   LIBCMT:exsup.obj
 0001:00015d0e       __NLG_Return2              10016d0e     LIBCMT:exsup.obj
 0001:00015d0f       __lseeki64_nolock          10016d0f f   LIBCMT:lseeki64.obj
 0001:00015d92       __lseeki64                 10016d92 f   LIBCMT:lseeki64.obj
 0001:00015eab       __write_nolock             10016eab f   LIBCMT:write.obj
 0001:00016471       __write                    10017471 f   LIBCMT:write.obj
 0001:0001654d       __getbuf                   1001754d f   LIBCMT:_getbuf.obj
 0001:00016591       __isatty                   10017591 f   LIBCMT:isatty.obj
 0001:000165ef       ___iob_func                100175ef f   LIBCMT:_file.obj
 0001:000165f5       ___initstdio               100175f5 f   LIBCMT:_file.obj
 0001:000166a6       ___endstdio                100176a6 f   LIBCMT:_file.obj
 0001:000166c6       __lock_file                100176c6 f   LIBCMT:_file.obj
 0001:00016702       __lock_file2               10017702 f   LIBCMT:_file.obj
 0001:00016730       __unlock_file              10017730 f   LIBCMT:_file.obj
 0001:00016766       __unlock_file2             10017766 f   LIBCMT:_file.obj
 0001:00016790       __fileno                   10017790 f   LIBCMT:fileno.obj
 0001:000167bd       __get_printf_count_output  100177bd f   LIBCMT:printf.obj
 0001:000167d3       __wctomb_s_l               100177d3 f   LIBCMT:wctomb.obj
 0001:00016932       _wctomb_s                  10017932 f   LIBCMT:wctomb.obj
 0001:0001694d       __isleadbyte_l             1001794d f i LIBCMT:_wctype.obj
 0001:00016983       _isleadbyte                10017983 f i LIBCMT:_wctype.obj
 0001:000169e1       __get_sse2_info            100179e1 f   LIBCMT:cpu_disp.obj
 0001:00016a41       ___sse2_available_init     10017a41 f   LIBCMT:cpu_disp.obj
 0001:00016a50       __ValidateImageBase        10017a50 f   LIBCMT:pesect.obj
 0001:00016a80       __FindPESection            10017a80 f   LIBCMT:pesect.obj
 0001:00016ad0       __IsNonwritableInCurrentImage 10017ad0 f   LIBCMT:pesect.obj
 0001:00016b8b       __initp_misc_winsig        10017b8b f   LIBCMT:winsig.obj
 0001:00016bd8       ___get_sigabrt             10017bd8 f   LIBCMT:winsig.obj
 0001:00016be5       _raise                     10017be5 f   LIBCMT:winsig.obj
 0001:00016d95       __initp_misc_rand_s        10017d95 f   LIBCMT:rand_s.obj
 0001:00016d9f       __initp_misc_initcrit      10017d9f f   LIBCMT:initcrit.obj
 0001:00016db9       ___crtInitCritSecAndSpinCount 10017db9 f   LIBCMT:initcrit.obj
 0001:00016e7e       __calloc_impl              10017e7e f   LIBCMT:calloc.obj
 0001:00016f9c       _realloc                   10017f9c f   LIBCMT:realloc.obj
 0001:00017208       __ismbblead                10018208 f   LIBCMT:ismbbyte.obj
 0001:0001721c       __local_unwind4            1001821c f   LIBCMT:exsup4.obj
 0001:000172f2       __seh_longjmp_unwind4@4    100182f2 f   LIBCMT:exsup4.obj
 0001:0001730e       @_EH4_CallFilterFunc@8     1001830e f   LIBCMT:exsup4.obj
 0001:00017325       @_EH4_TransferToHandler@8  10018325 f   LIBCMT:exsup4.obj
 0001:0001733e       @_EH4_GlobalUnwind@4       1001833e f   LIBCMT:exsup4.obj
 0001:00017358       @_EH4_LocalUnwind@16       10018358 f   LIBCMT:exsup4.obj
 0001:00017370       __allmul                   10018370 f   LIBCMT:llmul.obj
 0001:000173a4       __freea                    100183a4 f i LIBCMT:a_map.obj
 0001:00017761       ___crtLCMapStringA         10018761 f   LIBCMT:a_map.obj
 0001:0001795c       ___crtGetStringTypeA       1001895c f   LIBCMT:a_str.obj
 0001:0001799c       ___free_lc_time            1001899c f   LIBCMT:inittime.obj
 0001:00017b2c       ___free_lconv_num          10018b2c f   LIBCMT:initnum.obj
 0001:00017b6c       ___free_lconv_mon          10018b6c f   LIBCMT:initmon.obj
 0001:00017bf5       _strcat_s                  10018bf5 f   LIBCMT:strcat_s.obj
 0001:00017c70       _strcspn                   10018c70 f   LIBCMT:strcspn.obj
 0001:00017cb6       _strncpy_s                 10018cb6 f   LIBCMT:strncpy_s.obj
 0001:00017d70       _strpbrk                   10018d70 f   LIBCMT:strpbrk.obj
 0001:00017db0       _strrchr                   10018db0 f   LIBCMT:strrchr.obj
 0001:00017ddd       __isdigit_l                10018ddd f i LIBCMT:_ctype.obj
 0001:00017e2c       _isdigit                   10018e2c f i LIBCMT:_ctype.obj
 0001:00017e55       __tolower_l                10018e55 f   LIBCMT:tolower.obj
 0001:00017f6c       _tolower                   10018f6c f   LIBCMT:tolower.obj
 0001:00017f93       __atodbl_l                 10018f93 f   LIBCMT:atodbl.obj
 0001:00018039       __atoflt_l                 10019039 f   LIBCMT:atodbl.obj
 0001:000180df       __fptostr                  100190df f   LIBCMT:_fptostr.obj
 0001:000181a0       __alldvrm                  100191a0 f   LIBCMT:lldvrm.obj
 0001:00018280       __aullshr                  10019280 f   LIBCMT:ullshr.obj
 0001:0001829f       _$I10_OUTPUT               1001929f f   LIBCMT:x10fout.obj
 0001:00018b65       __fptrap                   10019b65 f   LIBCMT:crt0fp.obj
 0001:00018b6e       __controlfp_s              10019b6e f   LIBCMT:contrlfp.obj
 0001:00018bd8       __ld12tod                  10019bd8 f   LIBCMT:intrncvt.obj
 0001:0001911a       __ld12tof                  1001a11a f   LIBCMT:intrncvt.obj
 0001:0001965c       ___strgtold12_l            1001a65c f   LIBCMT:strgtold.obj
 0001:00019d1c       ___crtMessageBoxA          1001ad1c f   LIBCMT:crtmbox.obj
 0001:00019ed9       __set_error_mode           1001aed9 f   LIBCMT:errmode.obj
 0001:00019f1f       __free_osfhnd              1001af1f f   LIBCMT:osfinfo.obj
 0001:00019fa0       __get_osfhandle            1001afa0 f   LIBCMT:osfinfo.obj
 0001:0001a011       ___lock_fhandle            1001b011 f   LIBCMT:osfinfo.obj
 0001:0001a0b1       __unlock_fhandle           1001b0b1 f   LIBCMT:osfinfo.obj
 0001:0001a0d3       __putwch_nolock            1001b0d3 f   LIBCMT:putwch.obj
 0001:0001a195       __mbtowc_l                 1001b195 f   LIBCMT:mbtowc.obj
 0001:0001a2a8       _mbtowc                    1001b2a8 f   LIBCMT:mbtowc.obj
 0001:0001a2bf       __fcloseall                1001b2bf f   LIBCMT:closeall.obj
 0001:0001a35e       __flush                    1001b35e f   LIBCMT:fflush.obj
 0001:0001a3c0       __fflush_nolock            1001b3c0 f   LIBCMT:fflush.obj
 0001:0001a4dc       __flushall                 1001b4dc f   LIBCMT:fflush.obj
 0001:0001a4e5       ___ansicp                  1001b4e5 f   LIBCMT:convrtcp.obj
 0001:0001a52c       ___convertcp               1001b52c f   LIBCMT:convrtcp.obj
 0001:0001a6e0       __alloca_probe_16          1001b6e0 f   LIBCMT:alloca16.obj
 0001:0001a6f6       __alloca_probe_8           1001b6f6     LIBCMT:alloca16.obj
 0001:0001a83a       __control87                1001b83a f i LIBCMT:ieee87.obj
 0001:0001ab3d       ___mtold12                 1001bb3d f   LIBCMT:mantold.obj
 0001:0001ad09       ___initconout              1001bd09 f   LIBCMT:initcon.obj
 0001:0001ad28       ___termcon                 1001bd28 f   LIBCMT:initcon.obj
 0001:0001ad55       __fclose_nolock            1001bd55 f   LIBCMT:fclose.obj
 0001:0001adc7       _fclose                    1001bdc7 f   LIBCMT:fclose.obj
 0001:0001ae43       __commit                   1001be43 f   LIBCMT:commit.obj
 0001:0001af30       __chkstk                   1001bf30 f   LIBCMT:chkstk.obj
 0001:0001af30       __alloca_probe             1001bf30     LIBCMT:chkstk.obj
 0001:0001af60       ___ascii_strnicmp          1001bf60 f   LIBCMT:_strnicm.obj
 0001:0001afc1       ___set_fpsr_sse2           1001bfc1 f   LIBCMT:fpctrl.obj
 0001:0001b033       __close_nolock             1001c033 f   LIBCMT:close.obj
 0001:0001b0c7       __close                    1001c0c7 f   LIBCMT:close.obj
 0001:0001b194       __freebuf                  1001c194 f   LIBCMT:_freebuf.obj
 0001:0001b1c0       ?_Xlen@_String_base@std@@SAXXZ 1001c1c0 f   libcpmt:string.obj
 0001:0001b1ff       ?_Xran@_String_base@std@@SAXXZ 1001c1ff f   libcpmt:string.obj
 0001:0001b23e       _MiniDumpWriteDump@28      1001c23e f   dbghelp:dbghelp.dll
 0001:0001b244       _RtlUnwind@16              1001c244 f   kernel32:KERNEL32.dll
 0002:00000000       __imp__GetSystemDirectoryA@8 1001d000     kernel32:KERNEL32.dll
 0002:00000004       __imp__CloseHandle@4       1001d004     kernel32:KERNEL32.dll
 0002:00000008       __imp__OutputDebugStringA@4 1001d008     kernel32:KERNEL32.dll
 0002:0000000c       __imp__GetCurrentProcess@0 1001d00c     kernel32:KERNEL32.dll
 0002:00000010       __imp__GetCurrentProcessId@0 1001d010     kernel32:KERNEL32.dll
 0002:00000014       __imp__GetCurrentThreadId@0 1001d014     kernel32:KERNEL32.dll
 0002:00000018       __imp__CreateFileA@28      1001d018     kernel32:KERNEL32.dll
 0002:0000001c       __imp__DeleteFileA@4       1001d01c     kernel32:KERNEL32.dll
 0002:00000020       __imp__WriteFile@20        1001d020     kernel32:KERNEL32.dll
 0002:00000024       __imp__GetCurrentThread@0  1001d024     kernel32:KERNEL32.dll
 0002:00000028       __imp__Sleep@4             1001d028     kernel32:KERNEL32.dll
 0002:0000002c       __imp__GetTickCount@0      1001d02c     kernel32:KERNEL32.dll
 0002:00000030       __imp__FileTimeToSystemTime@8 1001d030     kernel32:KERNEL32.dll
 0002:00000034       __imp__GetFileAttributesExA@12 1001d034     kernel32:KERNEL32.dll
 0002:00000038       __imp__GetModuleFileNameA@12 1001d038     kernel32:KERNEL32.dll
 0002:0000003c       __imp__ReadFile@20         1001d03c     kernel32:KERNEL32.dll
 0002:00000040       __imp__SetUnhandledExceptionFilter@4 1001d040     kernel32:KERNEL32.dll
 0002:00000044       __imp__GetLastError@0      1001d044     kernel32:KERNEL32.dll
 0002:00000048       __imp__SetThreadPriority@8 1001d048     kernel32:KERNEL32.dll
 0002:0000004c       __imp__CreateThread@24     1001d04c     kernel32:KERNEL32.dll
 0002:00000050       __imp__Module32First@8     1001d050     kernel32:KERNEL32.dll
 0002:00000054       __imp__CreateToolhelp32Snapshot@8 1001d054     kernel32:KERNEL32.dll
 0002:00000058       __imp__Module32Next@8      1001d058     kernel32:KERNEL32.dll
 0002:0000005c       __imp__GetFileSize@8       1001d05c     kernel32:KERNEL32.dll
 0002:00000060       __imp__DeleteCriticalSection@4 1001d060     kernel32:KERNEL32.dll
 0002:00000064       __imp__InitializeCriticalSection@4 1001d064     kernel32:KERNEL32.dll
 0002:00000068       __imp__EnterCriticalSection@4 1001d068     kernel32:KERNEL32.dll
 0002:0000006c       __imp__LeaveCriticalSection@4 1001d06c     kernel32:KERNEL32.dll
 0002:00000070       __imp__InitializeCriticalSectionAndSpinCount@8 1001d070     kernel32:KERNEL32.dll
 0002:00000074       __imp__FlushFileBuffers@4  1001d074     kernel32:KERNEL32.dll
 0002:00000078       __imp__WriteConsoleW@20    1001d078     kernel32:KERNEL32.dll
 0002:0000007c       __imp__GetConsoleOutputCP@0 1001d07c     kernel32:KERNEL32.dll
 0002:00000080       __imp__WriteConsoleA@20    1001d080     kernel32:KERNEL32.dll
 0002:00000084       __imp__SetStdHandle@8      1001d084     kernel32:KERNEL32.dll
 0002:00000088       __imp__GetLocaleInfoA@16   1001d088     kernel32:KERNEL32.dll
 0002:0000008c       __imp__GetStringTypeW@16   1001d08c     kernel32:KERNEL32.dll
 0002:00000090       __imp__GetStringTypeA@20   1001d090     kernel32:KERNEL32.dll
 0002:00000094       __imp__LCMapStringW@24     1001d094     kernel32:KERNEL32.dll
 0002:00000098       __imp__MultiByteToWideChar@24 1001d098     kernel32:KERNEL32.dll
 0002:0000009c       __imp__LCMapStringA@24     1001d09c     kernel32:KERNEL32.dll
 0002:000000a0       __imp__LoadLibraryA@4      1001d0a0     kernel32:KERNEL32.dll
 0002:000000a4       __imp__RtlUnwind@16        1001d0a4     kernel32:KERNEL32.dll
 0002:000000a8       __imp__RaiseException@16   1001d0a8     kernel32:KERNEL32.dll
 0002:000000ac       __imp__TerminateProcess@8  1001d0ac     kernel32:KERNEL32.dll
 0002:000000b0       __imp__UnhandledExceptionFilter@4 1001d0b0     kernel32:KERNEL32.dll
 0002:000000b4       __imp__IsDebuggerPresent@0 1001d0b4     kernel32:KERNEL32.dll
 0002:000000b8       __imp__GetCommandLineA@0   1001d0b8     kernel32:KERNEL32.dll
 0002:000000bc       __imp__HeapFree@12         1001d0bc     kernel32:KERNEL32.dll
 0002:000000c0       __imp__GetVersionExA@4     1001d0c0     kernel32:KERNEL32.dll
 0002:000000c4       __imp__HeapAlloc@12        1001d0c4     kernel32:KERNEL32.dll
 0002:000000c8       __imp__GetProcessHeap@0    1001d0c8     kernel32:KERNEL32.dll
 0002:000000cc       __imp__GetSystemTimeAsFileTime@4 1001d0cc     kernel32:KERNEL32.dll
 0002:000000d0       __imp__GetModuleHandleA@4  1001d0d0     kernel32:KERNEL32.dll
 0002:000000d4       __imp__GetProcAddress@8    1001d0d4     kernel32:KERNEL32.dll
 0002:000000d8       __imp__TlsGetValue@4       1001d0d8     kernel32:KERNEL32.dll
 0002:000000dc       __imp__TlsAlloc@0          1001d0dc     kernel32:KERNEL32.dll
 0002:000000e0       __imp__TlsSetValue@8       1001d0e0     kernel32:KERNEL32.dll
 0002:000000e4       __imp__TlsFree@4           1001d0e4     kernel32:KERNEL32.dll
 0002:000000e8       __imp__InterlockedIncrement@4 1001d0e8     kernel32:KERNEL32.dll
 0002:000000ec       __imp__SetLastError@4      1001d0ec     kernel32:KERNEL32.dll
 0002:000000f0       __imp__InterlockedDecrement@4 1001d0f0     kernel32:KERNEL32.dll
 0002:000000f4       __imp__ExitProcess@4       1001d0f4     kernel32:KERNEL32.dll
 0002:000000f8       __imp__SetHandleCount@4    1001d0f8     kernel32:KERNEL32.dll
 0002:000000fc       __imp__GetStdHandle@4      1001d0fc     kernel32:KERNEL32.dll
 0002:00000100       __imp__GetFileType@4       1001d100     kernel32:KERNEL32.dll
 0002:00000104       __imp__GetStartupInfoA@4   1001d104     kernel32:KERNEL32.dll
 0002:00000108       __imp__FreeEnvironmentStringsA@4 1001d108     kernel32:KERNEL32.dll
 0002:0000010c       __imp__GetEnvironmentStrings@0 1001d10c     kernel32:KERNEL32.dll
 0002:00000110       __imp__FreeEnvironmentStringsW@4 1001d110     kernel32:KERNEL32.dll
 0002:00000114       __imp__WideCharToMultiByte@32 1001d114     kernel32:KERNEL32.dll
 0002:00000118       __imp__GetEnvironmentStringsW@0 1001d118     kernel32:KERNEL32.dll
 0002:0000011c       __imp__HeapDestroy@4       1001d11c     kernel32:KERNEL32.dll
 0002:00000120       __imp__HeapCreate@12       1001d120     kernel32:KERNEL32.dll
 0002:00000124       __imp__VirtualFree@12      1001d124     kernel32:KERNEL32.dll
 0002:00000128       __imp__QueryPerformanceCounter@4 1001d128     kernel32:KERNEL32.dll
 0002:0000012c       __imp__VirtualAlloc@16     1001d12c     kernel32:KERNEL32.dll
 0002:00000130       __imp__HeapReAlloc@16      1001d130     kernel32:KERNEL32.dll
 0002:00000134       __imp__GetCPInfo@8         1001d134     kernel32:KERNEL32.dll
 0002:00000138       __imp__GetACP@0            1001d138     kernel32:KERNEL32.dll
 0002:0000013c       __imp__GetOEMCP@0          1001d13c     kernel32:KERNEL32.dll
 0002:00000140       __imp__IsValidCodePage@4   1001d140     kernel32:KERNEL32.dll
 0002:00000144       __imp__HeapSize@12         1001d144     kernel32:KERNEL32.dll
 0002:00000148       __imp__SetFilePointer@16   1001d148     kernel32:KERNEL32.dll
 0002:0000014c       __imp__GetConsoleCP@0      1001d14c     kernel32:KERNEL32.dll
 0002:00000150       __imp__GetConsoleMode@8    1001d150     kernel32:KERNEL32.dll
 0002:00000154       \177KERNEL32_NULL_THUNK_DATA 1001d154     kernel32:KERNEL32.dll
 0002:00000158       __imp__MessageBoxA@16      1001d158     user32:USER32.dll
 0002:0000015c       __imp__LoadStringA@16      1001d15c     user32:USER32.dll
 0002:00000160       \177USER32_NULL_THUNK_DATA 1001d160     user32:USER32.dll
 0002:00000164       __imp__HttpSendRequestExA@20 1001d164     wininet:WININET.dll
 0002:00000168       __imp__InternetWriteFile@16 1001d168     wininet:WININET.dll
 0002:0000016c       __imp__HttpEndRequestA@16  1001d16c     wininet:WININET.dll
 0002:00000170       __imp__HttpQueryInfoA@20   1001d170     wininet:WININET.dll
 0002:00000174       __imp__HttpAddRequestHeadersA@16 1001d174     wininet:WININET.dll
 0002:00000178       __imp__InternetReadFile@16 1001d178     wininet:WININET.dll
 0002:0000017c       __imp__InternetOpenA@20    1001d17c     wininet:WININET.dll
 0002:00000180       __imp__InternetConnectA@32 1001d180     wininet:WININET.dll
 0002:00000184       __imp__HttpOpenRequestA@32 1001d184     wininet:WININET.dll
 0002:00000188       __imp__HttpSendRequestA@20 1001d188     wininet:WININET.dll
 0002:0000018c       __imp__InternetCloseHandle@4 1001d18c     wininet:WININET.dll
 0002:00000190       __imp__InternetQueryDataAvailable@16 1001d190     wininet:WININET.dll
 0002:00000194       \177WININET_NULL_THUNK_DATA 1001d194     wininet:WININET.dll
 0002:00000198       __imp__MiniDumpWriteDump@28 1001d198     dbghelp:dbghelp.dll
 0002:0000019c       __imp__StackWalk@36        1001d19c     dbghelp:dbghelp.dll
 0002:000001a0       __imp__EnumerateLoadedModules@12 1001d1a0     dbghelp:dbghelp.dll
 0002:000001a4       \177dbghelp_NULL_THUNK_DATA 1001d1a4     dbghelp:dbghelp.dll
 0002:000001a8       __imp__CheckSumMappedFile@16 1001d1a8     imagehlp:imagehlp.dll
 0002:000001ac       \177imagehlp_NULL_THUNK_DATA 1001d1ac     imagehlp:imagehlp.dll
 0002:000001b0       ___xc_a                    1001d1b0     LIBCMT:crt0init.obj
 0002:000001e0       ___xc_z                    1001d1e0     LIBCMT:crt0init.obj
 0002:000001e4       ___xi_a                    1001d1e4     LIBCMT:crt0init.obj
 0002:000001fc       ___xi_z                    1001d1fc     LIBCMT:crt0init.obj
 0002:00000200       ___xp_a                    1001d200     LIBCMT:crt0init.obj
 0002:0000020c       ___xp_z                    1001d20c     LIBCMT:crt0init.obj
 0002:00000210       ___xt_a                    1001d210     LIBCMT:crt0init.obj
 0002:00000214       ___xt_z                    1001d214     LIBCMT:crt0init.obj
 0002:0000023c       ??_C@_0P@GHFPNOJB@bad?5allocation?$AA@ 1001d23c     HanReportForClientImpl.obj
 0002:00000250       ??_7bad_alloc@std@@6B@     1001d250     HanReportForClientImpl.obj
 0002:00000258       ??_C@_0BB@LGIOBHKN@Error?5Log?5System?$AA@ 1001d258     HanReportForClientImpl.obj
 0002:0000026c       ??_C@_04NOJCDH@?$CF02x?$AA@ 1001d26c     HanReportForClientImpl.obj
 0002:00000274       ??_C@_0L@CGGFMKFF@?2wbers?4dat?$AA@ 1001d274     HanReportForClientImpl.obj
 0002:00000280       ??_C@_0N@EJBJFCDN@lb_exception?$AA@ 1001d280     HanReportForClientImpl.obj
 0002:00000290       ??_C@_0BE@GLGKAN@beta?9wbers?4ijji?4com?$AA@ 1001d290     HanReportForClientImpl.obj
 0002:000002a4       ??_C@_0BH@IEJKCBIE@stabidx?9dev?4nhncorp?4cn?$AA@ 1001d2a4     HanReportForClientImpl.obj
 0002:000002bc       ??_C@_0BN@JMFAJBLB@alpha?9pubwbers?4hangame?4co?4jp?$AA@ 1001d2bc     HanReportForClientImpl.obj
 0002:000002dc       ??_C@_0BF@LECDAHHJ@alpha?9wbers?4ijji?4com?$AA@ 1001d2dc     HanReportForClientImpl.obj
 0002:000002f4       ??_C@_0BB@DGCFNKMA@stabIdxPost?4nhn?$DP?$AA@ 1001d2f4     HanReportForClientImpl.obj
 0002:00000308       ??_C@_0BD@PPFEAMNJ@stabidx?4nhncorp?4cn?$AA@ 1001d308     HanReportForClientImpl.obj
 0002:0000031c       ??_C@_0BH@ECCCKDEE@pubwbers?4hangame?4co?4jp?$AA@ 1001d31c     HanReportForClientImpl.obj
 0002:00000334       ??_C@_0BB@PLNCAAEC@?1wbers?1post?4php?$DP?$AA@ 1001d334     HanReportForClientImpl.obj
 0002:00000348       ??_C@_0P@EAFHIFFH@wbers?4ijji?4com?$AA@ 1001d348     HanReportForClientImpl.obj
 0002:00000358       ??_C@_0L@PILOIFKN@?1post?4php?$DP?$AA@ 1001d358     HanReportForClientImpl.obj
 0002:00000364       ??_C@_0BG@GHPOOFBK@wbersbeta?4hangame?4com?$AA@ 1001d364     HanReportForClientImpl.obj
 0002:0000037c       ??_C@_09JKECPFEC@lb_poslog?$AA@ 1001d37c     HanReportForClientImpl.obj
 0002:00000388       ??_C@_01HNPIGOCE@?$CG?$AA@ 1001d388     HanReportForClientImpl.obj
 0002:0000038c       ??_C@_01NEMOKFLO@?$DN?$AA@ 1001d38c     HanReportForClientImpl.obj
 0002:00000390       ??_C@_07NIFLOGLL@id?$DN?$CFs?$CFs?$AA@ 1001d390     HanReportForClientImpl.obj
 0002:00000398       ??_C@_03LNKDLDCI@id?$DN?$AA@ 1001d398     HanReportForClientImpl.obj
 0002:0000039c       ??_C@_05MFEJDJP@value?$AA@ 1001d39c     HanReportForClientImpl.obj
 0002:000003a4       ??_C@_09JBLACCIE@eventcode?$AA@ 1001d3a4     HanReportForClientImpl.obj
 0002:000003b0       ??_C@_02EGCJHIOB@id?$AA@   1001d3b0     HanReportForClientImpl.obj
 0002:000003b4       ??_C@_06IHAGGOEE@userid?$AA@ 1001d3b4     HanReportForClientImpl.obj
 0002:000003bc       ??_C@_0L@NBMLJOAJ@?$CGvalue?$DN230?$AA@ 1001d3bc     HanReportForClientImpl.obj
 0002:000003cc       ??_7CMD5@@6B@              1001d3cc     MD5.obj
 0002:00000410       ??_C@_09OPCJMEJI@10F00EAAC?$AA@ 1001d410     MetpParser:MetpParser.obj
 0002:0000041c       ??_C@_02PCIJFNDE@?$AN?6?$AA@ 1001d41c     MetpParser:MetpParser.obj
 0002:00000420       ??_C@_01JLIPDDHJ@?3?$AA@   1001d420     MetpParser:MetpParser.obj
 0002:00000424       ??_C@_01ICJEACDI@?$DL?$AA@ 1001d424     MetpParser:MetpParser.obj
 0002:00000428       ??_C@_01KMDKNFGN@?1?$AA@   1001d428     MetpParser:MetpParser.obj
 0002:0000042c       ??_C@_07KMIJJFF@mebp?3?1?1?$AA@ 1001d42c     MetpParser:MetpParser.obj
 0002:00000434       ??_C@_07NPEHHIND@metp?3?1?1?$AA@ 1001d434     MetpParser:MetpParser.obj
 0002:0000043c       ??_C@_03LCAAOJEC@zip?$AA@  1001d43c     MetpParser:MetpParser.obj
 0002:00000444       ??_7logic_error@std@@6B@   1001d444     MetpParser:MetpParser.obj
 0002:00000450       ??_7length_error@std@@6B@  1001d450     MetpParser:MetpParser.obj
 0002:0000045c       ??_7out_of_range@std@@6B@  1001d45c     MetpParser:MetpParser.obj
 0002:00000464       ??_C@_0BM@PAPJHAGI@invalid?5map?1set?$DMT?$DO?5iterator?$AA@ 1001d464     MetpParser:MetpParser.obj
 0002:00000480       ??_C@_0BE@JONHPENG@map?1set?$DMT?$DO?5too?5long?$AA@ 1001d480     MetpParser:MetpParser.obj
 0002:00000498       ??_7CMetpParser@hgx@@6B@   1001d498     MetpParser:MetpParser.obj
 0002:000004a4       ??_7CLibDocZip@@6B@        1001d4a4     MetpParser:LibDocZip.obj
 0002:000004a8       ??_C@_05GDHACFMB@1?42?43?$AA@ 1001d4a8     MetpParser:compress.obj
 0002:000004b0       _deflate_copyright         1001d4b0     MetpParser:deflate.obj
 0002:00000e10       ??_C@_0BH@FGKKJGOC@incorrect?5length?5check?$AA@ 1001de10     MetpParser:inflate.obj
 0002:00000e28       ??_C@_0BF@MEIGEHBE@incorrect?5data?5check?$AA@ 1001de28     MetpParser:inflate.obj
 0002:00000e40       ??_C@_0BO@ECPMAOGG@invalid?5distance?5too?5far?5back?$AA@ 1001de40     MetpParser:inflate.obj
 0002:00000e60       ??_C@_0BG@LBKINIKP@invalid?5distance?5code?$AA@ 1001de60     MetpParser:inflate.obj
 0002:00000e78       ??_C@_0BM@FFFLPBBC@invalid?5literal?1length?5code?$AA@ 1001de78     MetpParser:inflate.obj
 0002:00000e94       ??_C@_0BG@GMDFCBGP@invalid?5distances?5set?$AA@ 1001de94     MetpParser:inflate.obj
 0002:00000eac       ??_C@_0BK@BMMPFBBH@invalid?5bit?5length?5repeat?$AA@ 1001deac     MetpParser:inflate.obj
 0002:00000ec8       ??_C@_0BM@IIMGAINC@invalid?5literal?1lengths?5set?$AA@ 1001dec8     MetpParser:inflate.obj
 0002:00000ee4       ??_C@_0CE@GMIGFPBB@too?5many?5length?5or?5distance?5symb@ 1001dee4     MetpParser:inflate.obj
 0002:00000f08       ??_C@_0BJ@HDEPPGOH@invalid?5code?5lengths?5set?$AA@ 1001df08     MetpParser:inflate.obj
 0002:00000f24       ??_C@_0BN@LGAADGOK@invalid?5stored?5block?5lengths?$AA@ 1001df24     MetpParser:inflate.obj
 0002:00000f44       ??_C@_0BD@PJCBIDD@invalid?5block?5type?$AA@ 1001df44     MetpParser:inflate.obj
 0002:00000f58       ??_C@_0BE@GONKLEPM@header?5crc?5mismatch?$AA@ 1001df58     MetpParser:inflate.obj
 0002:00000f6c       ??_C@_0BJ@BLBBCOMO@unknown?5header?5flags?5set?$AA@ 1001df6c     MetpParser:inflate.obj
 0002:00000f88       ??_C@_0BH@LIBMMIGA@incorrect?5header?5check?$AA@ 1001df88     MetpParser:inflate.obj
 0002:00000fa0       ??_C@_0BE@EMOGCLGO@invalid?5window?5size?$AA@ 1001dfa0     MetpParser:inflate.obj
 0002:00000fb4       ??_C@_0BL@IHKGDAEE@unknown?5compression?5method?$AA@ 1001dfb4     MetpParser:inflate.obj
 0002:00001618       __dist_code                1001e618     MetpParser:trees.obj
 0002:00001818       __length_code              1001e818     MetpParser:trees.obj
 0002:00003a08       ??_C@_0BF@CJFPCCEG@incompatible?5version?$AA@ 10020a08     MetpParser:zutil.obj
 0002:00003a20       ??_C@_0N@DFPGLBGC@buffer?5error?$AA@ 10020a20     MetpParser:zutil.obj
 0002:00003a30       ??_C@_0BE@OGGJBMCE@insufficient?5memory?$AA@ 10020a30     MetpParser:zutil.obj
 0002:00003a44       ??_C@_0L@HAHMBNLP@data?5error?$AA@ 10020a44     MetpParser:zutil.obj
 0002:00003a50       ??_C@_0N@MKKNPMJD@stream?5error?$AA@ 10020a50     MetpParser:zutil.obj
 0002:00003a60       ??_C@_0L@KIJFAKBJ@file?5error?$AA@ 10020a60     MetpParser:zutil.obj
 0002:00003a6b       ??_C@_00CNPNBAHC@?$AA@     10020a6b     MetpParser:zutil.obj
 0002:00003a6c       ??_C@_0L@FNAOCBOG@stream?5end?$AA@ 10020a6c     MetpParser:zutil.obj
 0002:00003a78       ??_C@_0BA@MOKMMFOD@need?5dictionary?$AA@ 10020a78     MetpParser:zutil.obj
 0002:00003a88       _z_errmsg                  10020a88     MetpParser:zutil.obj
 0002:00003ab0       _inflate_copyright         10020ab0     MetpParser:inftrees.obj
 0002:00003be0       ??_C@_04LCHINAII@k22e?$AA@ 10020be0     PubProtocol:PubProtocol.obj
 0002:00003be8       ??_C@_03MDLJEMK@k3e?$AA@   10020be8     PubProtocol:PubProtocol.obj
 0002:00003bec       ??_C@_03CKNEBPHI@m1e?$AA@  10020bec     PubProtocol:PubProtocol.obj
 0002:00003bf0       ??_C@_06EDFCMHHE@pub11e?$AA@ 10020bf0     PubProtocol:PubProtocol.obj
 0002:00003bf8       ??_C@_06ECJAKNED@pub10e?$AA@ 10020bf8     PubProtocol:PubProtocol.obj
 0002:00003c00       ??_C@_05NGDCECFH@pub9e?$AA@ 10020c00     PubProtocol:PubProtocol.obj
 0002:00003c08       ??_C@_05NHPACIGA@pub8e?$AA@ 10020c08     PubProtocol:PubProtocol.obj
 0002:00003c10       ??_C@_05NMKMGPFN@pub7e?$AA@ 10020c10     PubProtocol:PubProtocol.obj
 0002:00003c18       ??_C@_05NNGOAFGK@pub6e?$AA@ 10020c18     PubProtocol:PubProtocol.obj
 0002:00003c20       ??_C@_05NPCILLDD@pub5e?$AA@ 10020c20     PubProtocol:PubProtocol.obj
 0002:00003c28       ??_C@_05NOOKNBAE@pub4e?$AA@ 10020c28     PubProtocol:PubProtocol.obj
 0002:00003c30       ??_C@_05NLKFMHIB@pub3e?$AA@ 10020c30     PubProtocol:PubProtocol.obj
 0002:00003c38       ??_C@_05NKGHKNLG@pub2e?$AA@ 10020c38     PubProtocol:PubProtocol.obj
 0002:00003c40       ??_C@_05NICBBDOP@pub1e?$AA@ 10020c40     PubProtocol:PubProtocol.obj
 0002:00003c48       ??_C@_0DA@HIOABKEH@?$FLSEHError?3?3WriteMiniDump?$FN?5file?5c@ 10020c48     WbersClientLib:SEHError.obj
 0002:00003c78       ??_C@_0DE@BAILKDGF@?$FLSEHError?3?3WriteMiniDump?$FN?5MiniDu@ 10020c78     WbersClientLib:SEHError.obj
 0002:00003cac       ??_C@_07NBCGADJA@Unknown?$AA@ 10020cac     WbersClientLib:SEHError.obj
 0002:00003cb4       ??_C@_0BJ@BKJLBIPE@EXCEPTION_INVALID_HANDLE?$AA@ 10020cb4     WbersClientLib:SEHError.obj
 0002:00003cd0       ??_C@_0BO@GJKCLCLP@EXCEPTION_INVALID_DISPOSITION?$AA@ 10020cd0     WbersClientLib:SEHError.obj
 0002:00003cf0       ??_C@_0BJ@FNEOPPMM@EXCEPTION_STACK_OVERFLOW?$AA@ 10020cf0     WbersClientLib:SEHError.obj
 0002:00003d0c       ??_C@_0CD@JGPJMHJA@EXCEPTION_NONCONTINUABLE_EXCEPTI@ 10020d0c     WbersClientLib:SEHError.obj
 0002:00003d30       ??_C@_0BO@DLLOIENN@EXCEPTION_ILLEGAL_INSTRUCTION?$AA@ 10020d30     WbersClientLib:SEHError.obj
 0002:00003d50       ??_C@_0BI@BNDIILLI@EXCEPTION_IN_PAGE_ERROR?$AA@ 10020d50     WbersClientLib:SEHError.obj
 0002:00003d68       ??_C@_0BL@HJPDFKEO@EXCEPTION_PRIV_INSTRUCTION?$AA@ 10020d68     WbersClientLib:SEHError.obj
 0002:00003d84       ??_C@_0BH@HNBKDLPO@EXCEPTION_INT_OVERFLOW?$AA@ 10020d84     WbersClientLib:SEHError.obj
 0002:00003d9c       ??_C@_0BN@LBLGDPIG@EXCEPTION_INT_DIVIDE_BY_ZERO?$AA@ 10020d9c     WbersClientLib:SEHError.obj
 0002:00003dbc       ??_C@_0BI@CHKFJJC@EXCEPTION_FLT_UNDERFLOW?$AA@ 10020dbc     WbersClientLib:SEHError.obj
 0002:00003dd4       ??_C@_0BK@COBCCPEI@EXCEPTION_FLT_STACK_CHECK?$AA@ 10020dd4     WbersClientLib:SEHError.obj
 0002:00003df0       ??_C@_0BH@LGFBHAFE@EXCEPTION_FLT_OVERFLOW?$AA@ 10020df0     WbersClientLib:SEHError.obj
 0002:00003e08       ??_C@_0CA@JJDIIMDB@EXCEPTION_FLT_INVALID_OPERATION?$AA@ 10020e08     WbersClientLib:SEHError.obj
 0002:00003e28       ??_C@_0BN@KLCBBCKL@EXCEPTION_FLT_INEXACT_RESULT?$AA@ 10020e28     WbersClientLib:SEHError.obj
 0002:00003e48       ??_C@_0BN@PHPNMCML@EXCEPTION_FLT_DIVIDE_BY_ZERO?$AA@ 10020e48     WbersClientLib:SEHError.obj
 0002:00003e68       ??_C@_0BP@NMNHALMC@EXCEPTION_FLT_DENORMAL_OPERAND?$AA@ 10020e68     WbersClientLib:SEHError.obj
 0002:00003e88       ??_C@_0CA@JNIHFDGO@EXCEPTION_ARRAY_BOUNDS_EXCEEDED?$AA@ 10020e88     WbersClientLib:SEHError.obj
 0002:00003ea8       ??_C@_0BL@CMOMFGDN@EXCEPTION_ACCESS_VIOLATION?$AA@ 10020ea8     WbersClientLib:SEHError.obj
 0002:00003ec4       ??_C@_0BF@BLPCMAHP@EXCEPTION_GUARD_PAGE?$AA@ 10020ec4     WbersClientLib:SEHError.obj
 0002:00003edc       ??_C@_0BG@HPCFEJHG@EXCEPTION_SINGLE_STEP?$AA@ 10020edc     WbersClientLib:SEHError.obj
 0002:00003ef4       ??_C@_0BF@FLLDOCJP@EXCEPTION_BREAKPOINT?$AA@ 10020ef4     WbersClientLib:SEHError.obj
 0002:00003f0c       ??_C@_0CA@LEJEDDLG@EXCEPTION_DATATYPE_MISALIGNMENT?$AA@ 10020f0c     WbersClientLib:SEHError.obj
 0002:00003f2c       ??_C@_07NOEMLBEK@modinfo?$AA@ 10020f2c     WbersClientLib:SEHError.obj
[...]
 0001:0001b52b       __ehhandler$?allocNewItemData@CMetpParser@hgx@@IAEPAVCItemData@12@PBDH@Z 1001c52b f   MetpParser:MetpParser.obj
 0001:0001b550       __unwindfunclet$?UnZipMetp@CMetpParser@hgx@@IAE_NPAPAEPAKPAEK@Z$0 1001c550 f   MetpParser:MetpParser.obj
 0001:0001b558       __ehhandler$?UnZipMetp@CMetpParser@hgx@@IAE_NPAPAEPAKPAEK@Z 1001c558 f   MetpParser:MetpParser.obj
 0001:0001b580       __unwindfunclet$??0logic_error@std@@QAE@ABV?$basic_string@DU?$char_traits@D@std@@V?$allocator@D@2@@1@@Z$0 1001c580 f   MetpParser:MetpParser.obj
 0001:0001b588       __ehhandler$??0logic_error@std@@QAE@ABV?$basic_string@DU?$char_traits@D@std@@V?$allocator@D@2@@1@@Z 1001c588 f   MetpParser:MetpParser.obj
 0001:0001b5b0       __unwindfunclet$??R?$cNodeDelete@U?$pair@V?$basic_string@DU?$char_traits@D@std@@V?$allocator@D@2@@std@@PAVCItemData@CMetpParser@hgx@@@std@@$00@@QAEXU?$pair@V?$basic_string@DU?$char_traits@D@std@@V?$allocator@D@2@@std@@PAVCItemData@CMetpParser@hgx@@@std@@@Z$0 1001c5b0 f   MetpParser:MetpParser.obj
 0001:0001b5b8       __ehhandler$??R?$cNodeDelete@U?$pair@V?$basic_string@DU?$char_traits@D@std@@V?$allocator@D@2@@std@@PAVCItemData@CMetpParser@hgx@@@std@@$00@@QAEXU?$pair@V?$basic_string@DU?$char_traits@D@std@@V?$allocator@D@2@@std@@PAVCItemData@CMetpParser@hgx@@@std@@@Z 1001c5b8 f   MetpParser:MetpParser.obj
 0001:0001b5e0       __unwindfunclet$?IsExistKey@CMetpParser@hgx@@QAE_NPBD@Z$0 1001c5e0 f   MetpParser:MetpParser.obj
 0001:0001b5e8       __ehhandler$?IsExistKey@CMetpParser@hgx@@QAE_NPBD@Z 1001c5e8 f   MetpParser:MetpParser.obj
 0001:0001b610       __unwindfunclet$?GetValue@CMetpParser@hgx@@QAE_NPBDAAPAD@Z$0 1001c610 f   MetpParser:MetpParser.obj
 0001:0001b610       __unwindfunclet$?GetValue@CMetpParser@hgx@@QAE_NPBDAAPADAAH@Z$0 1001c610 f   MetpParser:MetpParser.obj
 0001:0001b618       __ehhandler$?GetValue@CMetpParser@hgx@@QAE_NPBDAAPADAAH@Z 1001c618 f   MetpParser:MetpParser.obj
 0001:0001b618       __ehhandler$?GetValue@CMetpParser@hgx@@QAE_NPBDAAPAD@Z 1001c618 f   MetpParser:MetpParser.obj
 0001:0001b640       __unwindfunclet$?_Buynode@?$_Tree@V?$_Tmap_traits@V?$basic_string@DU?$char_traits@D@std@@V?$allocator@D@2@@std@@PAVCItemData@CMetpParser@hgx@@U?$less@V?$basic_string@DU?$char_traits@D@std@@V?$allocator@D@2@@std@@@2@V?$allocator@U?$pair@$$CBV?$basic_string@DU?$char_traits@D@std@@V?$allocator@D@2@@std@@PAVCItemData@CMetpParser@hgx@@@std@@@2@$0A@@std@@@std@@IAEPAU_Node@?$_Tree_nod@V?$_Tmap_traits@V?$basic_string@DU?$char_traits@D@std@@V?$allocator@D@2@@std@@PAVCItemData@CMetpParser@hgx@@U?$less@V?$basic_string@DU?$char_traits@D@std@@V?$allocator@D@2@@std@@@2@V?$allocator@U?$pair@$$CBV?$basic_string@DU?$char_traits@D@std@@V?$allocator@D@2@@std@@PAVCItemData@CMetpParser@hgx@@@std@@@2@$0A@@std@@@2@PAU342@00ABU?$pair@$$CBV?$basic_string@DU?$char_traits@D@std@@V?$allocator@D@2@@std@@PAVCItemData@CMetpParser@hgx@@@2@D@Z$2 1001c640 f   MetpParser:MetpParser.obj
 0001:0001b651       __ehhandler$?_Buynode@?$_Tree@V?$_Tmap_traits@V?$basic_string@DU?$char_traits@D@std@@V?$allocator@D@2@@std@@PAVCItemData@CMetpParser@hgx@@U?$less@V?$basic_string@DU?$char_traits@D@std@@V?$allocator@D@2@@std@@@2@V?$allocator@U?$pair@$$CBV?$basic_string@DU?$char_traits@D@std@@V?$allocator@D@2@@std@@PAVCItemData@CMetpParser@hgx@@@std@@@2@$0A@@std@@@std@@IAEPAU_Node@?$_Tree_nod@V?$_Tmap_traits@V?$basic_string@DU?$char_traits@D@std@@V?$allocator@D@2@@std@@PAVCItemData@CMetpParser@hgx@@U?$less@V?$basic_string@DU?$char_traits@D@std@@V?$allocator@D@2@@std@@@2@V?$allocator@U?$pair@$$CBV?$basic_string@DU?$char_traits@D@std@@V?$allocator@D@2@@std@@PAVCItemData@CMetpParser@hgx@@@std@@@2@$0A@@std@@@2@PAU342@00ABU?$pair@$$CBV?$basic_string@DU?$char_traits@D@std@@V?$allocator@D@2@@std@@PAVCItemData@CMetpParser@hgx@@@2@D@Z 1001c651 f   MetpParser:MetpParser.obj
 0001:0001b670       __unwindfunclet$?erase@?$_Tree@V?$_Tmap_traits@V?$basic_string@DU?$char_traits@D@std@@V?$allocator@D@2@@std@@PAVCItemData@CMetpParser@hgx@@U?$less@V?$basic_string@DU?$char_traits@D@std@@V?$allocator@D@2@@std@@@2@V?$allocator@U?$pair@$$CBV?$basic_string@DU?$char_traits@D@std@@V?$allocator@D@2@@std@@PAVCItemData@CMetpParser@hgx@@@std@@@2@$0A@@std@@@std@@QAE?AViterator@12@V312@@Z$0 1001c670 f   MetpParser:MetpParser.obj
 0001:0001b678       __ehhandler$?erase@?$_Tree@V?$_Tmap_traits@V?$basic_string@DU?$char_traits@D@std@@V?$allocator@D@2@@std@@PAVCItemData@CMetpParser@hgx@@U?$less@V?$basic_string@DU?$char_traits@D@std@@V?$allocator@D@2@@std@@@2@V?$allocator@U?$pair@$$CBV?$basic_string@DU?$char_traits@D@std@@V?$allocator@D@2@@std@@PAVCItemData@CMetpParser@hgx@@@std@@@2@$0A@@std@@@std@@QAE?AViterator@12@V312@@Z 1001c678 f   MetpParser:MetpParser.obj
 0001:0001b6a0       __unwindfunclet$??0logic_error@std@@QAE@ABV01@@Z$0 1001c6a0 f   MetpParser:MetpParser.obj
 0001:0001b6a8       __ehhandler$??0logic_error@std@@QAE@ABV01@@Z 1001c6a8 f   MetpParser:MetpParser.obj
 0001:0001b6d0       __unwindfunclet$?_Insert@?$_Tree@V?$_Tmap_traits@V?$basic_string@DU?$char_traits@D@std@@V?$allocator@D@2@@std@@PAVCItemData@CMetpParser@hgx@@U?$less@V?$basic_string@DU?$char_traits@D@std@@V?$allocator@D@2@@std@@@2@V?$allocator@U?$pair@$$CBV?$basic_string@DU?$char_traits@D@std@@V?$allocator@D@2@@std@@PAVCItemData@CMetpParser@hgx@@@std@@@2@$0A@@std@@@std@@IAE?AViterator@12@_NPAU_Node@?$_Tree_nod@V?$_Tmap_traits@V?$basic_string@DU?$char_traits@D@std@@V?$allocator@D@2@@std@@PAVCItemData@CMetpParser@hgx@@U?$less@V?$basic_string@DU?$char_traits@D@std@@V?$allocator@D@2@@std@@@2@V?$allocator@U?$pair@$$CBV?$basic_string@DU?$char_traits@D@std@@V?$allocator@D@2@@std@@PAVCItemData@CMetpParser@hgx@@@std@@@2@$0A@@std@@@2@ABU?$pair@$$CBV?$basic_string@DU?$char_traits@D@std@@V?$allocator@D@2@@std@@PAVCItemData@CMetpParser@hgx@@@2@@Z$0 1001c6d0 f   MetpParser:MetpParser.obj
 0001:0001b6d8       __ehhandler$?_Insert@?$_Tree@V?$_Tmap_traits@V?$basic_string@DU?$char_traits@D@std@@V?$allocator@D@2@@std@@PAVCItemData@CMetpParser@hgx@@U?$less@V?$basic_string@DU?$char_traits@D@std@@V?$allocator@D@2@@std@@@2@V?$allocator@U?$pair@$$CBV?$basic_string@DU?$char_traits@D@std@@V?$allocator@D@2@@std@@PAVCItemData@CMetpParser@hgx@@@std@@@2@$0A@@std@@@std@@IAE?AViterator@12@_NPAU_Node@?$_Tree_nod@V?$_Tmap_traits@V?$basic_string@DU?$char_traits@D@std@@V?$allocator@D@2@@std@@PAVCItemData@CMetpParser@hgx@@U?$less@V?$basic_string@DU?$char_traits@D@std@@V?$allocator@D@2@@std@@@2@V?$allocator@U?$pair@$$CBV?$basic_string@DU?$char_traits@D@std@@V?$allocator@D@2@@std@@PAVCItemData@CMetpParser@hgx@@@std@@@2@$0A@@std@@@2@ABU?$pair@$$CBV?$basic_string@DU?$char_traits@D@std@@V?$allocator@D@2@@std@@PAVCItemData@CMetpParser@hgx@@@2@@Z 1001c6d8 f   MetpParser:MetpParser.obj
 0001:0001b700       __unwindfunclet$?insertNewKey@CMetpParser@hgx@@IAE_NAAU?$pair@V?$basic_string@DU?$char_traits@D@std@@V?$allocator@D@2@@std@@PAVCItemData@CMetpParser@hgx@@@std@@@Z$0 1001c700 f   MetpParser:MetpParser.obj
 0001:0001b708       __ehhandler$?insertNewKey@CMetpParser@hgx@@IAE_NAAU?$pair@V?$basic_string@DU?$char_traits@D@std@@V?$allocator@D@2@@std@@PAVCItemData@CMetpParser@hgx@@@std@@@Z 1001c708 f   MetpParser:MetpParser.obj
 0001:0001b730       __unwindfunclet$?AddValue@CMetpParser@hgx@@QAE_NPBD0@Z$0 1001c730 f   MetpParser:MetpParser.obj
 0001:0001b738       __unwindfunclet$?AddValue@CMetpParser@hgx@@QAE_NPBD0@Z$1 1001c738 f   MetpParser:MetpParser.obj
 0001:0001b740       __ehhandler$?AddValue@CMetpParser@hgx@@QAE_NPBD0@Z 1001c740 f   MetpParser:MetpParser.obj
 0001:0001b770       __unwindfunclet$??1CMetpParser@hgx@@UAE@XZ$0 1001c770 f   MetpParser:MetpParser.obj
 0001:0001b77b       __ehhandler$??1CMetpParser@hgx@@UAE@XZ 1001c77b f   MetpParser:MetpParser.obj
 0001:0001b7a0       __unwindfunclet$??0CMetpParser@hgx@@QAE@PBDH0@Z$0 1001c7a0 f   MetpParser:MetpParser.obj
 0001:0001b7ab       __ehhandler$??0CMetpParser@hgx@@QAE@PBDH0@Z 1001c7ab f   MetpParser:MetpParser.obj
 0001:0001b7d0       __unwindfunclet$?SendSurvivalReport@SEHError@@SAXABV?$basic_string@DU?$char_traits@D@std@@V?$allocator@D@2@@std@@@Z$0 1001c7d0 f   WbersClientLib:SEHError.obj
 0001:0001b7d8       __unwindfunclet$?SendSurvivalReport@SEHError@@SAXABV?$basic_string@DU?$char_traits@D@std@@V?$allocator@D@2@@std@@@Z$1 1001c7d8 f   WbersClientLib:SEHError.obj
 0001:0001b7e0       __unwindfunclet$?SendSurvivalReport@SEHError@@SAXABV?$basic_string@DU?$char_traits@D@std@@V?$allocator@D@2@@std@@@Z$2 1001c7e0 f   WbersClientLib:SEHError.obj
 0001:0001b7eb       __unwindfunclet$?SendSurvivalReport@SEHError@@SAXABV?$basic_string@DU?$char_traits@D@std@@V?$allocator@D@2@@std@@@Z$3 1001c7eb f   WbersClientLib:SEHError.obj
 0001:0001b7f3       __ehhandler$?SendSurvivalReport@SEHError@@SAXABV?$basic_string@DU?$char_traits@D@std@@V?$allocator@D@2@@std@@@Z 1001c7f3 f   WbersClientLib:SEHError.obj
 0001:0001b820       __unwindfunclet$?AutoSetVersion@SEHError@@SAXXZ$0 1001c820 f   WbersClientLib:SEHError.obj
 0001:0001b82b       __ehhandler$?AutoSetVersion@SEHError@@SAXXZ 1001c82b f   WbersClientLib:SEHError.obj
 0001:0001b860       __unwindfunclet$?CheckErrorFile@SEHError@@CAXXZ$0 1001c860 f   WbersClientLib:SEHError.obj
 0001:0001b868       __unwindfunclet$?CheckErrorFile@SEHError@@CAXXZ$1 1001c868 f   WbersClientLib:SEHError.obj
 0001:0001b870       __ehhandler$?CheckErrorFile@SEHError@@CAXXZ 1001c870 f   WbersClientLib:SEHError.obj
 0001:0001b890       __unwindfunclet$??0_ThreadContext@@QAE@ABV?$basic_string@DU?$char_traits@D@std@@V?$allocator@D@2@@std@@0P6AXH@Z_N@Z$0 1001c890 f   WbersClientLib:Wbers.obj
 0001:0001b89b       __unwindfunclet$??0_ThreadContext@@QAE@ABV?$basic_string@DU?$char_traits@D@std@@V?$allocator@D@2@@std@@0P6AXH@Z_N@Z$1 1001c89b f   WbersClientLib:Wbers.obj
 0001:0001b8a6       __ehhandler$??0_ThreadContext@@QAE@ABV?$basic_string@DU?$char_traits@D@std@@V?$allocator@D@2@@std@@0P6AXH@Z_N@Z 1001c8a6 f   WbersClientLib:Wbers.obj
 0001:0001b8d0       __unwindfunclet$?weblog_free@Wbers@@SA_NABV?$basic_string@DU?$char_traits@D@std@@V?$allocator@D@2@@std@@P6AXH@Z_N2@Z$0 1001c8d0 f   WbersClientLib:Wbers.obj
 0001:0001b8db       __unwindfunclet$?weblog_free@Wbers@@SA_NABV?$basic_string@DU?$char_traits@D@std@@V?$allocator@D@2@@std@@P6AXH@Z_N2@Z$1 1001c8db f   WbersClientLib:Wbers.obj
 0001:0001b8f4       __unwindfunclet$?weblog_free@Wbers@@SA_NABV?$basic_string@DU?$char_traits@D@std@@V?$allocator@D@2@@std@@P6AXH@Z_N2@Z$2 1001c8f4 f   WbersClientLib:Wbers.obj
 0001:0001b8fc       __ehhandler$?weblog_free@Wbers@@SA_NABV?$basic_string@DU?$char_traits@D@std@@V?$allocator@D@2@@std@@P6AXH@Z_N2@Z 1001c8fc f   WbersClientLib:Wbers.obj
 0001:0001b930       __unwindfunclet$?weblog@Wbers@@SA_NABV?$basic_string@DU?$char_traits@D@std@@V?$allocator@D@2@@std@@0P6AXH@Z_N@Z$0 1001c930 f   WbersClientLib:Wbers.obj
 0001:0001b93b       __ehhandler$?weblog@Wbers@@SA_NABV?$basic_string@DU?$char_traits@D@std@@V?$allocator@D@2@@std@@0P6AXH@Z_N@Z 1001c93b f   WbersClientLib:Wbers.obj
 0001:0001b970       __unwindfunclet$??0LogBuilder@@QAE@ABV?$basic_string@DU?$char_traits@D@std@@V?$allocator@D@2@@std@@0@Z$0 1001c970 f   WbersClientLib:LogBuilder.obj
 0001:0001b97b       __ehhandler$??0LogBuilder@@QAE@ABV?$basic_string@DU?$char_traits@D@std@@V?$allocator@D@2@@std@@0@Z 1001c97b f   WbersClientLib:LogBuilder.obj
 0001:0001b9a0       __unwindfunclet$??$?HDU?$char_traits@D@std@@V?$allocator@D@1@@std@@YA?AV?$basic_string@DU?$char_traits@D@std@@V?$allocator@D@2@@0@ABV10@PBD@Z$0 1001c9a0 f   WbersClientLib:InetPost.obj
 0001:0001b9a0       __unwindfunclet$??$?HDU?$char_traits@D@std@@V?$allocator@D@1@@std@@YA?AV?$basic_string@DU?$char_traits@D@std@@V?$allocator@D@2@@0@ABV10@0@Z$0 1001c9a0 f   WbersClientLib:InetPost.obj
 0001:0001b9a0       __unwindfunclet$??$?HDU?$char_traits@D@std@@V?$allocator@D@1@@std@@YA?AV?$basic_string@DU?$char_traits@D@std@@V?$allocator@D@2@@0@PBDABV10@@Z$0 1001c9a0 f   WbersClientLib:InetPost.obj
 0001:0001b9a8       __ehhandler$??$?HDU?$char_traits@D@std@@V?$allocator@D@1@@std@@YA?AV?$basic_string@DU?$char_traits@D@std@@V?$allocator@D@2@@0@ABV10@PBD@Z 1001c9a8 f   WbersClientLib:InetPost.obj
 0001:0001b9a8       __ehhandler$??$?HDU?$char_traits@D@std@@V?$allocator@D@1@@std@@YA?AV?$basic_string@DU?$char_traits@D@std@@V?$allocator@D@2@@0@PBDABV10@@Z 1001c9a8 f   WbersClientLib:InetPost.obj
 0001:0001b9a8       __ehhandler$??$?HDU?$char_traits@D@std@@V?$allocator@D@1@@std@@YA?AV?$basic_string@DU?$char_traits@D@std@@V?$allocator@D@2@@0@ABV10@0@Z 1001c9a8 f   WbersClientLib:InetPost.obj
 0001:0001b9d0       __unwindfunclet$?GenerateMultipartBoundary@@YA?AV?$basic_string@DU?$char_traits@D@std@@V?$allocator@D@2@@std@@XZ$0 1001c9d0 f   WbersClientLib:InetPost.obj
 0001:0001b9d8       __ehhandler$?GenerateMultipartBoundary@@YA?AV?$basic_string@DU?$char_traits@D@std@@V?$allocator@D@2@@std@@XZ 1001c9d8 f   WbersClientLib:InetPost.obj
 0001:0001ba00       __unwindfunclet$?GenerateRequestTail@@YA?AV?$basic_string@DU?$char_traits@D@std@@V?$allocator@D@2@@std@@ABV12@@Z$0 1001ca00 f   WbersClientLib:InetPost.obj
 0001:0001ba19       __ehhandler$?GenerateRequestTail@@YA?AV?$basic_string@DU?$char_traits@D@std@@V?$allocator@D@2@@std@@ABV12@@Z 1001ca19 f   WbersClientLib:InetPost.obj
 0001:0001ba40       __unwindfunclet$?GenerateRequestBody@@YA?AV?$basic_string@DU?$char_traits@D@std@@V?$allocator@D@2@@std@@ABV12@0@Z$0 1001ca40 f   WbersClientLib:InetPost.obj
 0001:0001ba62       __unwindfunclet$?GenerateRequestBody@@YA?AV?$basic_string@DU?$char_traits@D@std@@V?$allocator@D@2@@std@@ABV12@0@Z$1 1001ca62 f   WbersClientLib:InetPost.obj
 0001:0001ba6a       __unwindfunclet$?GenerateRequestBody@@YA?AV?$basic_string@DU?$char_traits@D@std@@V?$allocator@D@2@@std@@ABV12@0@Z$2 1001ca6a f   WbersClientLib:InetPost.obj
 0001:0001ba75       __unwindfunclet$?GenerateRequestBody@@YA?AV?$basic_string@DU?$char_traits@D@std@@V?$allocator@D@2@@std@@ABV12@0@Z$3 1001ca75 f   WbersClientLib:InetPost.obj
 0001:0001ba80       __unwindfunclet$?GenerateRequestBody@@YA?AV?$basic_string@DU?$char_traits@D@std@@V?$allocator@D@2@@std@@ABV12@0@Z$4 1001ca80 f   WbersClientLib:InetPost.obj
 0001:0001ba88       __unwindfunclet$?GenerateRequestBody@@YA?AV?$basic_string@DU?$char_traits@D@std@@V?$allocator@D@2@@std@@ABV12@0@Z$5 1001ca88 f   WbersClientLib:InetPost.obj
 0001:0001ba90       __unwindfunclet$?GenerateRequestBody@@YA?AV?$basic_string@DU?$char_traits@D@std@@V?$allocator@D@2@@std@@ABV12@0@Z$6 1001ca90 f   WbersClientLib:InetPost.obj
 0001:0001ba98       __unwindfunclet$?GenerateRequestBody@@YA?AV?$basic_string@DU?$char_traits@D@std@@V?$allocator@D@2@@std@@ABV12@0@Z$7 1001ca98 f   WbersClientLib:InetPost.obj
 0001:0001baa3       __unwindfunclet$?GenerateRequestBody@@YA?AV?$basic_string@DU?$char_traits@D@std@@V?$allocator@D@2@@std@@ABV12@0@Z$8 1001caa3 f   WbersClientLib:InetPost.obj
 0001:0001baae       __unwindfunclet$?GenerateRequestBody@@YA?AV?$basic_string@DU?$char_traits@D@std@@V?$allocator@D@2@@std@@ABV12@0@Z$9 1001caae f   WbersClientLib:InetPost.obj
 0001:0001bab9       __unwindfunclet$?GenerateRequestBody@@YA?AV?$basic_string@DU?$char_traits@D@std@@V?$allocator@D@2@@std@@ABV12@0@Z$10 1001cab9 f   WbersClientLib:InetPost.obj
 0001:0001bac4       __ehhandler$?GenerateRequestBody@@YA?AV?$basic_string@DU?$char_traits@D@std@@V?$allocator@D@2@@std@@ABV12@0@Z 1001cac4 f   WbersClientLib:InetPost.obj
 0001:0001bb00       __unwindfunclet$?InetPost@@YAKPBD00G@Z$1 1001cb00 f   WbersClientLib:InetPost.obj
 0001:0001bb0b       __unwindfunclet$?InetPost@@YAKPBD00G@Z$2 1001cb0b f   WbersClientLib:InetPost.obj
 0001:0001bb16       __unwindfunclet$?InetPost@@YAKPBD00G@Z$3 1001cb16 f   WbersClientLib:InetPost.obj
 0001:0001bb21       __unwindfunclet$?InetPost@@YAKPBD00G@Z$4 1001cb21 f   WbersClientLib:InetPost.obj
 0001:0001bb2c       __unwindfunclet$?InetPost@@YAKPBD00G@Z$5 1001cb2c f   WbersClientLib:InetPost.obj
 0001:0001bb34       __unwindfunclet$?InetPost@@YAKPBD00G@Z$6 1001cb34 f   WbersClientLib:InetPost.obj
 0001:0001bb3c       __unwindfunclet$?InetPost@@YAKPBD00G@Z$7 1001cb3c f   WbersClientLib:InetPost.obj
 0001:0001bb47       __unwindfunclet$?InetPost@@YAKPBD00G@Z$8 1001cb47 f   WbersClientLib:InetPost.obj
 0001:0001bb4f       __ehhandler$?InetPost@@YAKPBD00G@Z 1001cb4f f   WbersClientLib:InetPost.obj
 0001:0001bb7d       __ehhandler$?CallUnexpected@@YAXPBU_s_ESTypeList@@@Z 1001cb7d f   LIBCMT:frame.obj
 0001:0001bb98       __unwindfunclet$?_Xlen@_String_base@std@@SAXXZ$0 1001cb98 f   libcpmt:string.obj
 0001:0001bb98       __unwindfunclet$?_Xran@_String_base@std@@SAXXZ$0 1001cb98 f   libcpmt:string.obj
 0001:0001bba0       __ehhandler$?_Xlen@_String_base@std@@SAXXZ 1001cba0 f   libcpmt:string.obj
 0001:0001bba0       __ehhandler$?_Xran@_String_base@std@@SAXXZ 1001cba0 f   libcpmt:string.obj
 0001:0001bbc0       ??__Edefault_se_filename@@YAXXZ 1001cbc0 f   WbersClientLib:SEHError.obj
 0001:0001bbe0       ??__E?s_version@SEHError@@0V?$basic_string@DU?$char_traits@D@std@@V?$allocator@D@2@@std@@A@@YAXXZ 1001cbe0 f   WbersClientLib:SEHError.obj
 0001:0001bc00       ??__E?s_subjectName@SEHError@@0V?$basic_string@DU?$char_traits@D@std@@V?$allocator@D@2@@std@@A@@YAXXZ 1001cc00 f   WbersClientLib:SEHError.obj
 0001:0001bc20       ??__E?s_dumpFilename@SEHError@@2V?$basic_string@DU?$char_traits@D@std@@V?$allocator@D@2@@std@@A@@YAXXZ 1001cc20 f   WbersClientLib:SEHError.obj
 0001:0001bc40       ??__E?s_userid@SEHError@@0V?$basic_string@DU?$char_traits@D@std@@V?$allocator@D@2@@std@@A@@YAXXZ 1001cc40 f   WbersClientLib:SEHError.obj
 0001:0001bc60       ??__E?s_gameid@SEHError@@0V?$basic_string@DU?$char_traits@D@std@@V?$allocator@D@2@@std@@A@@YAXXZ 1001cc60 f   WbersClientLib:SEHError.obj
 0001:0001bc80       ??__E?start_time@Wbers@@2KA@@YAXXZ 1001cc80 f   WbersClientLib:Wbers.obj
 0001:0001bc90       ??__E?s_serverIp@Wbers@@2V?$basic_string@DU?$char_traits@D@std@@V?$allocator@D@2@@std@@A@@YAXXZ 1001cc90 f   WbersClientLib:Wbers.obj
 0001:0001bca0       ??__E?s_serverFile@Wbers@@2V?$basic_string@DU?$char_traits@D@std@@V?$allocator@D@2@@std@@A@@YAXXZ 1001cca0 f   WbersClientLib:Wbers.obj
 0001:0001bcb0       ??__E?s_projectName@Wbers@@2V?$basic_string@DU?$char_traits@D@std@@V?$allocator@D@2@@std@@A@@YAXXZ 1001ccb0 f   WbersClientLib:Wbers.obj
 0001:0001bcc0       ??__Eg_cs@@YAXXZ           1001ccc0 f   WbersClientLib:Wbers.obj
 0001:0001bce0       ??__Fdefault_se_filename@@YAXXZ 1001cce0 f   WbersClientLib:SEHError.obj
 0001:0001bd10       ??__F?s_version@SEHError@@0V?$basic_string@DU?$char_traits@D@std@@V?$allocator@D@2@@std@@A@@YAXXZ 1001cd10 f   WbersClientLib:SEHError.obj
 0001:0001bd40       ??__F?s_subjectName@SEHError@@0V?$basic_string@DU?$char_traits@D@std@@V?$allocator@D@2@@std@@A@@YAXXZ 1001cd40 f   WbersClientLib:SEHError.obj
 0001:0001bd70       ??__F?s_dumpFilename@SEHError@@2V?$basic_string@DU?$char_traits@D@std@@V?$allocator@D@2@@std@@A@@YAXXZ 1001cd70 f   WbersClientLib:SEHError.obj
 0001:0001bda0       ??__F?s_userid@SEHError@@0V?$basic_string@DU?$char_traits@D@std@@V?$allocator@D@2@@std@@A@@YAXXZ 1001cda0 f   WbersClientLib:SEHError.obj
 0001:0001bdd0       ??__F?s_gameid@SEHError@@0V?$basic_string@DU?$char_traits@D@std@@V?$allocator@D@2@@std@@A@@YAXXZ 1001cdd0 f   WbersClientLib:SEHError.obj
 0001:0001be00       ??__Fg_cs@@YAXXZ           1001ce00 f   WbersClientLib:Wbers.obj
 0001:0001be10       ??__F?s_serverIp@Wbers@@2V?$basic_string@DU?$char_traits@D@std@@V?$allocator@D@2@@std@@A@@YAXXZ 1001ce10 f   WbersClientLib:Wbers.obj
 0001:0001be40       ??__F?s_serverFile@Wbers@@2V?$basic_string@DU?$char_traits@D@std@@V?$allocator@D@2@@std@@A@@YAXXZ 1001ce40 f   WbersClientLib:Wbers.obj
 0001:0001be70       ??__F?s_projectName@Wbers@@2V?$basic_string@DU?$char_traits@D@std@@V?$allocator@D@2@@std@@A@@YAXXZ 1001ce70 f   WbersClientLib:Wbers.obj
 0001:0001be9e       ??__Fnomem@?5???2@YAPAXI@Z@YAXXZ 1001ce9e f   LIBCMT:new.obj
 0003:00000140       inflate_fast_use_mmx       10025140 f   MetpParser:inffas32.obj
