 HanReportForClientD

 Timestamp is 48bb4f9a (Mon Sep 01 11:12:42 2008)

 Preferred load address is 10000000

 Start         Length     Name                   Class
 0001:00000000 0006afdcH .text                   CODE
 0001:0006afe0 000018f3H .text$x                 CODE
 0001:0006c8e0 0000038cH .text$yc                CODE
 0001:0006cc70 000002afH .text$yd                CODE
 0002:00000000 0000020cH .idata$5                DATA
 0002:0000020c 00000004H .CRT$XCA                DATA
 0002:00000210 00000004H .CRT$XCC                DATA
 0002:00000214 0000002cH .CRT$XCU                DATA
 0002:00000240 00000004H .CRT$XCZ                DATA
 0002:00000244 00000004H .CRT$XIA                DATA
 0002:00000248 00000014H .CRT$XIC                DATA
 0002:0000025c 00000004H .CRT$XIZ                DATA
 0002:00000260 00000004H .CRT$XPA                DATA
 0002:00000264 00000008H .CRT$XPX                DATA
 0002:0000026c 00000004H .CRT$XPXA               DATA
 0002:00000270 00000004H .CRT$XPZ                DATA
 0002:00000274 00000004H .CRT$XTA                DATA
 0002:00000278 00000004H .CRT$XTZ                DATA
 0002:00000280 0001365eH .rdata                  DATA
 0002:000138e0 0000006dH .rdata$debug            DATA
 0002:00013950 000006c0H .rdata$r                DATA
 0002:00014010 00000004H .rtc$IAA                DATA
 0002:00014014 00000028H .rtc$IMZ                DATA
 0002:0001403c 00000004H .rtc$IZZ                DATA
 0002:00014040 00000004H .rtc$TAA                DATA
 0002:00014044 00000028H .rtc$TMZ                DATA
 0002:0001406c 00000004H .rtc$TZZ                DATA
 0002:00014070 000022fcH .xdata$x                DATA
 0002:0001636c 00000064H .idata$2                DATA
 0002:000163d0 00000014H .idata$3                DATA
 0002:000163e4 0000020cH .idata$4                DATA
 0002:000165f0 00000984H .idata$6                DATA
 0002:00016f80 000001a0H .edata                  DATA
 0003:00000000 00001750H .data                   DATA
 0003:00001760 00007f3cH .bss                    DATA
 0004:00000000 00000130H .rsrc$01                DATA
 0004:00000130 000008c8H .rsrc$02                DATA

  Address         Publics by Value              Rva+Base       Lib:Object

 0000:00000000       ___safe_se_handler_count   00000000     <absolute>
 0000:00000000       ___safe_se_handler_table   00000000     <absolute>
 0000:00000000       __except_list              00000000     <absolute>
 0000:00000000       ___ImageBase               10000000     <linker-defined>
 0001:00000000       _DllMain@12                10001000 f   HanReportForClient.obj
 0001:00000040       ?Weblog_Handler_Func@@YA_NXZ 10001040 f   HanReportForClientImpl.obj
 0001:00000100       ?HanReportInitWithDump@@YGHPADH@Z 10001100 f   HanReportForClientImpl.obj
 0001:00000150       ?HanReportInitGameStringWithDump@@YGHPAD@Z 10001150 f   HanReportForClientImpl.obj
 0001:00000190       ?HanReportInitGameString@@YGHPAD_N@Z 10001190 f   HanReportForClientImpl.obj
 0001:00000350       ?HanReportInit@@YGHPADH_N@Z 10001350 f   HanReportForClientImpl.obj
 0001:00000ce0       ?HanReportSendSync@@YAHPAD0@Z 10001ce0 f   HanReportForClientImpl.obj
 0001:00001020       ?strstr@@YAPADPADPBD@Z     10002020 f i HanReportForClientImpl.obj
 0001:00001070       ?setSync@LogBuilder@@QAEX_N@Z 10002070 f i HanReportForClientImpl.obj
 0001:000010b0       ??1LogBuilder@@QAE@XZ      100020b0 f i HanReportForClientImpl.obj
 0001:00001100       ?HanReportSendPosLogSync@@YGHPAD@Z 10002100 f   HanReportForClientImpl.obj
 0001:00001450       ?HanReportSendPosLog@@YGHPAD@Z 10002450 f   HanReportForClientImpl.obj
 0001:000018a0       ?HanReportSend@@YGHPAD0@Z  100028a0 f   HanReportForClientImpl.obj
 0001:00001be0       ?HanReportGetNationCode@@YGHPADPAH@Z 10002be0 f   HanReportForClientImpl.obj
 0001:00001d70       ?HanReportGetServiceTypeCode@@YGHPADPAH@Z 10002d70 f   HanReportForClientImpl.obj
 0001:00001f00       ?HanReportGetSiteCode@@YGHPADPAH@Z 10002f00 f   HanReportForClientImpl.obj
 0001:00002090       ?HanReportConvertMD5@@YGHPAD0@Z 10003090 f   HanReportForClientImpl.obj
 0001:000021e0       ?ConvertHexToString@@YAXPADPAEH@Z 100031e0 f   HanReportForClientImpl.obj
 0001:000022c0       ??0?$basic_string@DU?$char_traits@D@std@@V?$allocator@D@2@@std@@QAE@XZ 100032c0 f i HanReportForClientImpl.obj
 0001:00002360       ??0?$basic_string@DU?$char_traits@D@std@@V?$allocator@D@2@@std@@QAE@PBD@Z 10003360 f i HanReportForClientImpl.obj
 0001:00002410       ??1?$basic_string@DU?$char_traits@D@std@@V?$allocator@D@2@@std@@QAE@XZ 10003410 f i HanReportForClientImpl.obj
 0001:000024a0       ?replace@?$basic_string@DU?$char_traits@D@std@@V?$allocator@D@2@@std@@QAEAAV12@IIABV12@@Z 100034a0 f i HanReportForClientImpl.obj
 0001:00002500       ??A?$basic_string@DU?$char_traits@D@std@@V?$allocator@D@2@@std@@QAEAADI@Z 10003500 f i HanReportForClientImpl.obj
 0001:000025c0       ?size@?$basic_string@DU?$char_traits@D@std@@V?$allocator@D@2@@std@@QBEIXZ 100035c0 f i HanReportForClientImpl.obj
 0001:000025f0       ?find@?$basic_string@DU?$char_traits@D@std@@V?$allocator@D@2@@std@@QBEIPBDI@Z 100035f0 f i HanReportForClientImpl.obj
 0001:00002650       ?length@?$char_traits@D@std@@SAIPBD@Z 10003650 f i HanReportForClientImpl.obj
 0001:00002690       ?allocate@?$_DebugHeapAllocator@D@std@@QAAPADIPBX@Z 10003690 f i HanReportForClientImpl.obj
 0001:00002730       ??0bad_alloc@std@@QAE@PBD@Z 10003730 f i HanReportForClientImpl.obj
 0001:00002790       ??1bad_alloc@std@@UAE@XZ   10003790 f i HanReportForClientImpl.obj
 0001:000027e0       ??_Gbad_alloc@std@@UAEPAXI@Z 100037e0 f i HanReportForClientImpl.obj
 0001:000027e0       ??_Ebad_alloc@std@@UAEPAXI@Z 100037e0 f i HanReportForClientImpl.obj
 0001:00002840       ?allocate@?$_DebugHeapAllocator@D@std@@QAEPADI@Z 10003840 f i HanReportForClientImpl.obj
 0001:000028e0       ?deallocate@?$_DebugHeapAllocator@D@std@@QAEXPADI@Z 100038e0 f i HanReportForClientImpl.obj
 0001:00002930       ??1?$_String_val@DV?$allocator@D@std@@@std@@QAE@XZ 10003930 f i HanReportForClientImpl.obj
 0001:00002970       ??0bad_alloc@std@@QAE@ABV01@@Z 10003970 f i HanReportForClientImpl.obj
 0001:000029d0       ??0?$_DebugHeapAllocator@D@std@@QAE@XZ 100039d0 f i HanReportForClientImpl.obj
 0001:00002a20       ??1_String_base@std@@QAE@XZ 10003a20 f i HanReportForClientImpl.obj
 0001:00002a60       ??1_Container_base@std@@QAE@XZ 10003a60 f i HanReportForClientImpl.obj
 0001:00002aa0       ?_Orphan_all@_Container_base@std@@QBEXXZ 10003aa0 f i HanReportForClientImpl.obj
 0001:00002b60       ?assign@?$basic_string@DU?$char_traits@D@std@@V?$allocator@D@2@@std@@QAEAAV12@PBD@Z 10003b60 f i HanReportForClientImpl.obj
 0001:00002bc0       ?replace@?$basic_string@DU?$char_traits@D@std@@V?$allocator@D@2@@std@@QAEAAV12@IIABV12@II@Z 10003bc0 f i HanReportForClientImpl.obj
 0001:00002f20       ?find@?$basic_string@DU?$char_traits@D@std@@V?$allocator@D@2@@std@@QBEIPBDII@Z 10003f20 f i HanReportForClientImpl.obj
 0001:00003040       ?compare@?$char_traits@D@std@@SAHPBD0I@Z 10004040 f i HanReportForClientImpl.obj
 0001:00003090       ?find@?$char_traits@D@std@@SAPBDPBDIABD@Z 10004090 f i HanReportForClientImpl.obj
 0001:000030e0       ?_Tidy@?$basic_string@DU?$char_traits@D@std@@V?$allocator@D@2@@std@@IAEX_NI@Z 100040e0 f i HanReportForClientImpl.obj
 0001:00003190       ?_Myptr@?$basic_string@DU?$char_traits@D@std@@V?$allocator@D@2@@std@@IAEPADXZ 10004190 f i HanReportForClientImpl.obj
 0001:000031f0       ?_Myptr@?$basic_string@DU?$char_traits@D@std@@V?$allocator@D@2@@std@@IBEPBDXZ 100041f0 f i HanReportForClientImpl.obj
 0001:00003250       ??0?$_String_val@DV?$allocator@D@std@@@std@@IAE@V?$allocator@D@1@@Z 10004250 f i HanReportForClientImpl.obj
 0001:000032b0       ??0?$allocator@D@std@@QAE@XZ 100042b0 f i HanReportForClientImpl.obj
 0001:000032e0       ??0_String_base@std@@QAE@XZ 100042e0 f i HanReportForClientImpl.obj
 0001:00003330       ??0_Container_base@std@@QAE@XZ 10004330 f i HanReportForClientImpl.obj
 0001:00003370       ??0?$_DebugHeapAllocator@D@std@@QAE@ABV01@@Z 10004370 f i HanReportForClientImpl.obj
 0001:000033c0       ?assign@?$basic_string@DU?$char_traits@D@std@@V?$allocator@D@2@@std@@QAEAAV12@PBDI@Z 100043c0 f i HanReportForClientImpl.obj
 0001:00003470       ?assign@?$basic_string@DU?$char_traits@D@std@@V?$allocator@D@2@@std@@QAEAAV12@ABV12@II@Z 10004470 f i HanReportForClientImpl.obj
 0001:00003550       ?erase@?$basic_string@DU?$char_traits@D@std@@V?$allocator@D@2@@std@@QAEAAV12@II@Z 10004550 f i HanReportForClientImpl.obj
 0001:00003610       ?_Eos@?$basic_string@DU?$char_traits@D@std@@V?$allocator@D@2@@std@@IAEXI@Z 10004610 f i HanReportForClientImpl.obj
 0001:00003680       ?assign@?$char_traits@D@std@@SAXAADABD@Z 10004680 f i HanReportForClientImpl.obj
 0001:000036b0       ?_Grow@?$basic_string@DU?$char_traits@D@std@@V?$allocator@D@2@@std@@IAE_NI_N@Z 100046b0 f i HanReportForClientImpl.obj
 0001:00003780       ??0?$allocator@D@std@@QAE@ABV01@@Z 10004780 f i HanReportForClientImpl.obj
 0001:000037b0       ?deallocate@?$allocator@D@std@@QAEXPADI@Z 100047b0 f i HanReportForClientImpl.obj
 0001:00003800       ?max_size@?$basic_string@DU?$char_traits@D@std@@V?$allocator@D@2@@std@@QBEIXZ 10004800 f i HanReportForClientImpl.obj
 0001:00003870       ?_Copy@?$basic_string@DU?$char_traits@D@std@@V?$allocator@D@2@@std@@IAEXII@Z 10004870 f i HanReportForClientImpl.obj
 0001:00003a30       ?_Inside@?$basic_string@DU?$char_traits@D@std@@V?$allocator@D@2@@std@@IAE_NPBD@Z 10004a30 f i HanReportForClientImpl.obj
 0001:00003ab0       ?allocate@?$allocator@D@std@@QAEPADI@Z 10004ab0 f i HanReportForClientImpl.obj
 0001:00003b00       ?max_size@?$allocator@D@std@@QBEIXZ 10004b00 f i HanReportForClientImpl.obj
 0001:00003b60       ??$_Debug_pointer@D@std@@YAXPBDPB_WI@Z 10004b60 f i HanReportForClientImpl.obj
 0001:00003bb0       ??$_DebugHeapDelete@X@std@@YAXPAX@Z 10004bb0 f i HanReportForClientImpl.obj
 0001:00003c00       ??$copy_s@U?$char_traits@D@std@@@_Traits_helper@std@@YAPADPADIPBDI@Z 10004c00 f i HanReportForClientImpl.obj
 0001:00003c60       ??$move_s@U?$char_traits@D@std@@@_Traits_helper@std@@YAPADPADIPBDI@Z 10004c60 f i HanReportForClientImpl.obj
 0001:00003cc0       ??$_Allocate@D@std@@YAPADIPAD@Z 10004cc0 f i HanReportForClientImpl.obj
 0001:00003d40       ??$_Char_traits_cat@U?$char_traits@D@std@@@std@@YA?AU_Secure_char_traits_tag@0@XZ 10004d40 f i HanReportForClientImpl.obj
 0001:00003da0       ??$copy_s@U?$char_traits@D@std@@@_Traits_helper@std@@YAPADPADIPBDIU_Secure_char_traits_tag@1@@Z 10004da0 f i HanReportForClientImpl.obj
 0001:00003df0       ?_Copy_s@?$char_traits@D@std@@SAPADPADIPBDI@Z 10004df0 f i HanReportForClientImpl.obj
 0001:00003e40       ??$move_s@U?$char_traits@D@std@@@_Traits_helper@std@@YAPADPADIPBDIU_Secure_char_traits_tag@1@@Z 10004e40 f i HanReportForClientImpl.obj
 0001:00003e90       ?_Move_s@?$char_traits@D@std@@SAPADPADIPBDI@Z 10004e90 f i HanReportForClientImpl.obj
 0001:00003ee0       ??0CMD5@@QAE@XZ            10004ee0 f   MD5.obj
 0001:00003f20       ??_GCMD5@@UAEPAXI@Z        10004f20 f i MD5.obj
 0001:00003f20       ??_ECMD5@@UAEPAXI@Z        10004f20 f i MD5.obj
 0001:00003f80       ??1CMD5@@UAE@XZ            10004f80 f   MD5.obj
 0001:00003fc0       ?Init@CMD5@@QAEXXZ         10004fc0 f   MD5.obj
 0001:00004030       ?Append@CMD5@@QAEXPBEH@Z   10005030 f   MD5.obj
 0001:000041a0       ?Finish@CMD5@@QAEXQAE@Z    100051a0 f   MD5.obj
 0001:000042c0       ?Process@CMD5@@IAEXPBE@Z   100052c0 f   MD5.obj
 0001:00005220       ??0CMetpParser@hgx@@QAE@XZ 10006220 f   MetpParserD:MetpParser.obj
 0001:000052c0       ??_GCMetpParser@hgx@@UAEPAXI@Z 100062c0 f i MetpParserD:MetpParser.obj
 0001:000052c0       ??_ECMetpParser@hgx@@UAEPAXI@Z 100062c0 f i MetpParserD:MetpParser.obj
 0001:00005320       ??1?$map@V?$basic_string@DU?$char_traits@D@std@@V?$allocator@D@2@@std@@PAVCItemData@CMetpParser@hgx@@U?$less@V?$basic_string@DU?$char_traits@D@std@@V?$allocator@D@2@@std@@@2@V?$allocator@U?$pair@$$CBV?$basic_string@DU?$char_traits@D@std@@V?$allocator@D@2@@std@@PAVCItemData@CMetpParser@hgx@@@std@@@2@@std@@QAE@XZ 10006320 f i MetpParserD:MetpParser.obj
 0001:00005360       ??0CMetpParser@hgx@@QAE@PBDH0@Z 10006360 f   MetpParserD:MetpParser.obj
 0001:00005460       ??0CMetpParser@hgx@@QAE@PBD00H0G@Z 10006460 f   MetpParserD:MetpParser.obj
 0001:00005520       ??0CMetpParser@hgx@@QAE@AAV01@@Z 10006520 f   MetpParserD:MetpParser.obj
 0001:000055c0       ??4CMetpParser@hgx@@QAEAAV01@AAV01@@Z 100065c0 f   MetpParserD:MetpParser.obj
 0001:00005920       ??1iterator@?$_Tree@V?$_Tmap_traits@V?$basic_string@DU?$char_traits@D@std@@V?$allocator@D@2@@std@@PAVCItemData@CMetpParser@hgx@@U?$less@V?$basic_string@DU?$char_traits@D@std@@V?$allocator@D@2@@std@@@2@V?$allocator@U?$pair@$$CBV?$basic_string@DU?$char_traits@D@std@@V?$allocator@D@2@@std@@PAVCItemData@CMetpParser@hgx@@@std@@@2@$0A@@std@@@std@@QAE@XZ 10006920 f i MetpParserD:MetpParser.obj
 0001:00005960       ??1const_iterator@?$_Tree@V?$_Tmap_traits@V?$basic_string@DU?$char_traits@D@std@@V?$allocator@D@2@@std@@PAVCItemData@CMetpParser@hgx@@U?$less@V?$basic_string@DU?$char_traits@D@std@@V?$allocator@D@2@@std@@@2@V?$allocator@U?$pair@$$CBV?$basic_string@DU?$char_traits@D@std@@V?$allocator@D@2@@std@@PAVCItemData@CMetpParser@hgx@@@std@@@2@$0A@@std@@@std@@QAE@XZ 10006960 f i MetpParserD:MetpParser.obj
 0001:000059a0       ??1?$_Bidit@U?$pair@$$CBV?$basic_string@DU?$char_traits@D@std@@V?$allocator@D@2@@std@@PAVCItemData@CMetpParser@hgx@@@std@@HPBU12@ABU12@@std@@QAE@XZ 100069a0 f i MetpParserD:MetpParser.obj
 0001:000059e0       ??1_Iterator_base@std@@QAE@XZ 100069e0 f i MetpParserD:MetpParser.obj
 0001:00005aa0       ?_Orphan_me@_Iterator_base@std@@QAEXXZ 10006aa0 f i MetpParserD:MetpParser.obj
 0001:00005b50       ??1CMetpParser@hgx@@UAE@XZ 10006b50 f   MetpParserD:MetpParser.obj
 0001:00005be0       ?SetParser@CMetpParser@hgx@@QAEXPBDH0@Z 10006be0 f   MetpParserD:MetpParser.obj
 0001:00005c90       ?Init@CMetpParser@hgx@@IAEX_N@Z 10006c90 f   MetpParserD:MetpParser.obj
 0001:00005ee0       ?SetHeader@CMetpParser@hgx@@IAE_NPBD00H0G@Z 10006ee0 f   MetpParserD:MetpParser.obj
 0001:00006110       ?SetURL@CMetpParser@hgx@@IAE_NPBDH0@Z 10007110 f   MetpParserD:MetpParser.obj
 0001:000067c0       ?ChecknGetRawLength@CMetpParser@hgx@@IAEHPBDH@Z 100077c0 f   MetpParserD:MetpParser.obj
 0001:00006b80       ?IsExistKey@CMetpParser@hgx@@QAE_NPBD@Z 10007b80 f   MetpParserD:MetpParser.obj
 0001:00006cd0       ?AddValue@CMetpParser@hgx@@QAE_NPBDH@Z 10007cd0 f   MetpParserD:MetpParser.obj
 0001:00006e60       ??1?$pair@V?$basic_string@DU?$char_traits@D@std@@V?$allocator@D@2@@std@@PAVCItemData@CMetpParser@hgx@@@std@@QAE@XZ 10007e60 f i MetpParserD:MetpParser.obj
 0001:00006ea0       ?AddValue@CMetpParser@hgx@@QAE_NPBDI@Z 10007ea0 f   MetpParserD:MetpParser.obj
 0001:00007030       ?AddValue@CMetpParser@hgx@@QAE_NPBDK@Z 10008030 f   MetpParserD:MetpParser.obj
 0001:00007080       ?AddValue@CMetpParser@hgx@@QAE_NPBD_J@Z 10008080 f   MetpParserD:MetpParser.obj
 0001:00007210       ?AddValue@CMetpParser@hgx@@QAE_NPBD_K@Z 10008210 f   MetpParserD:MetpParser.obj
 0001:000073a0       ?AddValue@CMetpParser@hgx@@QAE_NPBDG@Z 100083a0 f   MetpParserD:MetpParser.obj
 0001:00007530       ?AddValue@CMetpParser@hgx@@QAE_NPBDN@Z 10008530 f   MetpParserD:MetpParser.obj
 0001:000076d0       ?AddValue@CMetpParser@hgx@@QAE_NPBD0@Z 100086d0 f   MetpParserD:MetpParser.obj
 0001:00007850       ?AddData@CMetpParser@hgx@@QAE_NPAXH@Z 10008850 f   MetpParserD:MetpParser.obj
 0001:00007950       ?GetValue@CMetpParser@hgx@@QAE_NPBDAA_N@Z 10008950 f   MetpParserD:MetpParser.obj
 0001:00007a50       ?GetValue@CMetpParser@hgx@@QAE_NPBDAAH@Z 10008a50 f   MetpParserD:MetpParser.obj
 0001:00007b20       ?GetValue@CMetpParser@hgx@@QAE_NPBDAAI@Z 10008b20 f   MetpParserD:MetpParser.obj
 0001:00007c10       ?GetValue@CMetpParser@hgx@@QAE_NPBDAAK@Z 10008c10 f   MetpParserD:MetpParser.obj
 0001:00007ca0       ?GetValue@CMetpParser@hgx@@QAE_NPBDAA_J@Z 10008ca0 f   MetpParserD:MetpParser.obj
 0001:00007d80       ?GetValue@CMetpParser@hgx@@QAE_NPBDAA_K@Z 10008d80 f   MetpParserD:MetpParser.obj
 0001:00007e60       ?GetValue@CMetpParser@hgx@@QAE_NPBDAAG@Z 10008e60 f   MetpParserD:MetpParser.obj
 0001:00007f30       ?GetValue@CMetpParser@hgx@@QAE_NPBDAAN@Z 10008f30 f   MetpParserD:MetpParser.obj
 0001:00008020       ?GetValue@CMetpParser@hgx@@QAE_NPBDAAPADAAH@Z 10009020 f   MetpParserD:MetpParser.obj
 0001:00008210       ?SetValue@CMetpParser@hgx@@QAE_NPBDH@Z 10009210 f   MetpParserD:MetpParser.obj
 0001:00008440       ?SetValue@CMetpParser@hgx@@QAE_NPBDI@Z 10009440 f   MetpParserD:MetpParser.obj
 0001:00008670       ?SetValue@CMetpParser@hgx@@QAE_NPBDK@Z 10009670 f   MetpParserD:MetpParser.obj
 0001:000086c0       ?SetValue@CMetpParser@hgx@@QAE_NPBD_J@Z 100096c0 f   MetpParserD:MetpParser.obj
 0001:000088f0       ?SetValue@CMetpParser@hgx@@QAE_NPBD_K@Z 100098f0 f   MetpParserD:MetpParser.obj
 0001:00008b20       ?SetValue@CMetpParser@hgx@@QAE_NPBDG@Z 10009b20 f   MetpParserD:MetpParser.obj
 0001:00008d50       ?SetValue@CMetpParser@hgx@@QAE_NPBDN@Z 10009d50 f   MetpParserD:MetpParser.obj
 0001:00008f80       ?SetValue@CMetpParser@hgx@@QAE_NPBD0@Z 10009f80 f   MetpParserD:MetpParser.obj
 0001:00009190       ?SetData@CMetpParser@hgx@@QAE_NPAXH@Z 1000a190 f   MetpParserD:MetpParser.obj
 0001:000091f0       ?GetData@CMetpParser@hgx@@QAE_NAAPAXAAH@Z 1000a1f0 f   MetpParserD:MetpParser.obj
 0001:00009250       ?DelData@CMetpParser@hgx@@QAE_NXZ 1000a250 f   MetpParserD:MetpParser.obj
 0001:000092e0       ?DelKey@CMetpParser@hgx@@QAE_NPBD@Z 1000a2e0 f   MetpParserD:MetpParser.obj
 0001:00009510       ??_GCItemData@CMetpParser@hgx@@QAEPAXI@Z 1000a510 f i MetpParserD:MetpParser.obj
 0001:00009570       ??1CItemData@CMetpParser@hgx@@QAE@XZ 1000a570 f i MetpParserD:MetpParser.obj
 0001:000095e0       ??0iterator@?$_Tree@V?$_Tmap_traits@V?$basic_string@DU?$char_traits@D@std@@V?$allocator@D@2@@std@@PAVCItemData@CMetpParser@hgx@@U?$less@V?$basic_string@DU?$char_traits@D@std@@V?$allocator@D@2@@std@@@2@V?$allocator@U?$pair@$$CBV?$basic_string@DU?$char_traits@D@std@@V?$allocator@D@2@@std@@PAVCItemData@CMetpParser@hgx@@@std@@@2@$0A@@std@@@std@@QAE@ABV012@@Z 1000a5e0 f i MetpParserD:MetpParser.obj
 0001:00009630       ??0const_iterator@?$_Tree@V?$_Tmap_traits@V?$basic_string@DU?$char_traits@D@std@@V?$allocator@D@2@@std@@PAVCItemData@CMetpParser@hgx@@U?$less@V?$basic_string@DU?$char_traits@D@std@@V?$allocator@D@2@@std@@@2@V?$allocator@U?$pair@$$CBV?$basic_string@DU?$char_traits@D@std@@V?$allocator@D@2@@std@@PAVCItemData@CMetpParser@hgx@@@std@@@2@$0A@@std@@@std@@QAE@ABV012@@Z 1000a630 f i MetpParserD:MetpParser.obj
 0001:00009690       ??0?$_Bidit@U?$pair@$$CBV?$basic_string@DU?$char_traits@D@std@@V?$allocator@D@2@@std@@PAVCItemData@CMetpParser@hgx@@@std@@HPBU12@ABU12@@std@@QAE@ABU01@@Z 1000a690 f i MetpParserD:MetpParser.obj
 0001:000096e0       ??0_Iterator_base@std@@QAE@ABV01@@Z 1000a6e0 f i MetpParserD:MetpParser.obj
 0001:00009740       ??4_Iterator_base@std@@QAEAAV01@ABV01@@Z 1000a740 f i MetpParserD:MetpParser.obj
 0001:00009820       ?_Adopt@_Iterator_base@std@@QAEXPBV_Container_base@2@@Z 1000a820 f i MetpParserD:MetpParser.obj
 0001:00009910       ?SetContext@CMetpParser@hgx@@QAEXI@Z 1000a910 f   MetpParserD:MetpParser.obj
 0001:00009950       ?GetContext@CMetpParser@hgx@@QBEIXZ 1000a950 f   MetpParserD:MetpParser.obj
 0001:00009980       ?GetValue@CMetpParser@hgx@@QAE_NPBDAAJ@Z 1000a980 f   MetpParserD:MetpParser.obj
 0001:00009a50       ?GetValue@CMetpParser@hgx@@QAE_NPBDAAPAD@Z 1000aa50 f   MetpParserD:MetpParser.obj
 0001:00009c20       ?GetURL@CMetpParser@hgx@@QAE_NAAPADAAH@Z 1000ac20 f   MetpParserD:MetpParser.obj
 0001:00009cb0       ?GetEncryptURL@CMetpParser@hgx@@QAE_NAAPADAAHPBD_N@Z 1000acb0 f   MetpParserD:MetpParser.obj
 0001:00009db0       ?GetZipURL@CMetpParser@hgx@@QAE_NAAPADAAH@Z 1000adb0 f   MetpParserD:MetpParser.obj
 0001:00009ee0       ?GetTextURL@CMetpParser@hgx@@IAE_NAAPADAAH@Z 1000aee0 f   MetpParserD:MetpParser.obj
 0001:0000a450       ?GetBinaryURL@CMetpParser@hgx@@IAE_NAAPADAAH@Z 1000b450 f   MetpParserD:MetpParser.obj
 0001:0000a820       ?GetHeaderURLLen@CMetpParser@hgx@@IAEHXZ 1000b820 f   MetpParserD:MetpParser.obj
 0001:0000a9a0       ?GetTotalItemLen@CMetpParser@hgx@@IAEHXZ 1000b9a0 f   MetpParserD:MetpParser.obj
 0001:0000ab90       ?UnZipMetp@CMetpParser@hgx@@IAE_NPAPAEPAKPAEK@Z 1000bb90 f   MetpParserD:MetpParser.obj
 0001:0000aed0       ?ZipMetp@CMetpParser@hgx@@IAE_NPAPAEPAKPAEK@Z 1000bed0 f   MetpParserD:MetpParser.obj
 0001:0000b130       ?GetFirstKeyPos@CMetpParser@hgx@@IAEPADPBD@Z 1000c130 f   MetpParserD:MetpParser.obj
 0001:0000b2f0       ?SetItemize@CMetpParser@hgx@@IAE_NXZ 1000c2f0 f   MetpParserD:MetpParser.obj
 0001:0000b6c0       ?Clear@CMetpParser@hgx@@QAEXXZ 1000c6c0 f   MetpParserD:MetpParser.obj
 0001:0000b7a0       ?allocNewItemData@CMetpParser@hgx@@IAEPAVCItemData@12@PBDH@Z 1000c7a0 f   MetpParserD:MetpParser.obj
 0001:0000b8a0       ??0CItemData@CMetpParser@hgx@@QAE@PBDH@Z 1000c8a0 f i MetpParserD:MetpParser.obj
 0001:0000b9a0       ?insertNewKey@CMetpParser@hgx@@IAE_NAAU?$pair@V?$basic_string@DU?$char_traits@D@std@@V?$allocator@D@2@@std@@PAVCItemData@CMetpParser@hgx@@@std@@@Z 1000c9a0 f   MetpParserD:MetpParser.obj
 0001:0000ba90       ??1?$pair@$$CBV?$basic_string@DU?$char_traits@D@std@@V?$allocator@D@2@@std@@PAVCItemData@CMetpParser@hgx@@@std@@QAE@XZ 1000ca90 f i MetpParserD:MetpParser.obj
 0001:0000bad0       ??1?$pair@Viterator@?$_Tree@V?$_Tmap_traits@V?$basic_string@DU?$char_traits@D@std@@V?$allocator@D@2@@std@@PAVCItemData@CMetpParser@hgx@@U?$less@V?$basic_string@DU?$char_traits@D@std@@V?$allocator@D@2@@std@@@2@V?$allocator@U?$pair@$$CBV?$basic_string@DU?$char_traits@D@std@@V?$allocator@D@2@@std@@PAVCItemData@CMetpParser@hgx@@@std@@@2@$0A@@std@@@std@@_N@std@@QAE@XZ 1000cad0 f i MetpParserD:MetpParser.obj
 0001:0000bb10       ?IsConst@CMetpParser@hgx@@UAE_NXZ 1000cb10 f   MetpParserD:MetpParser.obj
 0001:0000bb40       ?ApplyHeader@CMetpParser@hgx@@QAEXPBD0H@Z 1000cb40 f   MetpParserD:MetpParser.obj
 0001:0000bba0       ?c_str@?$basic_string@DU?$char_traits@D@std@@V?$allocator@D@2@@std@@QBEPBDXZ 1000cba0 f i MetpParserD:MetpParser.obj
 0001:0000bbe0       ??0?$map@V?$basic_string@DU?$char_traits@D@std@@V?$allocator@D@2@@std@@PAVCItemData@CMetpParser@hgx@@U?$less@V?$basic_string@DU?$char_traits@D@std@@V?$allocator@D@2@@std@@@2@V?$allocator@U?$pair@$$CBV?$basic_string@DU?$char_traits@D@std@@V?$allocator@D@2@@std@@PAVCItemData@CMetpParser@hgx@@@std@@@2@@std@@QAE@XZ 1000cbe0 f i MetpParserD:MetpParser.obj
 0001:0000bc40       ??1?$_Tree@V?$_Tmap_traits@V?$basic_string@DU?$char_traits@D@std@@V?$allocator@D@2@@std@@PAVCItemData@CMetpParser@hgx@@U?$less@V?$basic_string@DU?$char_traits@D@std@@V?$allocator@D@2@@std@@@2@V?$allocator@U?$pair@$$CBV?$basic_string@DU?$char_traits@D@std@@V?$allocator@D@2@@std@@PAVCItemData@CMetpParser@hgx@@@std@@@2@$0A@@std@@@std@@QAE@XZ 1000cc40 f i MetpParserD:MetpParser.obj
 0001:0000bcc0       ?begin@?$_Tree@V?$_Tmap_traits@V?$basic_string@DU?$char_traits@D@std@@V?$allocator@D@2@@std@@PAVCItemData@CMetpParser@hgx@@U?$less@V?$basic_string@DU?$char_traits@D@std@@V?$allocator@D@2@@std@@@2@V?$allocator@U?$pair@$$CBV?$basic_string@DU?$char_traits@D@std@@V?$allocator@D@2@@std@@PAVCItemData@CMetpParser@hgx@@@std@@@2@$0A@@std@@@std@@QAE?AViterator@12@XZ 1000ccc0 f i MetpParserD:MetpParser.obj
 0001:0000bd30       ?end@?$_Tree@V?$_Tmap_traits@V?$basic_string@DU?$char_traits@D@std@@V?$allocator@D@2@@std@@PAVCItemData@CMetpParser@hgx@@U?$less@V?$basic_string@DU?$char_traits@D@std@@V?$allocator@D@2@@std@@@2@V?$allocator@U?$pair@$$CBV?$basic_string@DU?$char_traits@D@std@@V?$allocator@D@2@@std@@PAVCItemData@CMetpParser@hgx@@@std@@@2@$0A@@std@@@std@@QAE?AViterator@12@XZ 1000cd30 f i MetpParserD:MetpParser.obj
 0001:0000bda0       ?insert@?$_Tree@V?$_Tmap_traits@V?$basic_string@DU?$char_traits@D@std@@V?$allocator@D@2@@std@@PAVCItemData@CMetpParser@hgx@@U?$less@V?$basic_string@DU?$char_traits@D@std@@V?$allocator@D@2@@std@@@2@V?$allocator@U?$pair@$$CBV?$basic_string@DU?$char_traits@D@std@@V?$allocator@D@2@@std@@PAVCItemData@CMetpParser@hgx@@@std@@@2@$0A@@std@@@std@@QAE?AU?$pair@Viterator@?$_Tree@V?$_Tmap_traits@V?$basic_string@DU?$char_traits@D@std@@V?$allocator@D@2@@std@@PAVCItemData@CMetpParser@hgx@@U?$less@V?$basic_string@DU?$char_traits@D@std@@V?$allocator@D@2@@std@@@2@V?$allocator@U?$pair@$$CBV?$basic_string@DU?$char_traits@D@std@@V?$allocator@D@2@@std@@PAVCItemData@CMetpParser@hgx@@@std@@@2@$0A@@std@@@std@@_N@2@ABU?$pair@$$CBV?$basic_string@DU?$char_traits@D@std@@V?$allocator@D@2@@std@@PAVCItemData@CMetpParser@hgx@@@2@@Z 1000cda0 f i MetpParserD:MetpParser.obj
 0001:0000c160       ?erase@?$_Tree@V?$_Tmap_traits@V?$basic_string@DU?$char_traits@D@std@@V?$allocator@D@2@@std@@PAVCItemData@CMetpParser@hgx@@U?$less@V?$basic_string@DU?$char_traits@D@std@@V?$allocator@D@2@@std@@@2@V?$allocator@U?$pair@$$CBV?$basic_string@DU?$char_traits@D@std@@V?$allocator@D@2@@std@@PAVCItemData@CMetpParser@hgx@@@std@@@2@$0A@@std@@@std@@QAE?AViterator@12@V312@@Z 1000d160 f i MetpParserD:MetpParser.obj
 0001:0000c870       ?clear@?$_Tree@V?$_Tmap_traits@V?$basic_string@DU?$char_traits@D@std@@V?$allocator@D@2@@std@@PAVCItemData@CMetpParser@hgx@@U?$less@V?$basic_string@DU?$char_traits@D@std@@V?$allocator@D@2@@std@@@2@V?$allocator@U?$pair@$$CBV?$basic_string@DU?$char_traits@D@std@@V?$allocator@D@2@@std@@PAVCItemData@CMetpParser@hgx@@@std@@@2@$0A@@std@@@std@@QAEXXZ 1000d870 f i MetpParserD:MetpParser.obj
 0001:0000c910       ?find@?$_Tree@V?$_Tmap_traits@V?$basic_string@DU?$char_traits@D@std@@V?$allocator@D@2@@std@@PAVCItemData@CMetpParser@hgx@@U?$less@V?$basic_string@DU?$char_traits@D@std@@V?$allocator@D@2@@std@@@2@V?$allocator@U?$pair@$$CBV?$basic_string@DU?$char_traits@D@std@@V?$allocator@D@2@@std@@PAVCItemData@CMetpParser@hgx@@@std@@@2@$0A@@std@@@std@@QAE?AViterator@12@ABV?$basic_string@DU?$char_traits@D@std@@V?$allocator@D@2@@2@@Z 1000d910 f i MetpParserD:MetpParser.obj
 0001:0000cb10       ??Citerator@?$_Tree@V?$_Tmap_traits@V?$basic_string@DU?$char_traits@D@std@@V?$allocator@D@2@@std@@PAVCItemData@CMetpParser@hgx@@U?$less@V?$basic_string@DU?$char_traits@D@std@@V?$allocator@D@2@@std@@@2@V?$allocator@U?$pair@$$CBV?$basic_string@DU?$char_traits@D@std@@V?$allocator@D@2@@std@@PAVCItemData@CMetpParser@hgx@@@std@@@2@$0A@@std@@@std@@QBEPAU?$pair@$$CBV?$basic_string@DU?$char_traits@D@std@@V?$allocator@D@2@@std@@PAVCItemData@CMetpParser@hgx@@@2@XZ 1000db10 f i MetpParserD:MetpParser.obj
 0001:0000cb50       ??Eiterator@?$_Tree@V?$_Tmap_traits@V?$basic_string@DU?$char_traits@D@std@@V?$allocator@D@2@@std@@PAVCItemData@CMetpParser@hgx@@U?$less@V?$basic_string@DU?$char_traits@D@std@@V?$allocator@D@2@@std@@@2@V?$allocator@U?$pair@$$CBV?$basic_string@DU?$char_traits@D@std@@V?$allocator@D@2@@std@@PAVCItemData@CMetpParser@hgx@@@std@@@2@$0A@@std@@@std@@QAEAAV012@XZ 1000db50 f i MetpParserD:MetpParser.obj
 0001:0000cba0       ??Eiterator@?$_Tree@V?$_Tmap_traits@V?$basic_string@DU?$char_traits@D@std@@V?$allocator@D@2@@std@@PAVCItemData@CMetpParser@hgx@@U?$less@V?$basic_string@DU?$char_traits@D@std@@V?$allocator@D@2@@std@@@2@V?$allocator@U?$pair@$$CBV?$basic_string@DU?$char_traits@D@std@@V?$allocator@D@2@@std@@PAVCItemData@CMetpParser@hgx@@@std@@@2@$0A@@std@@@std@@QAE?AV012@H@Z 1000dba0 f i MetpParserD:MetpParser.obj
 0001:0000cc80       ??9const_iterator@?$_Tree@V?$_Tmap_traits@V?$basic_string@DU?$char_traits@D@std@@V?$allocator@D@2@@std@@PAVCItemData@CMetpParser@hgx@@U?$less@V?$basic_string@DU?$char_traits@D@std@@V?$allocator@D@2@@std@@@2@V?$allocator@U?$pair@$$CBV?$basic_string@DU?$char_traits@D@std@@V?$allocator@D@2@@std@@PAVCItemData@CMetpParser@hgx@@@std@@@2@$0A@@std@@@std@@QBE_NABV012@@Z 1000dc80 f i MetpParserD:MetpParser.obj
 0001:0000ccd0       ??0?$pair@V?$basic_string@DU?$char_traits@D@std@@V?$allocator@D@2@@std@@PAVCItemData@CMetpParser@hgx@@@std@@QAE@ABV?$basic_string@DU?$char_traits@D@std@@V?$allocator@D@2@@1@ABQAVCItemData@CMetpParser@hgx@@@Z 1000dcd0 f i MetpParserD:MetpParser.obj
 0001:0000cd30       ??0?$basic_string@DU?$char_traits@D@std@@V?$allocator@D@2@@std@@QAE@ABV01@@Z 1000dd30 f i MetpParserD:MetpParser.obj
 0001:0000cdd0       ??0?$cNodeDelete@U?$pair@V?$basic_string@DU?$char_traits@D@std@@V?$allocator@D@2@@std@@PAVCItemData@CMetpParser@hgx@@@std@@$00@@QAE@XZ 1000ddd0 f i MetpParserD:MetpParser.obj
 0001:0000ce00       ??1?$_Tree_val@V?$_Tmap_traits@V?$basic_string@DU?$char_traits@D@std@@V?$allocator@D@2@@std@@PAVCItemData@CMetpParser@hgx@@U?$less@V?$basic_string@DU?$char_traits@D@std@@V?$allocator@D@2@@std@@@2@V?$allocator@U?$pair@$$CBV?$basic_string@DU?$char_traits@D@std@@V?$allocator@D@2@@std@@PAVCItemData@CMetpParser@hgx@@@std@@@2@$0A@@std@@@std@@QAE@XZ 1000de00 f i MetpParserD:MetpParser.obj
 0001:0000ce40       ??1?$_Tree_ptr@V?$_Tmap_traits@V?$basic_string@DU?$char_traits@D@std@@V?$allocator@D@2@@std@@PAVCItemData@CMetpParser@hgx@@U?$less@V?$basic_string@DU?$char_traits@D@std@@V?$allocator@D@2@@std@@@2@V?$allocator@U?$pair@$$CBV?$basic_string@DU?$char_traits@D@std@@V?$allocator@D@2@@std@@PAVCItemData@CMetpParser@hgx@@@std@@@2@$0A@@std@@@std@@QAE@XZ 1000de40 f i MetpParserD:MetpParser.obj
 0001:0000ce80       ??1?$_Tree_nod@V?$_Tmap_traits@V?$basic_string@DU?$char_traits@D@std@@V?$allocator@D@2@@std@@PAVCItemData@CMetpParser@hgx@@U?$less@V?$basic_string@DU?$char_traits@D@std@@V?$allocator@D@2@@std@@@2@V?$allocator@U?$pair@$$CBV?$basic_string@DU?$char_traits@D@std@@V?$allocator@D@2@@std@@PAVCItemData@CMetpParser@hgx@@@std@@@2@$0A@@std@@@std@@QAE@XZ 1000de80 f i MetpParserD:MetpParser.obj
 0001:0000cec0       ??1?$_Tmap_traits@V?$basic_string@DU?$char_traits@D@std@@V?$allocator@D@2@@std@@PAVCItemData@CMetpParser@hgx@@U?$less@V?$basic_string@DU?$char_traits@D@std@@V?$allocator@D@2@@std@@@2@V?$allocator@U?$pair@$$CBV?$basic_string@DU?$char_traits@D@std@@V?$allocator@D@2@@std@@PAVCItemData@CMetpParser@hgx@@@std@@@2@$0A@@std@@QAE@XZ 1000dec0 f i MetpParserD:MetpParser.obj
 0001:0000cf00       ??0?$_String_val@DV?$allocator@D@std@@@std@@QAE@ABV01@@Z 1000df00 f i MetpParserD:MetpParser.obj
 0001:0000cf70       ?_Color@?$_Tree@V?$_Tmap_traits@V?$basic_string@DU?$char_traits@D@std@@V?$allocator@D@2@@std@@PAVCItemData@CMetpParser@hgx@@U?$less@V?$basic_string@DU?$char_traits@D@std@@V?$allocator@D@2@@std@@@2@V?$allocator@U?$pair@$$CBV?$basic_string@DU?$char_traits@D@std@@V?$allocator@D@2@@std@@PAVCItemData@CMetpParser@hgx@@@std@@@2@$0A@@std@@@std@@KGAADPAU_Node@?$_Tree_nod@V?$_Tmap_traits@V?$basic_string@DU?$char_traits@D@std@@V?$allocator@D@2@@std@@PAVCItemData@CMetpParser@hgx@@U?$less@V?$basic_string@DU?$char_traits@D@std@@V?$allocator@D@2@@std@@@2@V?$allocator@U?$pair@$$CBV?$basic_string@DU?$char_traits@D@std@@V?$allocator@D@2@@std@@PAVCItemData@CMetpParser@hgx@@@std@@@2@$0A@@std@@@2@@Z 1000df70 f i MetpParserD:MetpParser.obj
 0001:0000cfa0       ?_Isnil@?$_Tree@V?$_Tmap_traits@V?$basic_string@DU?$char_traits@D@std@@V?$allocator@D@2@@std@@PAVCItemData@CMetpParser@hgx@@U?$less@V?$basic_string@DU?$char_traits@D@std@@V?$allocator@D@2@@std@@@2@V?$allocator@U?$pair@$$CBV?$basic_string@DU?$char_traits@D@std@@V?$allocator@D@2@@std@@PAVCItemData@CMetpParser@hgx@@@std@@@2@$0A@@std@@@std@@KGAADPAU_Node@?$_Tree_nod@V?$_Tmap_traits@V?$basic_string@DU?$char_traits@D@std@@V?$allocator@D@2@@std@@PAVCItemData@CMetpParser@hgx@@U?$less@V?$basic_string@DU?$char_traits@D@std@@V?$allocator@D@2@@std@@@2@V?$allocator@U?$pair@$$CBV?$basic_string@DU?$char_traits@D@std@@V?$allocator@D@2@@std@@PAVCItemData@CMetpParser@hgx@@@std@@@2@$0A@@std@@@2@@Z 1000dfa0 f i MetpParserD:MetpParser.obj
 0001:0000cfd0       ?_Key@?$_Tree@V?$_Tmap_traits@V?$basic_string@DU?$char_traits@D@std@@V?$allocator@D@2@@std@@PAVCItemData@CMetpParser@hgx@@U?$less@V?$basic_string@DU?$char_traits@D@std@@V?$allocator@D@2@@std@@@2@V?$allocator@U?$pair@$$CBV?$basic_string@DU?$char_traits@D@std@@V?$allocator@D@2@@std@@PAVCItemData@CMetpParser@hgx@@@std@@@2@$0A@@std@@@std@@KGABV?$basic_string@DU?$char_traits@D@std@@V?$allocator@D@2@@2@PAU_Node@?$_Tree_nod@V?$_Tmap_traits@V?$basic_string@DU?$char_traits@D@std@@V?$allocator@D@2@@std@@PAVCItemData@CMetpParser@hgx@@U?$less@V?$basic_string@DU?$char_traits@D@std@@V?$allocator@D@2@@std@@@2@V?$allocator@U?$pair@$$CBV?$basic_string@DU?$char_traits@D@std@@V?$allocator@D@2@@std@@PAVCItemData@CMetpParser@hgx@@@std@@@2@$0A@@std@@@2@@Z 1000dfd0 f i MetpParserD:MetpParser.obj
 0001:0000d020       ?_Left@?$_Tree@V?$_Tmap_traits@V?$basic_string@DU?$char_traits@D@std@@V?$allocator@D@2@@std@@PAVCItemData@CMetpParser@hgx@@U?$less@V?$basic_string@DU?$char_traits@D@std@@V?$allocator@D@2@@std@@@2@V?$allocator@U?$pair@$$CBV?$basic_string@DU?$char_traits@D@std@@V?$allocator@D@2@@std@@PAVCItemData@CMetpParser@hgx@@@std@@@2@$0A@@std@@@std@@KGAAPAU_Node@?$_Tree_nod@V?$_Tmap_traits@V?$basic_string@DU?$char_traits@D@std@@V?$allocator@D@2@@std@@PAVCItemData@CMetpParser@hgx@@U?$less@V?$basic_string@DU?$char_traits@D@std@@V?$allocator@D@2@@std@@@2@V?$allocator@U?$pair@$$CBV?$basic_string@DU?$char_traits@D@std@@V?$allocator@D@2@@std@@PAVCItemData@CMetpParser@hgx@@@std@@@2@$0A@@std@@@2@PAU342@@Z 1000e020 f i MetpParserD:MetpParser.obj
 0001:0000d050       ?_Parent@?$_Tree@V?$_Tmap_traits@V?$basic_string@DU?$char_traits@D@std@@V?$allocator@D@2@@std@@PAVCItemData@CMetpParser@hgx@@U?$less@V?$basic_string@DU?$char_traits@D@std@@V?$allocator@D@2@@std@@@2@V?$allocator@U?$pair@$$CBV?$basic_string@DU?$char_traits@D@std@@V?$allocator@D@2@@std@@PAVCItemData@CMetpParser@hgx@@@std@@@2@$0A@@std@@@std@@KGAAPAU_Node@?$_Tree_nod@V?$_Tmap_traits@V?$basic_string@DU?$char_traits@D@std@@V?$allocator@D@2@@std@@PAVCItemData@CMetpParser@hgx@@U?$less@V?$basic_string@DU?$char_traits@D@std@@V?$allocator@D@2@@std@@@2@V?$allocator@U?$pair@$$CBV?$basic_string@DU?$char_traits@D@std@@V?$allocator@D@2@@std@@PAVCItemData@CMetpParser@hgx@@@std@@@2@$0A@@std@@@2@PAU342@@Z 1000e050 f i MetpParserD:MetpParser.obj
 0001:0000d080       ?_Right@?$_Tree@V?$_Tmap_traits@V?$basic_string@DU?$char_traits@D@std@@V?$allocator@D@2@@std@@PAVCItemData@CMetpParser@hgx@@U?$less@V?$basic_string@DU?$char_traits@D@std@@V?$allocator@D@2@@std@@@2@V?$allocator@U?$pair@$$CBV?$basic_string@DU?$char_traits@D@std@@V?$allocator@D@2@@std@@PAVCItemData@CMetpParser@hgx@@@std@@@2@$0A@@std@@@std@@KGAAPAU_Node@?$_Tree_nod@V?$_Tmap_traits@V?$basic_string@DU?$char_traits@D@std@@V?$allocator@D@2@@std@@PAVCItemData@CMetpParser@hgx@@U?$less@V?$basic_string@DU?$char_traits@D@std@@V?$allocator@D@2@@std@@@2@V?$allocator@U?$pair@$$CBV?$basic_string@DU?$char_traits@D@std@@V?$allocator@D@2@@std@@PAVCItemData@CMetpParser@hgx@@@std@@@2@$0A@@std@@@2@PAU342@@Z 1000e080 f i MetpParserD:MetpParser.obj
 0001:0000d0b0       ??0?$_Tree@V?$_Tmap_traits@V?$basic_string@DU?$char_traits@D@std@@V?$allocator@D@2@@std@@PAVCItemData@CMetpParser@hgx@@U?$less@V?$basic_string@DU?$char_traits@D@std@@V?$allocator@D@2@@std@@@2@V?$allocator@U?$pair@$$CBV?$basic_string@DU?$char_traits@D@std@@V?$allocator@D@2@@std@@PAVCItemData@CMetpParser@hgx@@@std@@@2@$0A@@std@@@std@@QAE@ABU?$less@V?$basic_string@DU?$char_traits@D@std@@V?$allocator@D@2@@std@@@1@ABV?$allocator@U?$pair@$$CBV?$basic_string@DU?$char_traits@D@std@@V?$allocator@D@2@@std@@PAVCItemData@CMetpParser@hgx@@@std@@@1@@Z 1000e0b0 f i MetpParserD:MetpParser.obj
 0001:0000d150       ?lower_bound@?$_Tree@V?$_Tmap_traits@V?$basic_string@DU?$char_traits@D@std@@V?$allocator@D@2@@std@@PAVCItemData@CMetpParser@hgx@@U?$less@V?$basic_string@DU?$char_traits@D@std@@V?$allocator@D@2@@std@@@2@V?$allocator@U?$pair@$$CBV?$basic_string@DU?$char_traits@D@std@@V?$allocator@D@2@@std@@PAVCItemData@CMetpParser@hgx@@@std@@@2@$0A@@std@@@std@@QAE?AViterator@12@ABV?$basic_string@DU?$char_traits@D@std@@V?$allocator@D@2@@2@@Z 1000e150 f i MetpParserD:MetpParser.obj
 0001:0000d1c0       ?_Erase@?$_Tree@V?$_Tmap_traits@V?$basic_string@DU?$char_traits@D@std@@V?$allocator@D@2@@std@@PAVCItemData@CMetpParser@hgx@@U?$less@V?$basic_string@DU?$char_traits@D@std@@V?$allocator@D@2@@std@@@2@V?$allocator@U?$pair@$$CBV?$basic_string@DU?$char_traits@D@std@@V?$allocator@D@2@@std@@PAVCItemData@CMetpParser@hgx@@@std@@@2@$0A@@std@@@std@@IAEXPAU_Node@?$_Tree_nod@V?$_Tmap_traits@V?$basic_string@DU?$char_traits@D@std@@V?$allocator@D@2@@std@@PAVCItemData@CMetpParser@hgx@@U?$less@V?$basic_string@DU?$char_traits@D@std@@V?$allocator@D@2@@std@@@2@V?$allocator@U?$pair@$$CBV?$basic_string@DU?$char_traits@D@std@@V?$allocator@D@2@@std@@PAVCItemData@CMetpParser@hgx@@@std@@@2@$0A@@std@@@2@@Z 1000e1c0 f i MetpParserD:MetpParser.obj
 0001:0000d260       ?_Insert@?$_Tree@V?$_Tmap_traits@V?$basic_string@DU?$char_traits@D@std@@V?$allocator@D@2@@std@@PAVCItemData@CMetpParser@hgx@@U?$less@V?$basic_string@DU?$char_traits@D@std@@V?$allocator@D@2@@std@@@2@V?$allocator@U?$pair@$$CBV?$basic_string@DU?$char_traits@D@std@@V?$allocator@D@2@@std@@PAVCItemData@CMetpParser@hgx@@@std@@@2@$0A@@std@@@std@@IAE?AViterator@12@_NPAU_Node@?$_Tree_nod@V?$_Tmap_traits@V?$basic_string@DU?$char_traits@D@std@@V?$allocator@D@2@@std@@PAVCItemData@CMetpParser@hgx@@U?$less@V?$basic_string@DU?$char_traits@D@std@@V?$allocator@D@2@@std@@@2@V?$allocator@U?$pair@$$CBV?$basic_string@DU?$char_traits@D@std@@V?$allocator@D@2@@std@@PAVCItemData@CMetpParser@hgx@@@std@@@2@$0A@@std@@@2@ABU?$pair@$$CBV?$basic_string@DU?$char_traits@D@std@@V?$allocator@D@2@@std@@PAVCItemData@CMetpParser@hgx@@@2@@Z 1000e260 f i MetpParserD:MetpParser.obj
 0001:0000d680       ??0length_error@std@@QAE@ABV?$basic_string@DU?$char_traits@D@std@@V?$allocator@D@2@@1@@Z 1000e680 f i MetpParserD:MetpParser.obj
 0001:0000d6e0       ??0logic_error@std@@QAE@ABV?$basic_string@DU?$char_traits@D@std@@V?$allocator@D@2@@1@@Z 1000e6e0 f i MetpParserD:MetpParser.obj
 0001:0000d780       ?what@logic_error@std@@UBEPBDXZ 1000e780 f i MetpParserD:MetpParser.obj
 0001:0000d7d0       ??_Glogic_error@std@@UAEPAXI@Z 1000e7d0 f i MetpParserD:MetpParser.obj
 0001:0000d7d0       ??_Elogic_error@std@@UAEPAXI@Z 1000e7d0 f i MetpParserD:MetpParser.obj
 0001:0000d830       ??1logic_error@std@@UAE@XZ 1000e830 f i MetpParserD:MetpParser.obj
 0001:0000d890       ??1length_error@std@@UAE@XZ 1000e890 f i MetpParserD:MetpParser.obj
 0001:0000d8e0       ??_Elength_error@std@@UAEPAXI@Z 1000e8e0 f i MetpParserD:MetpParser.obj
 0001:0000d8e0       ??_Glength_error@std@@UAEPAXI@Z 1000e8e0 f i MetpParserD:MetpParser.obj
 0001:0000d940       ??0logic_error@std@@QAE@ABV01@@Z 1000e940 f i MetpParserD:MetpParser.obj
 0001:0000d9e0       ?_Lmost@?$_Tree@V?$_Tmap_traits@V?$basic_string@DU?$char_traits@D@std@@V?$allocator@D@2@@std@@PAVCItemData@CMetpParser@hgx@@U?$less@V?$basic_string@DU?$char_traits@D@std@@V?$allocator@D@2@@std@@@2@V?$allocator@U?$pair@$$CBV?$basic_string@DU?$char_traits@D@std@@V?$allocator@D@2@@std@@PAVCItemData@CMetpParser@hgx@@@std@@@2@$0A@@std@@@std@@IBEAAPAU_Node@?$_Tree_nod@V?$_Tmap_traits@V?$basic_string@DU?$char_traits@D@std@@V?$allocator@D@2@@std@@PAVCItemData@CMetpParser@hgx@@U?$less@V?$basic_string@DU?$char_traits@D@std@@V?$allocator@D@2@@std@@@2@V?$allocator@U?$pair@$$CBV?$basic_string@DU?$char_traits@D@std@@V?$allocator@D@2@@std@@PAVCItemData@CMetpParser@hgx@@@std@@@2@$0A@@std@@@2@XZ 1000e9e0 f i MetpParserD:MetpParser.obj
 0001:0000da30       ?_Lrotate@?$_Tree@V?$_Tmap_traits@V?$basic_string@DU?$char_traits@D@std@@V?$allocator@D@2@@std@@PAVCItemData@CMetpParser@hgx@@U?$less@V?$basic_string@DU?$char_traits@D@std@@V?$allocator@D@2@@std@@@2@V?$allocator@U?$pair@$$CBV?$basic_string@DU?$char_traits@D@std@@V?$allocator@D@2@@std@@PAVCItemData@CMetpParser@hgx@@@std@@@2@$0A@@std@@@std@@IAEXPAU_Node@?$_Tree_nod@V?$_Tmap_traits@V?$basic_string@DU?$char_traits@D@std@@V?$allocator@D@2@@std@@PAVCItemData@CMetpParser@hgx@@U?$less@V?$basic_string@DU?$char_traits@D@std@@V?$allocator@D@2@@std@@@2@V?$allocator@U?$pair@$$CBV?$basic_string@DU?$char_traits@D@std@@V?$allocator@D@2@@std@@PAVCItemData@CMetpParser@hgx@@@std@@@2@$0A@@std@@@2@@Z 1000ea30 f i MetpParserD:MetpParser.obj
 0001:0000db60       ?_Max@?$_Tree@V?$_Tmap_traits@V?$basic_string@DU?$char_traits@D@std@@V?$allocator@D@2@@std@@PAVCItemData@CMetpParser@hgx@@U?$less@V?$basic_string@DU?$char_traits@D@std@@V?$allocator@D@2@@std@@@2@V?$allocator@U?$pair@$$CBV?$basic_string@DU?$char_traits@D@std@@V?$allocator@D@2@@std@@PAVCItemData@CMetpParser@hgx@@@std@@@2@$0A@@std@@@std@@KGPAU_Node@?$_Tree_nod@V?$_Tmap_traits@V?$basic_string@DU?$char_traits@D@std@@V?$allocator@D@2@@std@@PAVCItemData@CMetpParser@hgx@@U?$less@V?$basic_string@DU?$char_traits@D@std@@V?$allocator@D@2@@std@@@2@V?$allocator@U?$pair@$$CBV?$basic_string@DU?$char_traits@D@std@@V?$allocator@D@2@@std@@PAVCItemData@CMetpParser@hgx@@@std@@@2@$0A@@std@@@2@PAU342@@Z 1000eb60 f i MetpParserD:MetpParser.obj
 0001:0000dbc0       ?_Min@?$_Tree@V?$_Tmap_traits@V?$basic_string@DU?$char_traits@D@std@@V?$allocator@D@2@@std@@PAVCItemData@CMetpParser@hgx@@U?$less@V?$basic_string@DU?$char_traits@D@std@@V?$allocator@D@2@@std@@@2@V?$allocator@U?$pair@$$CBV?$basic_string@DU?$char_traits@D@std@@V?$allocator@D@2@@std@@PAVCItemData@CMetpParser@hgx@@@std@@@2@$0A@@std@@@std@@KGPAU_Node@?$_Tree_nod@V?$_Tmap_traits@V?$basic_string@DU?$char_traits@D@std@@V?$allocator@D@2@@std@@PAVCItemData@CMetpParser@hgx@@U?$less@V?$basic_string@DU?$char_traits@D@std@@V?$allocator@D@2@@std@@@2@V?$allocator@U?$pair@$$CBV?$basic_string@DU?$char_traits@D@std@@V?$allocator@D@2@@std@@PAVCItemData@CMetpParser@hgx@@@std@@@2@$0A@@std@@@2@PAU342@@Z 1000ebc0 f i MetpParserD:MetpParser.obj
 0001:0000dc20       ?_Rmost@?$_Tree@V?$_Tmap_traits@V?$basic_string@DU?$char_traits@D@std@@V?$allocator@D@2@@std@@PAVCItemData@CMetpParser@hgx@@U?$less@V?$basic_string@DU?$char_traits@D@std@@V?$allocator@D@2@@std@@@2@V?$allocator@U?$pair@$$CBV?$basic_string@DU?$char_traits@D@std@@V?$allocator@D@2@@std@@PAVCItemData@CMetpParser@hgx@@@std@@@2@$0A@@std@@@std@@IBEAAPAU_Node@?$_Tree_nod@V?$_Tmap_traits@V?$basic_string@DU?$char_traits@D@std@@V?$allocator@D@2@@std@@PAVCItemData@CMetpParser@hgx@@U?$less@V?$basic_string@DU?$char_traits@D@std@@V?$allocator@D@2@@std@@@2@V?$allocator@U?$pair@$$CBV?$basic_string@DU?$char_traits@D@std@@V?$allocator@D@2@@std@@PAVCItemData@CMetpParser@hgx@@@std@@@2@$0A@@std@@@2@XZ 1000ec20 f i MetpParserD:MetpParser.obj
 0001:0000dc70       ?_Root@?$_Tree@V?$_Tmap_traits@V?$basic_string@DU?$char_traits@D@std@@V?$allocator@D@2@@std@@PAVCItemData@CMetpParser@hgx@@U?$less@V?$basic_string@DU?$char_traits@D@std@@V?$allocator@D@2@@std@@@2@V?$allocator@U?$pair@$$CBV?$basic_string@DU?$char_traits@D@std@@V?$allocator@D@2@@std@@PAVCItemData@CMetpParser@hgx@@@std@@@2@$0A@@std@@@std@@IBEAAPAU_Node@?$_Tree_nod@V?$_Tmap_traits@V?$basic_string@DU?$char_traits@D@std@@V?$allocator@D@2@@std@@PAVCItemData@CMetpParser@hgx@@U?$less@V?$basic_string@DU?$char_traits@D@std@@V?$allocator@D@2@@std@@@2@V?$allocator@U?$pair@$$CBV?$basic_string@DU?$char_traits@D@std@@V?$allocator@D@2@@std@@PAVCItemData@CMetpParser@hgx@@@std@@@2@$0A@@std@@@2@XZ 1000ec70 f i MetpParserD:MetpParser.obj
 0001:0000dcc0       ?_Rrotate@?$_Tree@V?$_Tmap_traits@V?$basic_string@DU?$char_traits@D@std@@V?$allocator@D@2@@std@@PAVCItemData@CMetpParser@hgx@@U?$less@V?$basic_string@DU?$char_traits@D@std@@V?$allocator@D@2@@std@@@2@V?$allocator@U?$pair@$$CBV?$basic_string@DU?$char_traits@D@std@@V?$allocator@D@2@@std@@PAVCItemData@CMetpParser@hgx@@@std@@@2@$0A@@std@@@std@@IAEXPAU_Node@?$_Tree_nod@V?$_Tmap_traits@V?$basic_string@DU?$char_traits@D@std@@V?$allocator@D@2@@std@@PAVCItemData@CMetpParser@hgx@@U?$less@V?$basic_string@DU?$char_traits@D@std@@V?$allocator@D@2@@std@@@2@V?$allocator@U?$pair@$$CBV?$basic_string@DU?$char_traits@D@std@@V?$allocator@D@2@@std@@PAVCItemData@CMetpParser@hgx@@@std@@@2@$0A@@std@@@2@@Z 1000ecc0 f i MetpParserD:MetpParser.obj
 0001:0000ddf0       ?_Orphan_ptr@?$_Tree@V?$_Tmap_traits@V?$basic_string@DU?$char_traits@D@std@@V?$allocator@D@2@@std@@PAVCItemData@CMetpParser@hgx@@U?$less@V?$basic_string@DU?$char_traits@D@std@@V?$allocator@D@2@@std@@@2@V?$allocator@U?$pair@$$CBV?$basic_string@DU?$char_traits@D@std@@V?$allocator@D@2@@std@@PAVCItemData@CMetpParser@hgx@@@std@@@2@$0A@@std@@@std@@IBEXAAV12@PAU_Node@?$_Tree_nod@V?$_Tmap_traits@V?$basic_string@DU?$char_traits@D@std@@V?$allocator@D@2@@std@@PAVCItemData@CMetpParser@hgx@@U?$less@V?$basic_string@DU?$char_traits@D@std@@V?$allocator@D@2@@std@@@2@V?$allocator@U?$pair@$$CBV?$basic_string@DU?$char_traits@D@std@@V?$allocator@D@2@@std@@PAVCItemData@CMetpParser@hgx@@@std@@@2@$0A@@std@@@2@@Z 1000edf0 f i MetpParserD:MetpParser.obj
 0001:0000dec0       ?_Tidy@?$_Tree@V?$_Tmap_traits@V?$basic_string@DU?$char_traits@D@std@@V?$allocator@D@2@@std@@PAVCItemData@CMetpParser@hgx@@U?$less@V?$basic_string@DU?$char_traits@D@std@@V?$allocator@D@2@@std@@@2@V?$allocator@U?$pair@$$CBV?$basic_string@DU?$char_traits@D@std@@V?$allocator@D@2@@std@@PAVCItemData@CMetpParser@hgx@@@std@@@2@$0A@@std@@@std@@IAEXXZ 1000eec0 f i MetpParserD:MetpParser.obj
 0001:0000e000       ?_Kfn@?$_Tmap_traits@V?$basic_string@DU?$char_traits@D@std@@V?$allocator@D@2@@std@@PAVCItemData@CMetpParser@hgx@@U?$less@V?$basic_string@DU?$char_traits@D@std@@V?$allocator@D@2@@std@@@2@V?$allocator@U?$pair@$$CBV?$basic_string@DU?$char_traits@D@std@@V?$allocator@D@2@@std@@PAVCItemData@CMetpParser@hgx@@@std@@@2@$0A@@std@@SGABV?$basic_string@DU?$char_traits@D@std@@V?$allocator@D@2@@2@ABU?$pair@$$CBV?$basic_string@DU?$char_traits@D@std@@V?$allocator@D@2@@std@@PAVCItemData@CMetpParser@hgx@@@2@@Z 1000f000 f i MetpParserD:MetpParser.obj
 0001:0000e030       ??0?$allocator@U?$pair@$$CBV?$basic_string@DU?$char_traits@D@std@@V?$allocator@D@2@@std@@PAVCItemData@CMetpParser@hgx@@@std@@@std@@QAE@XZ 1000f030 f i MetpParserD:MetpParser.obj
 0001:0000e060       ?deallocate@?$allocator@U_Node@?$_Tree_nod@V?$_Tmap_traits@V?$basic_string@DU?$char_traits@D@std@@V?$allocator@D@2@@std@@PAVCItemData@CMetpParser@hgx@@U?$less@V?$basic_string@DU?$char_traits@D@std@@V?$allocator@D@2@@std@@@2@V?$allocator@U?$pair@$$CBV?$basic_string@DU?$char_traits@D@std@@V?$allocator@D@2@@std@@PAVCItemData@CMetpParser@hgx@@@std@@@2@$0A@@std@@@std@@@std@@QAEXPAU_Node@?$_Tree_nod@V?$_Tmap_traits@V?$basic_string@DU?$char_traits@D@std@@V?$allocator@D@2@@std@@PAVCItemData@CMetpParser@hgx@@U?$less@V?$basic_string@DU?$char_traits@D@std@@V?$allocator@D@2@@std@@@2@V?$allocator@U?$pair@$$CBV?$basic_string@DU?$char_traits@D@std@@V?$allocator@D@2@@std@@PAVCItemData@CMetpParser@hgx@@@std@@@2@$0A@@std@@@2@I@Z 1000f060 f i MetpParserD:MetpParser.obj
 0001:0000e0b0       ?destroy@?$allocator@U_Node@?$_Tree_nod@V?$_Tmap_traits@V?$basic_string@DU?$char_traits@D@std@@V?$allocator@D@2@@std@@PAVCItemData@CMetpParser@hgx@@U?$less@V?$basic_string@DU?$char_traits@D@std@@V?$allocator@D@2@@std@@@2@V?$allocator@U?$pair@$$CBV?$basic_string@DU?$char_traits@D@std@@V?$allocator@D@2@@std@@PAVCItemData@CMetpParser@hgx@@@std@@@2@$0A@@std@@@std@@@std@@QAEXPAU_Node@?$_Tree_nod@V?$_Tmap_traits@V?$basic_string@DU?$char_traits@D@std@@V?$allocator@D@2@@std@@PAVCItemData@CMetpParser@hgx@@U?$less@V?$basic_string@DU?$char_traits@D@std@@V?$allocator@D@2@@std@@@2@V?$allocator@U?$pair@$$CBV?$basic_string@DU?$char_traits@D@std@@V?$allocator@D@2@@std@@PAVCItemData@CMetpParser@hgx@@@std@@@2@$0A@@std@@@2@@Z 1000f0b0 f i MetpParserD:MetpParser.obj
 0001:0000e100       ??0iterator@?$_Tree@V?$_Tmap_traits@V?$basic_string@DU?$char_traits@D@std@@V?$allocator@D@2@@std@@PAVCItemData@CMetpParser@hgx@@U?$less@V?$basic_string@DU?$char_traits@D@std@@V?$allocator@D@2@@std@@@2@V?$allocator@U?$pair@$$CBV?$basic_string@DU?$char_traits@D@std@@V?$allocator@D@2@@std@@PAVCItemData@CMetpParser@hgx@@@std@@@2@$0A@@std@@@std@@QAE@PAU_Node@?$_Tree_nod@V?$_Tmap_traits@V?$basic_string@DU?$char_traits@D@std@@V?$allocator@D@2@@std@@PAVCItemData@CMetpParser@hgx@@U?$less@V?$basic_string@DU?$char_traits@D@std@@V?$allocator@D@2@@std@@@2@V?$allocator@U?$pair@$$CBV?$basic_string@DU?$char_traits@D@std@@V?$allocator@D@2@@std@@PAVCItemData@CMetpParser@hgx@@@std@@@2@$0A@@std@@@2@PBV12@@Z 1000f100 f i MetpParserD:MetpParser.obj
 0001:0000e150       ??Diterator@?$_Tree@V?$_Tmap_traits@V?$basic_string@DU?$char_traits@D@std@@V?$allocator@D@2@@std@@PAVCItemData@CMetpParser@hgx@@U?$less@V?$basic_string@DU?$char_traits@D@std@@V?$allocator@D@2@@std@@@2@V?$allocator@U?$pair@$$CBV?$basic_string@DU?$char_traits@D@std@@V?$allocator@D@2@@std@@PAVCItemData@CMetpParser@hgx@@@std@@@2@$0A@@std@@@std@@QBEAAU?$pair@$$CBV?$basic_string@DU?$char_traits@D@std@@V?$allocator@D@2@@std@@PAVCItemData@CMetpParser@hgx@@@2@XZ 1000f150 f i MetpParserD:MetpParser.obj
 0001:0000e190       ??Fiterator@?$_Tree@V?$_Tmap_traits@V?$basic_string@DU?$char_traits@D@std@@V?$allocator@D@2@@std@@PAVCItemData@CMetpParser@hgx@@U?$less@V?$basic_string@DU?$char_traits@D@std@@V?$allocator@D@2@@std@@@2@V?$allocator@U?$pair@$$CBV?$basic_string@DU?$char_traits@D@std@@V?$allocator@D@2@@std@@PAVCItemData@CMetpParser@hgx@@@std@@@2@$0A@@std@@@std@@QAEAAV012@XZ 1000f190 f i MetpParserD:MetpParser.obj
 0001:0000e1e0       ??Econst_iterator@?$_Tree@V?$_Tmap_traits@V?$basic_string@DU?$char_traits@D@std@@V?$allocator@D@2@@std@@PAVCItemData@CMetpParser@hgx@@U?$less@V?$basic_string@DU?$char_traits@D@std@@V?$allocator@D@2@@std@@@2@V?$allocator@U?$pair@$$CBV?$basic_string@DU?$char_traits@D@std@@V?$allocator@D@2@@std@@PAVCItemData@CMetpParser@hgx@@@std@@@2@$0A@@std@@@std@@QAEAAV012@XZ 1000f1e0 f i MetpParserD:MetpParser.obj
 0001:0000e230       ??8const_iterator@?$_Tree@V?$_Tmap_traits@V?$basic_string@DU?$char_traits@D@std@@V?$allocator@D@2@@std@@PAVCItemData@CMetpParser@hgx@@U?$less@V?$basic_string@DU?$char_traits@D@std@@V?$allocator@D@2@@std@@@2@V?$allocator@U?$pair@$$CBV?$basic_string@DU?$char_traits@D@std@@V?$allocator@D@2@@std@@PAVCItemData@CMetpParser@hgx@@@std@@@2@$0A@@std@@@std@@QBE_NABV012@@Z 1000f230 f i MetpParserD:MetpParser.obj
 0001:0000e2f0       ?_Mynode@const_iterator@?$_Tree@V?$_Tmap_traits@V?$basic_string@DU?$char_traits@D@std@@V?$allocator@D@2@@std@@PAVCItemData@CMetpParser@hgx@@U?$less@V?$basic_string@DU?$char_traits@D@std@@V?$allocator@D@2@@std@@@2@V?$allocator@U?$pair@$$CBV?$basic_string@DU?$char_traits@D@std@@V?$allocator@D@2@@std@@PAVCItemData@CMetpParser@hgx@@@std@@@2@$0A@@std@@@std@@QBEPAU_Node@?$_Tree_nod@V?$_Tmap_traits@V?$basic_string@DU?$char_traits@D@std@@V?$allocator@D@2@@std@@PAVCItemData@CMetpParser@hgx@@U?$less@V?$basic_string@DU?$char_traits@D@std@@V?$allocator@D@2@@std@@@2@V?$allocator@U?$pair@$$CBV?$basic_string@DU?$char_traits@D@std@@V?$allocator@D@2@@std@@PAVCItemData@CMetpParser@hgx@@@std@@@2@$0A@@std@@@3@XZ 1000f2f0 f i MetpParserD:MetpParser.obj
 0001:0000e320       ??0?$pair@Viterator@?$_Tree@V?$_Tmap_traits@V?$basic_string@DU?$char_traits@D@std@@V?$allocator@D@2@@std@@PAVCItemData@CMetpParser@hgx@@U?$less@V?$basic_string@DU?$char_traits@D@std@@V?$allocator@D@2@@std@@@2@V?$allocator@U?$pair@$$CBV?$basic_string@DU?$char_traits@D@std@@V?$allocator@D@2@@std@@PAVCItemData@CMetpParser@hgx@@@std@@@2@$0A@@std@@@std@@_N@std@@QAE@ABViterator@?$_Tree@V?$_Tmap_traits@V?$basic_string@DU?$char_traits@D@std@@V?$allocator@D@2@@std@@PAVCItemData@CMetpParser@hgx@@U?$less@V?$basic_string@DU?$char_traits@D@std@@V?$allocator@D@2@@std@@@2@V?$allocator@U?$pair@$$CBV?$basic_string@DU?$char_traits@D@std@@V?$allocator@D@2@@std@@PAVCItemData@CMetpParser@hgx@@@std@@@2@$0A@@std@@@1@AB_N@Z 1000f320 f i MetpParserD:MetpParser.obj
 0001:0000e380       ??0length_error@std@@QAE@ABV01@@Z 1000f380 f i MetpParserD:MetpParser.obj
 0001:0000e3e0       ?_Myval@?$_Tree@V?$_Tmap_traits@V?$basic_string@DU?$char_traits@D@std@@V?$allocator@D@2@@std@@PAVCItemData@CMetpParser@hgx@@U?$less@V?$basic_string@DU?$char_traits@D@std@@V?$allocator@D@2@@std@@@2@V?$allocator@U?$pair@$$CBV?$basic_string@DU?$char_traits@D@std@@V?$allocator@D@2@@std@@PAVCItemData@CMetpParser@hgx@@@std@@@2@$0A@@std@@@std@@KGAAU?$pair@$$CBV?$basic_string@DU?$char_traits@D@std@@V?$allocator@D@2@@std@@PAVCItemData@CMetpParser@hgx@@@2@PAU_Node@?$_Tree_nod@V?$_Tmap_traits@V?$basic_string@DU?$char_traits@D@std@@V?$allocator@D@2@@std@@PAVCItemData@CMetpParser@hgx@@U?$less@V?$basic_string@DU?$char_traits@D@std@@V?$allocator@D@2@@std@@@2@V?$allocator@U?$pair@$$CBV?$basic_string@DU?$char_traits@D@std@@V?$allocator@D@2@@std@@PAVCItemData@CMetpParser@hgx@@@std@@@2@$0A@@std@@@2@@Z 1000f3e0 f i MetpParserD:MetpParser.obj
 0001:0000e410       ?max_size@?$_Tree@V?$_Tmap_traits@V?$basic_string@DU?$char_traits@D@std@@V?$allocator@D@2@@std@@PAVCItemData@CMetpParser@hgx@@U?$less@V?$basic_string@DU?$char_traits@D@std@@V?$allocator@D@2@@std@@@2@V?$allocator@U?$pair@$$CBV?$basic_string@DU?$char_traits@D@std@@V?$allocator@D@2@@std@@PAVCItemData@CMetpParser@hgx@@@std@@@2@$0A@@std@@@std@@QBEIXZ 1000f410 f i MetpParserD:MetpParser.obj
 0001:0000e460       ?erase@?$_Tree@V?$_Tmap_traits@V?$basic_string@DU?$char_traits@D@std@@V?$allocator@D@2@@std@@PAVCItemData@CMetpParser@hgx@@U?$less@V?$basic_string@DU?$char_traits@D@std@@V?$allocator@D@2@@std@@@2@V?$allocator@U?$pair@$$CBV?$basic_string@DU?$char_traits@D@std@@V?$allocator@D@2@@std@@PAVCItemData@CMetpParser@hgx@@@std@@@2@$0A@@std@@@std@@QAE?AViterator@12@V312@0@Z 1000f460 f i MetpParserD:MetpParser.obj
 0001:0000e6d0       ?_Init@?$_Tree@V?$_Tmap_traits@V?$basic_string@DU?$char_traits@D@std@@V?$allocator@D@2@@std@@PAVCItemData@CMetpParser@hgx@@U?$less@V?$basic_string@DU?$char_traits@D@std@@V?$allocator@D@2@@std@@@2@V?$allocator@U?$pair@$$CBV?$basic_string@DU?$char_traits@D@std@@V?$allocator@D@2@@std@@PAVCItemData@CMetpParser@hgx@@@std@@@2@$0A@@std@@@std@@IAEXXZ 1000f6d0 f i MetpParserD:MetpParser.obj
 0001:0000e760       ?_Lbound@?$_Tree@V?$_Tmap_traits@V?$basic_string@DU?$char_traits@D@std@@V?$allocator@D@2@@std@@PAVCItemData@CMetpParser@hgx@@U?$less@V?$basic_string@DU?$char_traits@D@std@@V?$allocator@D@2@@std@@@2@V?$allocator@U?$pair@$$CBV?$basic_string@DU?$char_traits@D@std@@V?$allocator@D@2@@std@@PAVCItemData@CMetpParser@hgx@@@std@@@2@$0A@@std@@@std@@IBEPAU_Node@?$_Tree_nod@V?$_Tmap_traits@V?$basic_string@DU?$char_traits@D@std@@V?$allocator@D@2@@std@@PAVCItemData@CMetpParser@hgx@@U?$less@V?$basic_string@DU?$char_traits@D@std@@V?$allocator@D@2@@std@@@2@V?$allocator@U?$pair@$$CBV?$basic_string@DU?$char_traits@D@std@@V?$allocator@D@2@@std@@PAVCItemData@CMetpParser@hgx@@@std@@@2@$0A@@std@@@2@ABV?$basic_string@DU?$char_traits@D@std@@V?$allocator@D@2@@2@@Z 1000f760 f i MetpParserD:MetpParser.obj
 0001:0000e820       ?_Buynode@?$_Tree@V?$_Tmap_traits@V?$basic_string@DU?$char_traits@D@std@@V?$allocator@D@2@@std@@PAVCItemData@CMetpParser@hgx@@U?$less@V?$basic_string@DU?$char_traits@D@std@@V?$allocator@D@2@@std@@@2@V?$allocator@U?$pair@$$CBV?$basic_string@DU?$char_traits@D@std@@V?$allocator@D@2@@std@@PAVCItemData@CMetpParser@hgx@@@std@@@2@$0A@@std@@@std@@IAEPAU_Node@?$_Tree_nod@V?$_Tmap_traits@V?$basic_string@DU?$char_traits@D@std@@V?$allocator@D@2@@std@@PAVCItemData@CMetpParser@hgx@@U?$less@V?$basic_string@DU?$char_traits@D@std@@V?$allocator@D@2@@std@@@2@V?$allocator@U?$pair@$$CBV?$basic_string@DU?$char_traits@D@std@@V?$allocator@D@2@@std@@PAVCItemData@CMetpParser@hgx@@@std@@@2@$0A@@std@@@2@PAU342@00ABU?$pair@$$CBV?$basic_string@DU?$char_traits@D@std@@V?$allocator@D@2@@std@@PAVCItemData@CMetpParser@hgx@@@2@D@Z 1000f820 f i MetpParserD:MetpParser.obj
 0001:0000e940       ??2@YAPAXIPAX@Z            1000f940 f i MetpParserD:MetpParser.obj
 0001:0000e970       ??3@YAXPAX0@Z              1000f970 f i MetpParserD:MetpParser.obj
 0001:0000e9a0       ??0?$_Tree_val@V?$_Tmap_traits@V?$basic_string@DU?$char_traits@D@std@@V?$allocator@D@2@@std@@PAVCItemData@CMetpParser@hgx@@U?$less@V?$basic_string@DU?$char_traits@D@std@@V?$allocator@D@2@@std@@@2@V?$allocator@U?$pair@$$CBV?$basic_string@DU?$char_traits@D@std@@V?$allocator@D@2@@std@@PAVCItemData@CMetpParser@hgx@@@std@@@2@$0A@@std@@@std@@IAE@ABU?$less@V?$basic_string@DU?$char_traits@D@std@@V?$allocator@D@2@@std@@@1@V?$allocator@U?$pair@$$CBV?$basic_string@DU?$char_traits@D@std@@V?$allocator@D@2@@std@@PAVCItemData@CMetpParser@hgx@@@std@@@1@@Z 1000f9a0 f i MetpParserD:MetpParser.obj
 0001:0000ea10       ??0?$allocator@U?$pair@$$CBV?$basic_string@DU?$char_traits@D@std@@V?$allocator@D@2@@std@@PAVCItemData@CMetpParser@hgx@@@std@@@std@@QAE@ABV01@@Z 1000fa10 f i MetpParserD:MetpParser.obj
 0001:0000ea40       ?destroy@?$allocator@PAU_Node@?$_Tree_nod@V?$_Tmap_traits@V?$basic_string@DU?$char_traits@D@std@@V?$allocator@D@2@@std@@PAVCItemData@CMetpParser@hgx@@U?$less@V?$basic_string@DU?$char_traits@D@std@@V?$allocator@D@2@@std@@@2@V?$allocator@U?$pair@$$CBV?$basic_string@DU?$char_traits@D@std@@V?$allocator@D@2@@std@@PAVCItemData@CMetpParser@hgx@@@std@@@2@$0A@@std@@@std@@@std@@QAEXPAPAU_Node@?$_Tree_nod@V?$_Tmap_traits@V?$basic_string@DU?$char_traits@D@std@@V?$allocator@D@2@@std@@PAVCItemData@CMetpParser@hgx@@U?$less@V?$basic_string@DU?$char_traits@D@std@@V?$allocator@D@2@@std@@@2@V?$allocator@U?$pair@$$CBV?$basic_string@DU?$char_traits@D@std@@V?$allocator@D@2@@std@@PAVCItemData@CMetpParser@hgx@@@std@@@2@$0A@@std@@@2@@Z 1000fa40 f i MetpParserD:MetpParser.obj
 0001:0000ea90       ??0const_iterator@?$_Tree@V?$_Tmap_traits@V?$basic_string@DU?$char_traits@D@std@@V?$allocator@D@2@@std@@PAVCItemData@CMetpParser@hgx@@U?$less@V?$basic_string@DU?$char_traits@D@std@@V?$allocator@D@2@@std@@@2@V?$allocator@U?$pair@$$CBV?$basic_string@DU?$char_traits@D@std@@V?$allocator@D@2@@std@@PAVCItemData@CMetpParser@hgx@@@std@@@2@$0A@@std@@@std@@QAE@PAU_Node@?$_Tree_nod@V?$_Tmap_traits@V?$basic_string@DU?$char_traits@D@std@@V?$allocator@D@2@@std@@PAVCItemData@CMetpParser@hgx@@U?$less@V?$basic_string@DU?$char_traits@D@std@@V?$allocator@D@2@@std@@@2@V?$allocator@U?$pair@$$CBV?$basic_string@DU?$char_traits@D@std@@V?$allocator@D@2@@std@@PAVCItemData@CMetpParser@hgx@@@std@@@2@$0A@@std@@@2@PBV12@@Z 1000fa90 f i MetpParserD:MetpParser.obj
 0001:0000eb30       ??Dconst_iterator@?$_Tree@V?$_Tmap_traits@V?$basic_string@DU?$char_traits@D@std@@V?$allocator@D@2@@std@@PAVCItemData@CMetpParser@hgx@@U?$less@V?$basic_string@DU?$char_traits@D@std@@V?$allocator@D@2@@std@@@2@V?$allocator@U?$pair@$$CBV?$basic_string@DU?$char_traits@D@std@@V?$allocator@D@2@@std@@PAVCItemData@CMetpParser@hgx@@@std@@@2@$0A@@std@@@std@@QBEABU?$pair@$$CBV?$basic_string@DU?$char_traits@D@std@@V?$allocator@D@2@@std@@PAVCItemData@CMetpParser@hgx@@@2@XZ 1000fb30 f i MetpParserD:MetpParser.obj
 0001:0000ebf0       ??Fconst_iterator@?$_Tree@V?$_Tmap_traits@V?$basic_string@DU?$char_traits@D@std@@V?$allocator@D@2@@std@@PAVCItemData@CMetpParser@hgx@@U?$less@V?$basic_string@DU?$char_traits@D@std@@V?$allocator@D@2@@std@@@2@V?$allocator@U?$pair@$$CBV?$basic_string@DU?$char_traits@D@std@@V?$allocator@D@2@@std@@PAVCItemData@CMetpParser@hgx@@@std@@@2@$0A@@std@@@std@@QAEAAV012@XZ 1000fbf0 f i MetpParserD:MetpParser.obj
 0001:0000ec40       ?_Inc@const_iterator@?$_Tree@V?$_Tmap_traits@V?$basic_string@DU?$char_traits@D@std@@V?$allocator@D@2@@std@@PAVCItemData@CMetpParser@hgx@@U?$less@V?$basic_string@DU?$char_traits@D@std@@V?$allocator@D@2@@std@@@2@V?$allocator@U?$pair@$$CBV?$basic_string@DU?$char_traits@D@std@@V?$allocator@D@2@@std@@PAVCItemData@CMetpParser@hgx@@@std@@@2@$0A@@std@@@std@@QAEXXZ 1000fc40 f i MetpParserD:MetpParser.obj
 0001:0000ed70       ??0?$_Bidit@U?$pair@$$CBV?$basic_string@DU?$char_traits@D@std@@V?$allocator@D@2@@std@@PAVCItemData@CMetpParser@hgx@@@std@@HPBU12@ABU12@@std@@QAE@XZ 1000fd70 f i MetpParserD:MetpParser.obj
 0001:0000edc0       ??0_Iterator_base@std@@QAE@XZ 1000fdc0 f i MetpParserD:MetpParser.obj
 0001:0000ee00       ?_Buynode@?$_Tree@V?$_Tmap_traits@V?$basic_string@DU?$char_traits@D@std@@V?$allocator@D@2@@std@@PAVCItemData@CMetpParser@hgx@@U?$less@V?$basic_string@DU?$char_traits@D@std@@V?$allocator@D@2@@std@@@2@V?$allocator@U?$pair@$$CBV?$basic_string@DU?$char_traits@D@std@@V?$allocator@D@2@@std@@PAVCItemData@CMetpParser@hgx@@@std@@@2@$0A@@std@@@std@@IAEPAU_Node@?$_Tree_nod@V?$_Tmap_traits@V?$basic_string@DU?$char_traits@D@std@@V?$allocator@D@2@@std@@PAVCItemData@CMetpParser@hgx@@U?$less@V?$basic_string@DU?$char_traits@D@std@@V?$allocator@D@2@@std@@@2@V?$allocator@U?$pair@$$CBV?$basic_string@DU?$char_traits@D@std@@V?$allocator@D@2@@std@@PAVCItemData@CMetpParser@hgx@@@std@@@2@$0A@@std@@@2@XZ 1000fe00 f i MetpParserD:MetpParser.obj
 0001:0000efb0       ??0?$_Tree_ptr@V?$_Tmap_traits@V?$basic_string@DU?$char_traits@D@std@@V?$allocator@D@2@@std@@PAVCItemData@CMetpParser@hgx@@U?$less@V?$basic_string@DU?$char_traits@D@std@@V?$allocator@D@2@@std@@@2@V?$allocator@U?$pair@$$CBV?$basic_string@DU?$char_traits@D@std@@V?$allocator@D@2@@std@@PAVCItemData@CMetpParser@hgx@@@std@@@2@$0A@@std@@@std@@QAE@ABU?$less@V?$basic_string@DU?$char_traits@D@std@@V?$allocator@D@2@@std@@@1@V?$allocator@U?$pair@$$CBV?$basic_string@DU?$char_traits@D@std@@V?$allocator@D@2@@std@@PAVCItemData@CMetpParser@hgx@@@std@@@1@@Z 1000ffb0 f i MetpParserD:MetpParser.obj
 0001:0000f020       ?max_size@?$allocator@U?$pair@$$CBV?$basic_string@DU?$char_traits@D@std@@V?$allocator@D@2@@std@@PAVCItemData@CMetpParser@hgx@@@std@@@std@@QBEIXZ 10010020 f i MetpParserD:MetpParser.obj
 0001:0000f080       ?allocate@?$allocator@U_Node@?$_Tree_nod@V?$_Tmap_traits@V?$basic_string@DU?$char_traits@D@std@@V?$allocator@D@2@@std@@PAVCItemData@CMetpParser@hgx@@U?$less@V?$basic_string@DU?$char_traits@D@std@@V?$allocator@D@2@@std@@@2@V?$allocator@U?$pair@$$CBV?$basic_string@DU?$char_traits@D@std@@V?$allocator@D@2@@std@@PAVCItemData@CMetpParser@hgx@@@std@@@2@$0A@@std@@@std@@@std@@QAEPAU_Node@?$_Tree_nod@V?$_Tmap_traits@V?$basic_string@DU?$char_traits@D@std@@V?$allocator@D@2@@std@@PAVCItemData@CMetpParser@hgx@@U?$less@V?$basic_string@DU?$char_traits@D@std@@V?$allocator@D@2@@std@@@2@V?$allocator@U?$pair@$$CBV?$basic_string@DU?$char_traits@D@std@@V?$allocator@D@2@@std@@PAVCItemData@CMetpParser@hgx@@@std@@@2@$0A@@std@@@2@I@Z 10010080 f i MetpParserD:MetpParser.obj
 0001:0000f0d0       ?_Dec@const_iterator@?$_Tree@V?$_Tmap_traits@V?$basic_string@DU?$char_traits@D@std@@V?$allocator@D@2@@std@@PAVCItemData@CMetpParser@hgx@@U?$less@V?$basic_string@DU?$char_traits@D@std@@V?$allocator@D@2@@std@@@2@V?$allocator@U?$pair@$$CBV?$basic_string@DU?$char_traits@D@std@@V?$allocator@D@2@@std@@PAVCItemData@CMetpParser@hgx@@@std@@@2@$0A@@std@@@std@@QAEXXZ 100100d0 f i MetpParserD:MetpParser.obj
 0001:0000f300       ??0_Node@?$_Tree_nod@V?$_Tmap_traits@V?$basic_string@DU?$char_traits@D@std@@V?$allocator@D@2@@std@@PAVCItemData@CMetpParser@hgx@@U?$less@V?$basic_string@DU?$char_traits@D@std@@V?$allocator@D@2@@std@@@2@V?$allocator@U?$pair@$$CBV?$basic_string@DU?$char_traits@D@std@@V?$allocator@D@2@@std@@PAVCItemData@CMetpParser@hgx@@@std@@@2@$0A@@std@@@std@@QAE@PAU012@00ABU?$pair@$$CBV?$basic_string@DU?$char_traits@D@std@@V?$allocator@D@2@@std@@PAVCItemData@CMetpParser@hgx@@@2@D@Z 10010300 f i MetpParserD:MetpParser.obj
 0001:0000f380       ??0?$pair@$$CBV?$basic_string@DU?$char_traits@D@std@@V?$allocator@D@2@@std@@PAVCItemData@CMetpParser@hgx@@@std@@QAE@ABU01@@Z 10010380 f i MetpParserD:MetpParser.obj
 0001:0000f3e0       ??0?$_Tree_nod@V?$_Tmap_traits@V?$basic_string@DU?$char_traits@D@std@@V?$allocator@D@2@@std@@PAVCItemData@CMetpParser@hgx@@U?$less@V?$basic_string@DU?$char_traits@D@std@@V?$allocator@D@2@@std@@@2@V?$allocator@U?$pair@$$CBV?$basic_string@DU?$char_traits@D@std@@V?$allocator@D@2@@std@@PAVCItemData@CMetpParser@hgx@@@std@@@2@$0A@@std@@@std@@IAE@ABU?$less@V?$basic_string@DU?$char_traits@D@std@@V?$allocator@D@2@@std@@@1@V?$allocator@U?$pair@$$CBV?$basic_string@DU?$char_traits@D@std@@V?$allocator@D@2@@std@@PAVCItemData@CMetpParser@hgx@@@std@@@1@@Z 100103e0 f i MetpParserD:MetpParser.obj
 0001:0000f440       ?construct@?$allocator@PAU_Node@?$_Tree_nod@V?$_Tmap_traits@V?$basic_string@DU?$char_traits@D@std@@V?$allocator@D@2@@std@@PAVCItemData@CMetpParser@hgx@@U?$less@V?$basic_string@DU?$char_traits@D@std@@V?$allocator@D@2@@std@@@2@V?$allocator@U?$pair@$$CBV?$basic_string@DU?$char_traits@D@std@@V?$allocator@D@2@@std@@PAVCItemData@CMetpParser@hgx@@@std@@@2@$0A@@std@@@std@@@std@@QAEXPAPAU_Node@?$_Tree_nod@V?$_Tmap_traits@V?$basic_string@DU?$char_traits@D@std@@V?$allocator@D@2@@std@@PAVCItemData@CMetpParser@hgx@@U?$less@V?$basic_string@DU?$char_traits@D@std@@V?$allocator@D@2@@std@@@2@V?$allocator@U?$pair@$$CBV?$basic_string@DU?$char_traits@D@std@@V?$allocator@D@2@@std@@PAVCItemData@CMetpParser@hgx@@@std@@@2@$0A@@std@@@2@ABQAU342@@Z 10010440 f i MetpParserD:MetpParser.obj
 0001:0000f490       ??0?$_Tmap_traits@V?$basic_string@DU?$char_traits@D@std@@V?$allocator@D@2@@std@@PAVCItemData@CMetpParser@hgx@@U?$less@V?$basic_string@DU?$char_traits@D@std@@V?$allocator@D@2@@std@@@2@V?$allocator@U?$pair@$$CBV?$basic_string@DU?$char_traits@D@std@@V?$allocator@D@2@@std@@PAVCItemData@CMetpParser@hgx@@@std@@@2@$0A@@std@@QAE@U?$less@V?$basic_string@DU?$char_traits@D@std@@V?$allocator@D@2@@std@@@1@@Z 10010490 f i MetpParserD:MetpParser.obj
 0001:0000f4e0       ??$for_each@Viterator@?$_Tree@V?$_Tmap_traits@V?$basic_string@DU?$char_traits@D@std@@V?$allocator@D@2@@std@@PAVCItemData@CMetpParser@hgx@@U?$less@V?$basic_string@DU?$char_traits@D@std@@V?$allocator@D@2@@std@@@2@V?$allocator@U?$pair@$$CBV?$basic_string@DU?$char_traits@D@std@@V?$allocator@D@2@@std@@PAVCItemData@CMetpParser@hgx@@@std@@@2@$0A@@std@@@std@@V?$cNodeDelete@U?$pair@V?$basic_string@DU?$char_traits@D@std@@V?$allocator@D@2@@std@@PAVCItemData@CMetpParser@hgx@@@std@@$00@@@std@@YG?AV?$cNodeDelete@U?$pair@V?$basic_string@DU?$char_traits@D@std@@V?$allocator@D@2@@std@@PAVCItemData@CMetpParser@hgx@@@std@@$00@@Viterator@?$_Tree@V?$_Tmap_traits@V?$basic_string@DU?$char_traits@D@std@@V?$allocator@D@2@@std@@PAVCItemData@CMetpParser@hgx@@U?$less@V?$basic_string@DU?$char_traits@D@std@@V?$allocator@D@2@@std@@@2@V?$allocator@U?$pair@$$CBV?$basic_string@DU?$char_traits@D@std@@V?$allocator@D@2@@std@@PAVCItemData@CMetpParser@hgx@@@std@@@2@$0A@@std@@@0@0V1@@Z 100104e0 f i MetpParserD:MetpParser.obj
 0001:0000f6a0       ??$?0V?$basic_string@DU?$char_traits@D@std@@V?$allocator@D@2@@std@@PAVCItemData@CMetpParser@hgx@@@?$pair@$$CBV?$basic_string@DU?$char_traits@D@std@@V?$allocator@D@2@@std@@PAVCItemData@CMetpParser@hgx@@@std@@QAE@ABU?$pair@V?$basic_string@DU?$char_traits@D@std@@V?$allocator@D@2@@std@@PAVCItemData@CMetpParser@hgx@@@1@@Z 100106a0 f i MetpParserD:MetpParser.obj
 0001:0000f700       ??$copy_s@U?$char_traits@D@std@@@_Traits_helper@std@@YGPADPADIPBDI@Z 10010700 f i MetpParserD:MetpParser.obj
 0001:0000f760       ??$_Debug_lt_pred@U?$less@V?$basic_string@DU?$char_traits@D@std@@V?$allocator@D@2@@std@@@std@@V?$basic_string@DU?$char_traits@D@std@@V?$allocator@D@2@@2@V32@@std@@YA_NU?$less@V?$basic_string@DU?$char_traits@D@std@@V?$allocator@D@2@@std@@@0@ABV?$basic_string@DU?$char_traits@D@std@@V?$allocator@D@2@@0@1PB_WI@Z 10010760 f i MetpParserD:MetpParser.obj
 0001:0000f7e0       ??$swap@D@std@@YGXAAD0@Z   100107e0 f i MetpParserD:MetpParser.obj
 0001:0000f830       ??$_Destroy@U_Node@?$_Tree_nod@V?$_Tmap_traits@V?$basic_string@DU?$char_traits@D@std@@V?$allocator@D@2@@std@@PAVCItemData@CMetpParser@hgx@@U?$less@V?$basic_string@DU?$char_traits@D@std@@V?$allocator@D@2@@std@@@2@V?$allocator@U?$pair@$$CBV?$basic_string@DU?$char_traits@D@std@@V?$allocator@D@2@@std@@PAVCItemData@CMetpParser@hgx@@@std@@@2@$0A@@std@@@std@@@std@@YGXPAU_Node@?$_Tree_nod@V?$_Tmap_traits@V?$basic_string@DU?$char_traits@D@std@@V?$allocator@D@2@@std@@PAVCItemData@CMetpParser@hgx@@U?$less@V?$basic_string@DU?$char_traits@D@std@@V?$allocator@D@2@@std@@@2@V?$allocator@U?$pair@$$CBV?$basic_string@DU?$char_traits@D@std@@V?$allocator@D@2@@std@@PAVCItemData@CMetpParser@hgx@@@std@@@2@$0A@@std@@@0@@Z 10010830 f i MetpParserD:MetpParser.obj
 0001:0000f870       ??$move_s@U?$char_traits@D@std@@@_Traits_helper@std@@YGPADPADIPBDI@Z 10010870 f i MetpParserD:MetpParser.obj
 0001:0000f8d0       ??$_Destroy@PAU_Node@?$_Tree_nod@V?$_Tmap_traits@V?$basic_string@DU?$char_traits@D@std@@V?$allocator@D@2@@std@@PAVCItemData@CMetpParser@hgx@@U?$less@V?$basic_string@DU?$char_traits@D@std@@V?$allocator@D@2@@std@@@2@V?$allocator@U?$pair@$$CBV?$basic_string@DU?$char_traits@D@std@@V?$allocator@D@2@@std@@PAVCItemData@CMetpParser@hgx@@@std@@@2@$0A@@std@@@std@@@std@@YGXPAPAU_Node@?$_Tree_nod@V?$_Tmap_traits@V?$basic_string@DU?$char_traits@D@std@@V?$allocator@D@2@@std@@PAVCItemData@CMetpParser@hgx@@U?$less@V?$basic_string@DU?$char_traits@D@std@@V?$allocator@D@2@@std@@@2@V?$allocator@U?$pair@$$CBV?$basic_string@DU?$char_traits@D@std@@V?$allocator@D@2@@std@@PAVCItemData@CMetpParser@hgx@@@std@@@2@$0A@@std@@@0@@Z 100108d0 f i MetpParserD:MetpParser.obj
 0001:0000f900       ??$?0U?$pair@$$CBV?$basic_string@DU?$char_traits@D@std@@V?$allocator@D@2@@std@@PAVCItemData@CMetpParser@hgx@@@std@@@?$allocator@PAU_Node@?$_Tree_nod@V?$_Tmap_traits@V?$basic_string@DU?$char_traits@D@std@@V?$allocator@D@2@@std@@PAVCItemData@CMetpParser@hgx@@U?$less@V?$basic_string@DU?$char_traits@D@std@@V?$allocator@D@2@@std@@@2@V?$allocator@U?$pair@$$CBV?$basic_string@DU?$char_traits@D@std@@V?$allocator@D@2@@std@@PAVCItemData@CMetpParser@hgx@@@std@@@2@$0A@@std@@@std@@@std@@QAE@ABV?$allocator@U?$pair@$$CBV?$basic_string@DU?$char_traits@D@std@@V?$allocator@D@2@@std@@PAVCItemData@CMetpParser@hgx@@@std@@@1@@Z 10010900 f i MetpParserD:MetpParser.obj
 0001:0000f930       ??$_Allocate@U_Node@?$_Tree_nod@V?$_Tmap_traits@V?$basic_string@DU?$char_traits@D@std@@V?$allocator@D@2@@std@@PAVCItemData@CMetpParser@hgx@@U?$less@V?$basic_string@DU?$char_traits@D@std@@V?$allocator@D@2@@std@@@2@V?$allocator@U?$pair@$$CBV?$basic_string@DU?$char_traits@D@std@@V?$allocator@D@2@@std@@PAVCItemData@CMetpParser@hgx@@@std@@@2@$0A@@std@@@std@@@std@@YGPAU_Node@?$_Tree_nod@V?$_Tmap_traits@V?$basic_string@DU?$char_traits@D@std@@V?$allocator@D@2@@std@@PAVCItemData@CMetpParser@hgx@@U?$less@V?$basic_string@DU?$char_traits@D@std@@V?$allocator@D@2@@std@@@2@V?$allocator@U?$pair@$$CBV?$basic_string@DU?$char_traits@D@std@@V?$allocator@D@2@@std@@PAVCItemData@CMetpParser@hgx@@@std@@@2@$0A@@std@@@0@IPAU120@@Z 10010930 f i MetpParserD:MetpParser.obj
 0001:0000f9b0       ??$_Allocate@D@std@@YGPADIPAD@Z 100109b0 f i MetpParserD:MetpParser.obj
 0001:0000fa30       ??$?0U?$pair@$$CBV?$basic_string@DU?$char_traits@D@std@@V?$allocator@D@2@@std@@PAVCItemData@CMetpParser@hgx@@@std@@@?$allocator@U_Node@?$_Tree_nod@V?$_Tmap_traits@V?$basic_string@DU?$char_traits@D@std@@V?$allocator@D@2@@std@@PAVCItemData@CMetpParser@hgx@@U?$less@V?$basic_string@DU?$char_traits@D@std@@V?$allocator@D@2@@std@@@2@V?$allocator@U?$pair@$$CBV?$basic_string@DU?$char_traits@D@std@@V?$allocator@D@2@@std@@PAVCItemData@CMetpParser@hgx@@@std@@@2@$0A@@std@@@std@@@std@@QAE@ABV?$allocator@U?$pair@$$CBV?$basic_string@DU?$char_traits@D@std@@V?$allocator@D@2@@std@@PAVCItemData@CMetpParser@hgx@@@std@@@1@@Z 10010a30 f i MetpParserD:MetpParser.obj
 0001:0000fa60       ??$_Construct@PAU_Node@?$_Tree_nod@V?$_Tmap_traits@V?$basic_string@DU?$char_traits@D@std@@V?$allocator@D@2@@std@@PAVCItemData@CMetpParser@hgx@@U?$less@V?$basic_string@DU?$char_traits@D@std@@V?$allocator@D@2@@std@@@2@V?$allocator@U?$pair@$$CBV?$basic_string@DU?$char_traits@D@std@@V?$allocator@D@2@@std@@PAVCItemData@CMetpParser@hgx@@@std@@@2@$0A@@std@@@std@@PAU123@@std@@YGXPAPAU_Node@?$_Tree_nod@V?$_Tmap_traits@V?$basic_string@DU?$char_traits@D@std@@V?$allocator@D@2@@std@@PAVCItemData@CMetpParser@hgx@@U?$less@V?$basic_string@DU?$char_traits@D@std@@V?$allocator@D@2@@std@@@2@V?$allocator@U?$pair@$$CBV?$basic_string@DU?$char_traits@D@std@@V?$allocator@D@2@@std@@PAVCItemData@CMetpParser@hgx@@@std@@@2@$0A@@std@@@0@ABQAU120@@Z 10010a60 f i MetpParserD:MetpParser.obj
 0001:0000fae0       ??_G_Node@?$_Tree_nod@V?$_Tmap_traits@V?$basic_string@DU?$char_traits@D@std@@V?$allocator@D@2@@std@@PAVCItemData@CMetpParser@hgx@@U?$less@V?$basic_string@DU?$char_traits@D@std@@V?$allocator@D@2@@std@@@2@V?$allocator@U?$pair@$$CBV?$basic_string@DU?$char_traits@D@std@@V?$allocator@D@2@@std@@PAVCItemData@CMetpParser@hgx@@@std@@@2@$0A@@std@@@std@@QAEPAXI@Z 10010ae0 f i MetpParserD:MetpParser.obj
 0001:0000fb40       ??1_Node@?$_Tree_nod@V?$_Tmap_traits@V?$basic_string@DU?$char_traits@D@std@@V?$allocator@D@2@@std@@PAVCItemData@CMetpParser@hgx@@U?$less@V?$basic_string@DU?$char_traits@D@std@@V?$allocator@D@2@@std@@@2@V?$allocator@U?$pair@$$CBV?$basic_string@DU?$char_traits@D@std@@V?$allocator@D@2@@std@@PAVCItemData@CMetpParser@hgx@@@std@@@2@$0A@@std@@@std@@QAE@XZ 10010b40 f i MetpParserD:MetpParser.obj
 0001:0000fb90       ??R?$less@V?$basic_string@DU?$char_traits@D@std@@V?$allocator@D@2@@std@@@std@@QBE_NABV?$basic_string@DU?$char_traits@D@std@@V?$allocator@D@2@@1@0@Z 10010b90 f i MetpParserD:MetpParser.obj
 0001:0000fbe0       ??R?$cNodeDelete@U?$pair@V?$basic_string@DU?$char_traits@D@std@@V?$allocator@D@2@@std@@PAVCItemData@CMetpParser@hgx@@@std@@$00@@QAEXU?$pair@V?$basic_string@DU?$char_traits@D@std@@V?$allocator@D@2@@std@@PAVCItemData@CMetpParser@hgx@@@std@@@Z 10010be0 f i MetpParserD:MetpParser.obj
 0001:0000fcc0       ??0?$pair@V?$basic_string@DU?$char_traits@D@std@@V?$allocator@D@2@@std@@PAVCItemData@CMetpParser@hgx@@@std@@QAE@ABU01@@Z 10010cc0 f i MetpParserD:MetpParser.obj
 0001:0000fd20       ?deleteNode@?$cNodeDelete@U?$pair@V?$basic_string@DU?$char_traits@D@std@@V?$allocator@D@2@@std@@PAVCItemData@CMetpParser@hgx@@@std@@$00@@QAEXU?$pair@V?$basic_string@DU?$char_traits@D@std@@V?$allocator@D@2@@std@@PAVCItemData@CMetpParser@hgx@@@std@@U?$tInt2Type@$00@@@Z 10010d20 f i MetpParserD:MetpParser.obj
 0001:0000fe20       ??$_Debug_range@Viterator@?$_Tree@V?$_Tmap_traits@V?$basic_string@DU?$char_traits@D@std@@V?$allocator@D@2@@std@@PAVCItemData@CMetpParser@hgx@@U?$less@V?$basic_string@DU?$char_traits@D@std@@V?$allocator@D@2@@std@@@2@V?$allocator@U?$pair@$$CBV?$basic_string@DU?$char_traits@D@std@@V?$allocator@D@2@@std@@PAVCItemData@CMetpParser@hgx@@@std@@@2@$0A@@std@@@std@@@std@@YAXViterator@?$_Tree@V?$_Tmap_traits@V?$basic_string@DU?$char_traits@D@std@@V?$allocator@D@2@@std@@PAVCItemData@CMetpParser@hgx@@U?$less@V?$basic_string@DU?$char_traits@D@std@@V?$allocator@D@2@@std@@@2@V?$allocator@U?$pair@$$CBV?$basic_string@DU?$char_traits@D@std@@V?$allocator@D@2@@std@@PAVCItemData@CMetpParser@hgx@@@std@@@2@$0A@@std@@@0@0PB_WI@Z 10010e20 f i MetpParserD:MetpParser.obj
 0001:0000ff10       ??$_Debug_pointer@V?$cNodeDelete@U?$pair@V?$basic_string@DU?$char_traits@D@std@@V?$allocator@D@2@@std@@PAVCItemData@CMetpParser@hgx@@@std@@$00@@@std@@YAXAAV?$cNodeDelete@U?$pair@V?$basic_string@DU?$char_traits@D@std@@V?$allocator@D@2@@std@@PAVCItemData@CMetpParser@hgx@@@std@@$00@@PB_WI@Z 10010f10 f i MetpParserD:MetpParser.obj
 0001:0000ff40       ??$_Checked_base@Viterator@?$_Tree@V?$_Tmap_traits@V?$basic_string@DU?$char_traits@D@std@@V?$allocator@D@2@@std@@PAVCItemData@CMetpParser@hgx@@U?$less@V?$basic_string@DU?$char_traits@D@std@@V?$allocator@D@2@@std@@@2@V?$allocator@U?$pair@$$CBV?$basic_string@DU?$char_traits@D@std@@V?$allocator@D@2@@std@@PAVCItemData@CMetpParser@hgx@@@std@@@2@$0A@@std@@@std@@@std@@YA?AViterator@?$_Tree@V?$_Tmap_traits@V?$basic_string@DU?$char_traits@D@std@@V?$allocator@D@2@@std@@PAVCItemData@CMetpParser@hgx@@U?$less@V?$basic_string@DU?$char_traits@D@std@@V?$allocator@D@2@@std@@@2@V?$allocator@U?$pair@$$CBV?$basic_string@DU?$char_traits@D@std@@V?$allocator@D@2@@std@@PAVCItemData@CMetpParser@hgx@@@std@@@2@$0A@@std@@@0@AAV120@@Z 10010f40 f i MetpParserD:MetpParser.obj
 0001:0000ffe0       ??$?0$$CBV?$basic_string@DU?$char_traits@D@std@@V?$allocator@D@2@@std@@PAVCItemData@CMetpParser@hgx@@@?$pair@V?$basic_string@DU?$char_traits@D@std@@V?$allocator@D@2@@std@@PAVCItemData@CMetpParser@hgx@@@std@@QAE@ABU?$pair@$$CBV?$basic_string@DU?$char_traits@D@std@@V?$allocator@D@2@@std@@PAVCItemData@CMetpParser@hgx@@@1@@Z 10010fe0 f i MetpParserD:MetpParser.obj
 0001:00010040       ??$_Char_traits_cat@U?$char_traits@D@std@@@std@@YG?AU_Secure_char_traits_tag@0@XZ 10011040 f i MetpParserD:MetpParser.obj
 0001:000100a0       ??$copy_s@U?$char_traits@D@std@@@_Traits_helper@std@@YGPADPADIPBDIU_Secure_char_traits_tag@1@@Z 100110a0 f i MetpParserD:MetpParser.obj
 0001:000100f0       ??$move_s@U?$char_traits@D@std@@@_Traits_helper@std@@YGPADPADIPBDIU_Secure_char_traits_tag@1@@Z 100110f0 f i MetpParserD:MetpParser.obj
 0001:00010140       ??$?MDU?$char_traits@D@std@@V?$allocator@D@1@@std@@YA_NABV?$basic_string@DU?$char_traits@D@std@@V?$allocator@D@2@@0@0@Z 10011140 f i MetpParserD:MetpParser.obj
 0001:00010190       ?compare@?$basic_string@DU?$char_traits@D@std@@V?$allocator@D@2@@std@@QBEHABV12@@Z 10011190 f i MetpParserD:MetpParser.obj
 0001:000101f0       ?compare@?$basic_string@DU?$char_traits@D@std@@V?$allocator@D@2@@std@@QBEHIIPBDI@Z 100111f0 f i MetpParserD:MetpParser.obj
 0001:000102f0       ??$_Iter_cat@Viterator@?$_Tree@V?$_Tmap_traits@V?$basic_string@DU?$char_traits@D@std@@V?$allocator@D@2@@std@@PAVCItemData@CMetpParser@hgx@@U?$less@V?$basic_string@DU?$char_traits@D@std@@V?$allocator@D@2@@std@@@2@V?$allocator@U?$pair@$$CBV?$basic_string@DU?$char_traits@D@std@@V?$allocator@D@2@@std@@PAVCItemData@CMetpParser@hgx@@@std@@@2@$0A@@std@@@std@@@std@@YA?AUbidirectional_iterator_tag@0@ABViterator@?$_Tree@V?$_Tmap_traits@V?$basic_string@DU?$char_traits@D@std@@V?$allocator@D@2@@std@@PAVCItemData@CMetpParser@hgx@@U?$less@V?$basic_string@DU?$char_traits@D@std@@V?$allocator@D@2@@std@@@2@V?$allocator@U?$pair@$$CBV?$basic_string@DU?$char_traits@D@std@@V?$allocator@D@2@@std@@PAVCItemData@CMetpParser@hgx@@@std@@@2@$0A@@std@@@0@@Z 100112f0 f i MetpParserD:MetpParser.obj
 0001:00010350       ??$_Debug_range2@Viterator@?$_Tree@V?$_Tmap_traits@V?$basic_string@DU?$char_traits@D@std@@V?$allocator@D@2@@std@@PAVCItemData@CMetpParser@hgx@@U?$less@V?$basic_string@DU?$char_traits@D@std@@V?$allocator@D@2@@std@@@2@V?$allocator@U?$pair@$$CBV?$basic_string@DU?$char_traits@D@std@@V?$allocator@D@2@@std@@PAVCItemData@CMetpParser@hgx@@@std@@@2@$0A@@std@@@std@@@std@@YAXViterator@?$_Tree@V?$_Tmap_traits@V?$basic_string@DU?$char_traits@D@std@@V?$allocator@D@2@@std@@PAVCItemData@CMetpParser@hgx@@U?$less@V?$basic_string@DU?$char_traits@D@std@@V?$allocator@D@2@@std@@@2@V?$allocator@U?$pair@$$CBV?$basic_string@DU?$char_traits@D@std@@V?$allocator@D@2@@std@@PAVCItemData@CMetpParser@hgx@@@std@@@2@$0A@@std@@@0@0PB_WIUinput_iterator_tag@0@@Z 10011350 f i MetpParserD:MetpParser.obj
 0001:000103d0       ??$_Checked_base@Viterator@?$_Tree@V?$_Tmap_traits@V?$basic_string@DU?$char_traits@D@std@@V?$allocator@D@2@@std@@PAVCItemData@CMetpParser@hgx@@U?$less@V?$basic_string@DU?$char_traits@D@std@@V?$allocator@D@2@@std@@@2@V?$allocator@U?$pair@$$CBV?$basic_string@DU?$char_traits@D@std@@V?$allocator@D@2@@std@@PAVCItemData@CMetpParser@hgx@@@std@@@2@$0A@@std@@@std@@@std@@YA?AViterator@?$_Tree@V?$_Tmap_traits@V?$basic_string@DU?$char_traits@D@std@@V?$allocator@D@2@@std@@PAVCItemData@CMetpParser@hgx@@U?$less@V?$basic_string@DU?$char_traits@D@std@@V?$allocator@D@2@@std@@@2@V?$allocator@U?$pair@$$CBV?$basic_string@DU?$char_traits@D@std@@V?$allocator@D@2@@std@@PAVCItemData@CMetpParser@hgx@@@std@@@2@$0A@@std@@@0@AAV120@U_Unchanged_checked_iterator_base_type_tag@0@@Z 100113d0 f i MetpParserD:MetpParser.obj
 0001:00010430       ??0CLibDocZip@@QAE@XZ      10011430 f   MetpParserD:LibDocZip.obj
 0001:00010480       ??_GCLibDocZip@@UAEPAXI@Z  10011480 f i MetpParserD:LibDocZip.obj
 0001:00010480       ??_ECLibDocZip@@UAEPAXI@Z  10011480 f i MetpParserD:LibDocZip.obj
 0001:000104e0       ??1CLibDocZip@@UAE@XZ      100114e0 f   MetpParserD:LibDocZip.obj
 0001:00010560       ?ZipData@CLibDocZip@@QAEHPAPAEPAKPAEK@Z 10011560 f   MetpParserD:LibDocZip.obj
 0001:000106b0       ?UnZipData@CLibDocZip@@QAEHPAPAEPAKPAEK@Z 100116b0 f   MetpParserD:LibDocZip.obj
 0001:00010850       _compress2@20              10011850 f   MetpParserD:compress.obj
 0001:00010900       _compress@16               10011900 f   MetpParserD:compress.obj
 0001:00010920       _compressBound@4           10011920 f   MetpParserD:compress.obj
 0001:00010940       _uncompress@16             10011940 f   MetpParserD:uncompr.obj
 0001:000109f0       _deflateSetDictionary@12   100119f0 f   MetpParserD:deflate.obj
 0001:00010b00       _deflateSetHeader@8        10011b00 f   MetpParserD:deflate.obj
 0001:00010b30       _deflatePrime@12           10011b30 f   MetpParserD:deflate.obj
[...]
 0001:0006c140       __unwindfunclet$??$_Debug_range@Viterator@?$_Tree@V?$_Tmap_traits@V?$basic_string@DU?$char_traits@D@std@@V?$allocator@D@2@@std@@PAVCItemData@CMetpParser@hgx@@U?$less@V?$basic_string@DU?$char_traits@D@std@@V?$allocator@D@2@@std@@@2@V?$allocator@U?$pair@$$CBV?$basic_string@DU?$char_traits@D@std@@V?$allocator@D@2@@std@@PAVCItemData@CMetpParser@hgx@@@std@@@2@$0A@@std@@@std@@@std@@YAXViterator@?$_Tree@V?$_Tmap_traits@V?$basic_string@DU?$char_traits@D@std@@V?$allocator@D@2@@std@@PAVCItemData@CMetpParser@hgx@@U?$less@V?$basic_string@DU?$char_traits@D@std@@V?$allocator@D@2@@std@@@2@V?$allocator@U?$pair@$$CBV?$basic_string@DU?$char_traits@D@std@@V?$allocator@D@2@@std@@PAVCItemData@CMetpParser@hgx@@@std@@@2@$0A@@std@@@0@0PB_WI@Z$2 1006d140 f   MetpParserD:MetpParser.obj
 0001:0006c14b       __ehhandler$??$_Debug_range@Viterator@?$_Tree@V?$_Tmap_traits@V?$basic_string@DU?$char_traits@D@std@@V?$allocator@D@2@@std@@PAVCItemData@CMetpParser@hgx@@U?$less@V?$basic_string@DU?$char_traits@D@std@@V?$allocator@D@2@@std@@@2@V?$allocator@U?$pair@$$CBV?$basic_string@DU?$char_traits@D@std@@V?$allocator@D@2@@std@@PAVCItemData@CMetpParser@hgx@@@std@@@2@$0A@@std@@@std@@@std@@YAXViterator@?$_Tree@V?$_Tmap_traits@V?$basic_string@DU?$char_traits@D@std@@V?$allocator@D@2@@std@@PAVCItemData@CMetpParser@hgx@@U?$less@V?$basic_string@DU?$char_traits@D@std@@V?$allocator@D@2@@std@@@2@V?$allocator@U?$pair@$$CBV?$basic_string@DU?$char_traits@D@std@@V?$allocator@D@2@@std@@PAVCItemData@CMetpParser@hgx@@@std@@@2@$0A@@std@@@0@0PB_WI@Z 1006d14b f   MetpParserD:MetpParser.obj
 0001:0006c170       __unwindfunclet$??$_Debug_range2@Viterator@?$_Tree@V?$_Tmap_traits@V?$basic_string@DU?$char_traits@D@std@@V?$allocator@D@2@@std@@PAVCItemData@CMetpParser@hgx@@U?$less@V?$basic_string@DU?$char_traits@D@std@@V?$allocator@D@2@@std@@@2@V?$allocator@U?$pair@$$CBV?$basic_string@DU?$char_traits@D@std@@V?$allocator@D@2@@std@@PAVCItemData@CMetpParser@hgx@@@std@@@2@$0A@@std@@@std@@@std@@YAXViterator@?$_Tree@V?$_Tmap_traits@V?$basic_string@DU?$char_traits@D@std@@V?$allocator@D@2@@std@@PAVCItemData@CMetpParser@hgx@@U?$less@V?$basic_string@DU?$char_traits@D@std@@V?$allocator@D@2@@std@@@2@V?$allocator@U?$pair@$$CBV?$basic_string@DU?$char_traits@D@std@@V?$allocator@D@2@@std@@PAVCItemData@CMetpParser@hgx@@@std@@@2@$0A@@std@@@0@0PB_WIUinput_iterator_tag@0@@Z$0 1006d170 f   MetpParserD:MetpParser.obj
 0001:0006c178       __ehhandler$??$_Debug_range2@Viterator@?$_Tree@V?$_Tmap_traits@V?$basic_string@DU?$char_traits@D@std@@V?$allocator@D@2@@std@@PAVCItemData@CMetpParser@hgx@@U?$less@V?$basic_string@DU?$char_traits@D@std@@V?$allocator@D@2@@std@@@2@V?$allocator@U?$pair@$$CBV?$basic_string@DU?$char_traits@D@std@@V?$allocator@D@2@@std@@PAVCItemData@CMetpParser@hgx@@@std@@@2@$0A@@std@@@std@@@std@@YAXViterator@?$_Tree@V?$_Tmap_traits@V?$basic_string@DU?$char_traits@D@std@@V?$allocator@D@2@@std@@PAVCItemData@CMetpParser@hgx@@U?$less@V?$basic_string@DU?$char_traits@D@std@@V?$allocator@D@2@@std@@@2@V?$allocator@U?$pair@$$CBV?$basic_string@DU?$char_traits@D@std@@V?$allocator@D@2@@std@@PAVCItemData@CMetpParser@hgx@@@std@@@2@$0A@@std@@@0@0PB_WIUinput_iterator_tag@0@@Z 1006d178 f   MetpParserD:MetpParser.obj
 0001:0006c1a0       __unwindfunclet$?AutoSetVersion@SEHError@@SAXXZ$0 1006d1a0 f   WbersClientLibD:SEHError.obj
 0001:0006c1ab       __ehhandler$?AutoSetVersion@SEHError@@SAXXZ 1006d1ab f   WbersClientLibD:SEHError.obj
 0001:0006c1e0       __unwindfunclet$?MyUnhandledExceptionFilter@@YGJPAU_EXCEPTION_POINTERS@@@Z$0 1006d1e0 f   WbersClientLibD:SEHError.obj
 0001:0006c1e8       __ehhandler$?MyUnhandledExceptionFilter@@YGJPAU_EXCEPTION_POINTERS@@@Z 1006d1e8 f   WbersClientLibD:SEHError.obj
 0001:0006c210       __unwindfunclet$?CheckErrorFile@SEHError@@CAXXZ$0 1006d210 f   WbersClientLibD:SEHError.obj
 0001:0006c21b       __unwindfunclet$?CheckErrorFile@SEHError@@CAXXZ$1 1006d21b f   WbersClientLibD:SEHError.obj
 0001:0006c226       __ehhandler$?CheckErrorFile@SEHError@@CAXXZ 1006d226 f   WbersClientLibD:SEHError.obj
 0001:0006c250       __unwindfunclet$?SendSurvivalReport@SEHError@@SAXABV?$basic_string@DU?$char_traits@D@std@@V?$allocator@D@2@@std@@@Z$0 1006d250 f   WbersClientLibD:SEHError.obj
 0001:0006c258       __unwindfunclet$?SendSurvivalReport@SEHError@@SAXABV?$basic_string@DU?$char_traits@D@std@@V?$allocator@D@2@@std@@@Z$1 1006d258 f   WbersClientLibD:SEHError.obj
 0001:0006c263       __unwindfunclet$?SendSurvivalReport@SEHError@@SAXABV?$basic_string@DU?$char_traits@D@std@@V?$allocator@D@2@@std@@@Z$2 1006d263 f   WbersClientLibD:SEHError.obj
 0001:0006c26e       __unwindfunclet$?SendSurvivalReport@SEHError@@SAXABV?$basic_string@DU?$char_traits@D@std@@V?$allocator@D@2@@std@@@Z$3 1006d26e f   WbersClientLibD:SEHError.obj
 0001:0006c279       __ehhandler$?SendSurvivalReport@SEHError@@SAXABV?$basic_string@DU?$char_traits@D@std@@V?$allocator@D@2@@std@@@Z 1006d279 f   WbersClientLibD:SEHError.obj
 0001:0006c2b0       __unwindfunclet$??0?$basic_string@DU?$char_traits@D@std@@V?$allocator@D@2@@std@@QAE@ABV01@II@Z$0 1006d2b0 f   WbersClientLibD:SEHError.obj
 0001:0006c2b8       __ehhandler$??0?$basic_string@DU?$char_traits@D@std@@V?$allocator@D@2@@std@@QAE@ABV01@II@Z 1006d2b8 f   WbersClientLibD:SEHError.obj
 0001:0006c2e0       __unwindfunclet$?_WebLogTF_free@Wbers@@SGKPAX@Z$4 1006d2e0 f   WbersClientLibD:Wbers.obj
 0001:0006c2eb       __ehhandler$?_WebLogTF_free@Wbers@@SGKPAX@Z 1006d2eb f   WbersClientLibD:Wbers.obj
 0001:0006c320       __unwindfunclet$?weblog_free@Wbers@@SA_NABV?$basic_string@DU?$char_traits@D@std@@V?$allocator@D@2@@std@@P6AXH@Z_N2@Z$0 1006d320 f   WbersClientLibD:Wbers.obj
 0001:0006c32e       __unwindfunclet$?weblog_free@Wbers@@SA_NABV?$basic_string@DU?$char_traits@D@std@@V?$allocator@D@2@@std@@P6AXH@Z_N2@Z$1 1006d32e f   WbersClientLibD:Wbers.obj
 0001:0006c350       __unwindfunclet$?weblog_free@Wbers@@SA_NABV?$basic_string@DU?$char_traits@D@std@@V?$allocator@D@2@@std@@P6AXH@Z_N2@Z$2 1006d350 f   WbersClientLibD:Wbers.obj
 0001:0006c358       __ehhandler$?weblog_free@Wbers@@SA_NABV?$basic_string@DU?$char_traits@D@std@@V?$allocator@D@2@@std@@P6AXH@Z_N2@Z 1006d358 f   WbersClientLibD:Wbers.obj
 0001:0006c380       __unwindfunclet$??0_ThreadContext@@QAE@ABV?$basic_string@DU?$char_traits@D@std@@V?$allocator@D@2@@std@@0P6AXH@Z_N@Z$0 1006d380 f   WbersClientLibD:Wbers.obj
 0001:0006c38e       __unwindfunclet$??0_ThreadContext@@QAE@ABV?$basic_string@DU?$char_traits@D@std@@V?$allocator@D@2@@std@@0P6AXH@Z_N@Z$1 1006d38e f   WbersClientLibD:Wbers.obj
 0001:0006c39c       __ehhandler$??0_ThreadContext@@QAE@ABV?$basic_string@DU?$char_traits@D@std@@V?$allocator@D@2@@std@@0P6AXH@Z_N@Z 1006d39c f   WbersClientLibD:Wbers.obj
 0001:0006c3c0       __unwindfunclet$?weblog@Wbers@@SA_NABV?$basic_string@DU?$char_traits@D@std@@V?$allocator@D@2@@std@@0P6AXH@Z_N@Z$0 1006d3c0 f   WbersClientLibD:Wbers.obj
 0001:0006c3ce       __ehhandler$?weblog@Wbers@@SA_NABV?$basic_string@DU?$char_traits@D@std@@V?$allocator@D@2@@std@@0P6AXH@Z_N@Z 1006d3ce f   WbersClientLibD:Wbers.obj
 0001:0006c400       __unwindfunclet$??0LogBuilder@@QAE@ABV?$basic_string@DU?$char_traits@D@std@@V?$allocator@D@2@@std@@0@Z$0 1006d400 f   WbersClientLibD:LogBuilder.obj
 0001:0006c40b       __ehhandler$??0LogBuilder@@QAE@ABV?$basic_string@DU?$char_traits@D@std@@V?$allocator@D@2@@std@@0@Z 1006d40b f   WbersClientLibD:LogBuilder.obj
 0001:0006c430       __unwindfunclet$?InetPost@@YAKPBD00G@Z$0 1006d430 f   WbersClientLibD:InetPost.obj
 0001:0006c43b       __unwindfunclet$?InetPost@@YAKPBD00G@Z$1 1006d43b f   WbersClientLibD:InetPost.obj
 0001:0006c443       __unwindfunclet$?InetPost@@YAKPBD00G@Z$2 1006d443 f   WbersClientLibD:InetPost.obj
 0001:0006c44b       __unwindfunclet$?InetPost@@YAKPBD00G@Z$3 1006d44b f   WbersClientLibD:InetPost.obj
 0001:0006c456       __unwindfunclet$?InetPost@@YAKPBD00G@Z$4 1006d456 f   WbersClientLibD:InetPost.obj
 0001:0006c461       __unwindfunclet$?InetPost@@YAKPBD00G@Z$5 1006d461 f   WbersClientLibD:InetPost.obj
 0001:0006c46c       __unwindfunclet$?InetPost@@YAKPBD00G@Z$6 1006d46c f   WbersClientLibD:InetPost.obj
 0001:0006c477       __unwindfunclet$?InetPost@@YAKPBD00G@Z$7 1006d477 f   WbersClientLibD:InetPost.obj
 0001:0006c482       __unwindfunclet$?InetPost@@YAKPBD00G@Z$8 1006d482 f   WbersClientLibD:InetPost.obj
 0001:0006c48d       __unwindfunclet$?InetPost@@YAKPBD00G@Z$9 1006d48d f   WbersClientLibD:InetPost.obj
 0001:0006c498       __ehhandler$?InetPost@@YAKPBD00G@Z 1006d498 f   WbersClientLibD:InetPost.obj
 0001:0006c4c0       __unwindfunclet$?GenerateMultipartBoundary@@YA?AV?$basic_string@DU?$char_traits@D@std@@V?$allocator@D@2@@std@@XZ$0 1006d4c0 f   WbersClientLibD:InetPost.obj
 0001:0006c4c8       __unwindfunclet$?GenerateMultipartBoundary@@YA?AV?$basic_string@DU?$char_traits@D@std@@V?$allocator@D@2@@std@@XZ$1 1006d4c8 f   WbersClientLibD:InetPost.obj
 0001:0006c4e7       __ehhandler$?GenerateMultipartBoundary@@YA?AV?$basic_string@DU?$char_traits@D@std@@V?$allocator@D@2@@std@@XZ 1006d4e7 f   WbersClientLibD:InetPost.obj
 0001:0006c510       __unwindfunclet$?GenerateRequestBody@@YA?AV?$basic_string@DU?$char_traits@D@std@@V?$allocator@D@2@@std@@ABV12@0@Z$0 1006d510 f   WbersClientLibD:InetPost.obj
 0001:0006c518       __unwindfunclet$?GenerateRequestBody@@YA?AV?$basic_string@DU?$char_traits@D@std@@V?$allocator@D@2@@std@@ABV12@0@Z$1 1006d518 f   WbersClientLibD:InetPost.obj
 0001:0006c520       __unwindfunclet$?GenerateRequestBody@@YA?AV?$basic_string@DU?$char_traits@D@std@@V?$allocator@D@2@@std@@ABV12@0@Z$2 1006d520 f   WbersClientLibD:InetPost.obj
 0001:0006c52b       __unwindfunclet$?GenerateRequestBody@@YA?AV?$basic_string@DU?$char_traits@D@std@@V?$allocator@D@2@@std@@ABV12@0@Z$3 1006d52b f   WbersClientLibD:InetPost.obj
 0001:0006c536       __unwindfunclet$?GenerateRequestBody@@YA?AV?$basic_string@DU?$char_traits@D@std@@V?$allocator@D@2@@std@@ABV12@0@Z$4 1006d536 f   WbersClientLibD:InetPost.obj
 0001:0006c541       __unwindfunclet$?GenerateRequestBody@@YA?AV?$basic_string@DU?$char_traits@D@std@@V?$allocator@D@2@@std@@ABV12@0@Z$5 1006d541 f   WbersClientLibD:InetPost.obj
 0001:0006c54c       __unwindfunclet$?GenerateRequestBody@@YA?AV?$basic_string@DU?$char_traits@D@std@@V?$allocator@D@2@@std@@ABV12@0@Z$6 1006d54c f   WbersClientLibD:InetPost.obj
 0001:0006c557       __unwindfunclet$?GenerateRequestBody@@YA?AV?$basic_string@DU?$char_traits@D@std@@V?$allocator@D@2@@std@@ABV12@0@Z$7 1006d557 f   WbersClientLibD:InetPost.obj
 0001:0006c562       __unwindfunclet$?GenerateRequestBody@@YA?AV?$basic_string@DU?$char_traits@D@std@@V?$allocator@D@2@@std@@ABV12@0@Z$8 1006d562 f   WbersClientLibD:InetPost.obj
 0001:0006c56d       __unwindfunclet$?GenerateRequestBody@@YA?AV?$basic_string@DU?$char_traits@D@std@@V?$allocator@D@2@@std@@ABV12@0@Z$9 1006d56d f   WbersClientLibD:InetPost.obj
 0001:0006c578       __unwindfunclet$?GenerateRequestBody@@YA?AV?$basic_string@DU?$char_traits@D@std@@V?$allocator@D@2@@std@@ABV12@0@Z$10 1006d578 f   WbersClientLibD:InetPost.obj
 0001:0006c583       __unwindfunclet$?GenerateRequestBody@@YA?AV?$basic_string@DU?$char_traits@D@std@@V?$allocator@D@2@@std@@ABV12@0@Z$11 1006d583 f   WbersClientLibD:InetPost.obj
 0001:0006c5a2       __ehhandler$?GenerateRequestBody@@YA?AV?$basic_string@DU?$char_traits@D@std@@V?$allocator@D@2@@std@@ABV12@0@Z 1006d5a2 f   WbersClientLibD:InetPost.obj
 0001:0006c5d0       __unwindfunclet$?GenerateRequestTail@@YA?AV?$basic_string@DU?$char_traits@D@std@@V?$allocator@D@2@@std@@ABV12@@Z$0 1006d5d0 f   WbersClientLibD:InetPost.obj
 0001:0006c5d8       __unwindfunclet$?GenerateRequestTail@@YA?AV?$basic_string@DU?$char_traits@D@std@@V?$allocator@D@2@@std@@ABV12@@Z$1 1006d5d8 f   WbersClientLibD:InetPost.obj
 0001:0006c5f7       __ehhandler$?GenerateRequestTail@@YA?AV?$basic_string@DU?$char_traits@D@std@@V?$allocator@D@2@@std@@ABV12@@Z 1006d5f7 f   WbersClientLibD:InetPost.obj
 0001:0006c620       __unwindfunclet$??0?$basic_string@DU?$char_traits@D@std@@V?$allocator@D@2@@std@@QAE@ID@Z$0 1006d620 f   WbersClientLibD:InetPost.obj
 0001:0006c628       __ehhandler$??0?$basic_string@DU?$char_traits@D@std@@V?$allocator@D@2@@std@@QAE@ID@Z 1006d628 f   WbersClientLibD:InetPost.obj
 0001:0006c650       __unwindfunclet$??$?HDU?$char_traits@D@std@@V?$allocator@D@1@@std@@YA?AV?$basic_string@DU?$char_traits@D@std@@V?$allocator@D@2@@0@PBDABV10@@Z$0 1006d650 f   WbersClientLibD:InetPost.obj
 0001:0006c65b       __unwindfunclet$??$?HDU?$char_traits@D@std@@V?$allocator@D@1@@std@@YA?AV?$basic_string@DU?$char_traits@D@std@@V?$allocator@D@2@@0@PBDABV10@@Z$1 1006d65b f   WbersClientLibD:InetPost.obj
 0001:0006c67a       __ehhandler$??$?HDU?$char_traits@D@std@@V?$allocator@D@1@@std@@YA?AV?$basic_string@DU?$char_traits@D@std@@V?$allocator@D@2@@0@PBDABV10@@Z 1006d67a f   WbersClientLibD:InetPost.obj
 0001:0006c6a0       __unwindfunclet$??$?HDU?$char_traits@D@std@@V?$allocator@D@1@@std@@YA?AV?$basic_string@DU?$char_traits@D@std@@V?$allocator@D@2@@0@ABV10@PBD@Z$0 1006d6a0 f   WbersClientLibD:InetPost.obj
 0001:0006c6ab       __unwindfunclet$??$?HDU?$char_traits@D@std@@V?$allocator@D@1@@std@@YA?AV?$basic_string@DU?$char_traits@D@std@@V?$allocator@D@2@@0@ABV10@PBD@Z$1 1006d6ab f   WbersClientLibD:InetPost.obj
 0001:0006c6ca       __ehhandler$??$?HDU?$char_traits@D@std@@V?$allocator@D@1@@std@@YA?AV?$basic_string@DU?$char_traits@D@std@@V?$allocator@D@2@@0@ABV10@PBD@Z 1006d6ca f   WbersClientLibD:InetPost.obj
 0001:0006c6f0       __unwindfunclet$??$?HDU?$char_traits@D@std@@V?$allocator@D@1@@std@@YA?AV?$basic_string@DU?$char_traits@D@std@@V?$allocator@D@2@@0@ABV10@0@Z$0 1006d6f0 f   WbersClientLibD:InetPost.obj
 0001:0006c6fb       __unwindfunclet$??$?HDU?$char_traits@D@std@@V?$allocator@D@1@@std@@YA?AV?$basic_string@DU?$char_traits@D@std@@V?$allocator@D@2@@0@ABV10@0@Z$1 1006d6fb f   WbersClientLibD:InetPost.obj
 0001:0006c71a       __ehhandler$??$?HDU?$char_traits@D@std@@V?$allocator@D@1@@std@@YA?AV?$basic_string@DU?$char_traits@D@std@@V?$allocator@D@2@@0@ABV10@0@Z 1006d71a f   WbersClientLibD:InetPost.obj
 0001:0006c740       __unwindfunclet$?strtoxl@@YAKPAUlocaleinfo_struct@@PBDPAPBDHH@Z$0 1006d740 f   LIBCMTD:strtol.obj
 0001:0006c748       __ehhandler$?strtoxl@@YAKPAUlocaleinfo_struct@@PBDPAPBDHH@Z 1006d748 f   LIBCMTD:strtol.obj
 0001:0006c770       __ehhandler$?CallUnexpected@@YAXPBU_s_ESTypeList@@@Z 1006d770 f   LIBCMTD:frame.obj
 0001:0006c790       __unwindfunclet$?getSystemCP@@YAHH@Z$0 1006d790 f   LIBCMTD:mbctype.obj
 0001:0006c798       __ehhandler$?getSystemCP@@YAHH@Z 1006d798 f   LIBCMTD:mbctype.obj
 0001:0006c7c0       __unwindfunclet$?strtoxq@@YA_KPAUlocaleinfo_struct@@PBDPAPBDHH@Z$0 1006d7c0 f   LIBCMTD:strtoq.obj
 0001:0006c7c8       __ehhandler$?strtoxq@@YA_KPAUlocaleinfo_struct@@PBDPAPBDHH@Z 1006d7c8 f   LIBCMTD:strtoq.obj
 0001:0006c7f0       __unwindfunclet$?x_ismbbtype_l@@YAHPAUlocaleinfo_struct@@IHH@Z$0 1006d7f0 f   LIBCMTD:ismbbyte.obj
 0001:0006c7f8       __ehhandler$?x_ismbbtype_l@@YAHPAUlocaleinfo_struct@@IHH@Z 1006d7f8 f   LIBCMTD:ismbbyte.obj
 0001:0006c820       __unwindfunclet$?wcstoxl@@YAKPAUlocaleinfo_struct@@PB_WPAPB_WHH@Z$0 1006d820 f   LIBCMTD:wcstol.obj
 0001:0006c828       __ehhandler$?wcstoxl@@YAKPAUlocaleinfo_struct@@PB_WPAPB_WHH@Z 1006d828 f   LIBCMTD:wcstol.obj
 0001:0006c850       __unwindfunclet$?_Xlen@_String_base@std@@SAXXZ$0 1006d850 f   libcpmtd:string.obj
 0001:0006c858       __ehhandler$?_Xlen@_String_base@std@@SAXXZ 1006d858 f   libcpmtd:string.obj
 0001:0006c880       __unwindfunclet$?_Xran@_String_base@std@@SAXXZ$0 1006d880 f   libcpmtd:string.obj
 0001:0006c888       __ehhandler$?_Xran@_String_base@std@@SAXXZ 1006d888 f   libcpmtd:string.obj
 0001:0006c8b0       __unwindfunclet$?_Xinvarg@_String_base@std@@SAXXZ$0 1006d8b0 f   libcpmtd:string.obj
 0001:0006c8b8       __ehhandler$?_Xinvarg@_String_base@std@@SAXXZ 1006d8b8 f   libcpmtd:string.obj
 0001:0006c8e0       ??__Edefault_se_filename@@YAXXZ 1006d8e0 f   WbersClientLibD:SEHError.obj
 0001:0006c930       ??__E?s_version@SEHError@@0V?$basic_string@DU?$char_traits@D@std@@V?$allocator@D@2@@std@@A@@YAXXZ 1006d930 f   WbersClientLibD:SEHError.obj
 0001:0006c980       ??__E?s_subjectName@SEHError@@0V?$basic_string@DU?$char_traits@D@std@@V?$allocator@D@2@@std@@A@@YAXXZ 1006d980 f   WbersClientLibD:SEHError.obj
 0001:0006c9d0       ??__E?s_dumpFilename@SEHError@@2V?$basic_string@DU?$char_traits@D@std@@V?$allocator@D@2@@std@@A@@YAXXZ 1006d9d0 f   WbersClientLibD:SEHError.obj
 0001:0006ca20       ??__E?s_userid@SEHError@@0V?$basic_string@DU?$char_traits@D@std@@V?$allocator@D@2@@std@@A@@YAXXZ 1006da20 f   WbersClientLibD:SEHError.obj
 0001:0006ca70       ??__E?s_gameid@SEHError@@0V?$basic_string@DU?$char_traits@D@std@@V?$allocator@D@2@@std@@A@@YAXXZ 1006da70 f   WbersClientLibD:SEHError.obj
 0001:0006cac0       ??__E?start_time@Wbers@@2KA@@YAXXZ 1006dac0 f   WbersClientLibD:Wbers.obj
 0001:0006cb10       ??__E?s_serverIp@Wbers@@2V?$basic_string@DU?$char_traits@D@std@@V?$allocator@D@2@@std@@A@@YAXXZ 1006db10 f   WbersClientLibD:Wbers.obj
 0001:0006cb60       ??__E?s_serverFile@Wbers@@2V?$basic_string@DU?$char_traits@D@std@@V?$allocator@D@2@@std@@A@@YAXXZ 1006db60 f   WbersClientLibD:Wbers.obj
 0001:0006cbb0       ??__E?s_projectName@Wbers@@2V?$basic_string@DU?$char_traits@D@std@@V?$allocator@D@2@@std@@A@@YAXXZ 1006dbb0 f   WbersClientLibD:Wbers.obj
 0001:0006cc00       ??__Eg_cs@@YAXXZ           1006dc00 f   WbersClientLibD:Wbers.obj
 0001:0006cc50       ??__Einitlocks@std@@YAXXZ  1006dc50 f   libcpmtd:xlock.obj
 0001:0006cc70       ??__Fdefault_se_filename@@YAXXZ 1006dc70 f   WbersClientLibD:SEHError.obj
 0001:0006ccb0       ??__F?s_version@SEHError@@0V?$basic_string@DU?$char_traits@D@std@@V?$allocator@D@2@@std@@A@@YAXXZ 1006dcb0 f   WbersClientLibD:SEHError.obj
 0001:0006ccf0       ??__F?s_subjectName@SEHError@@0V?$basic_string@DU?$char_traits@D@std@@V?$allocator@D@2@@std@@A@@YAXXZ 1006dcf0 f   WbersClientLibD:SEHError.obj
 0001:0006cd30       ??__F?s_dumpFilename@SEHError@@2V?$basic_string@DU?$char_traits@D@std@@V?$allocator@D@2@@std@@A@@YAXXZ 1006dd30 f   WbersClientLibD:SEHError.obj
 0001:0006cd70       ??__F?s_userid@SEHError@@0V?$basic_string@DU?$char_traits@D@std@@V?$allocator@D@2@@std@@A@@YAXXZ 1006dd70 f   WbersClientLibD:SEHError.obj
 0001:0006cdb0       ??__F?s_gameid@SEHError@@0V?$basic_string@DU?$char_traits@D@std@@V?$allocator@D@2@@std@@A@@YAXXZ 1006ddb0 f   WbersClientLibD:SEHError.obj
 0001:0006cdf0       ??__F?s_serverIp@Wbers@@2V?$basic_string@DU?$char_traits@D@std@@V?$allocator@D@2@@std@@A@@YAXXZ 1006ddf0 f   WbersClientLibD:Wbers.obj
 0001:0006ce30       ??__F?s_serverFile@Wbers@@2V?$basic_string@DU?$char_traits@D@std@@V?$allocator@D@2@@std@@A@@YAXXZ 1006de30 f   WbersClientLibD:Wbers.obj
 0001:0006ce70       ??__F?s_projectName@Wbers@@2V?$basic_string@DU?$char_traits@D@std@@V?$allocator@D@2@@std@@A@@YAXXZ 1006de70 f   WbersClientLibD:Wbers.obj
 0001:0006ceb0       ??__Fg_cs@@YAXXZ           1006deb0 f   WbersClientLibD:Wbers.obj
 0001:0006cef0       ??__Fnomem@?5???2@YAPAXI@Z@YAXXZ 1006def0 f   LIBCMTD:new.obj
 0001:0006cf00       ??__Fnomem@?4???2@YAPAXIABU_DebugHeapTag_t@std@@PADH@Z@YAXXZ 1006df00 f   libcpmtd:xdebug.obj
 0001:0006cf10       ??__Finitlocks@std@@YAXXZ  1006df10 f   libcpmtd:xlock.obj
 0003:00000160       inflate_fast_use_mmx       10086160 f   MetpParserD:inffas32.obj
